ARM Linker, 5.03 [Build 76] [MDK-ARM Lite]

==============================================================================

Section Cross References

    startup_tm4c123.o(STACK) refers (Special) to heapauxi.o(.text) for __use_two_region_memory
    startup_tm4c123.o(HEAP) refers (Special) to heapauxi.o(.text) for __use_two_region_memory
    startup_tm4c123.o(RESET) refers (Special) to heapauxi.o(.text) for __use_two_region_memory
    startup_tm4c123.o(RESET) refers to startup_tm4c123.o(STACK) for __initial_sp
    startup_tm4c123.o(RESET) refers to startup_tm4c123.o(.text) for Reset_Handler
    startup_tm4c123.o(.text) refers (Special) to heapauxi.o(.text) for __use_two_region_memory
    startup_tm4c123.o(.text) refers to __main.o(!!!main) for __main
    startup_tm4c123.o(.text) refers to startup_tm4c123.o(HEAP) for Heap_Mem
    startup_tm4c123.o(.text) refers to startup_tm4c123.o(STACK) for Stack_Mem
    gps.o(.text) refers to uart.o(.text) for Uart7_receive
    gps.o(.text) refers to strtok.o(.text) for strtok
    gps.o(.text) refers to strcpy.o(.text) for strcpy
    gps.o(.text) refers to strcmpv7m.o(.text) for strcmp
    gps.o(.text) refers to atof.o(i.__hardfp_atof) for __hardfp_atof
    gps.o(.text) refers to d2f.o(x$fpl$d2f) for __aeabi_d2f
    gps.o(.text) refers to basic.o(x$fpl$basic) for __aeabi_dneg
    gps.o(.text) refers to ddiv.o(x$fpl$ddiv) for __aeabi_ddiv
    gps.o(.text) refers to f2d.o(x$fpl$f2d) for __aeabi_f2d
    gps.o(.text) refers to dmul.o(x$fpl$dmul) for __aeabi_dmul
    gps.o(.text) refers to sin.o(i.__hardfp_sin) for __hardfp_sin
    gps.o(.text) refers to pow.o(i.__hardfp_pow) for __hardfp_pow
    gps.o(.text) refers to cos.o(i.__hardfp_cos) for __hardfp_cos
    gps.o(.text) refers to daddsub_clz.o(x$fpl$dadd) for __aeabi_dadd
    gps.o(.text) refers to sqrt.o(i.__hardfp_sqrt) for __hardfp_sqrt
    gps.o(.text) refers to atan2.o(i.__hardfp_atan2) for __hardfp_atan2
    gps.o(.text) refers to global_vars.o(.data) for GPS_logname
    gps.o(.text) refers to global_vars.o(.bss) for GPS
    gps.o(.text) refers to global_vars.o(.constdata) for PI
    lcd.o(.text) refers to _printf_percent.o(.ARM.Collect$$_printf_percent$$00000000) for _printf_percent
    lcd.o(.text) refers to _printf_f.o(.ARM.Collect$$_printf_percent$$00000003) for _printf_f
    lcd.o(.text) refers to printf1.o(x$fpl$printf1) for _printf_fp_dec
    lcd.o(.text) refers to systick.o(.text) for SysTick_Wait1us
    lcd.o(.text) refers to f2d.o(x$fpl$f2d) for __aeabi_f2d
    lcd.o(.text) refers to noretval__2sprintf.o(.text) for __2sprintf
    main.o(.text) refers to uart.o(.text) for UART7_INIT
    main.o(.text) refers to gpio.o(.text) for GPIO_initPORTF
    main.o(.text) refers to systick.o(.text) for SysTick_Init
    main.o(.text) refers to lcd.o(.text) for LCD_init
    main.o(.text) refers to gps.o(.text) for GPS_read
    main.o(.text) refers to f2d.o(x$fpl$f2d) for __aeabi_f2d
    main.o(.text) refers to drleqf.o(x$fpl$drleqf) for __aeabi_cdrcmple
    main.o(.text) refers to global_vars.o(.data) for currentLong
    __2sprintf.o(.text) refers to _printf_char_common.o(.text) for _printf_char_common
    __2sprintf.o(.text) refers to _sputc.o(.text) for _sputc
    noretval__2sprintf.o(.text) refers to _printf_char_common.o(.text) for _printf_char_common
    noretval__2sprintf.o(.text) refers to _sputc.o(.text) for _sputc
    __printf.o(.text) refers to _printf_percent.o(.ARM.Collect$$_printf_percent$$00000000) for _printf_percent
    __printf_flags.o(.text) refers to _printf_percent.o(.ARM.Collect$$_printf_percent$$00000000) for _printf_percent
    __printf_flags.o(.text) refers to __printf_flags.o(.constdata) for .constdata
    __printf_ss.o(.text) refers to _printf_percent.o(.ARM.Collect$$_printf_percent$$00000000) for _printf_percent
    __printf_flags_ss.o(.text) refers to _printf_percent.o(.ARM.Collect$$_printf_percent$$00000000) for _printf_percent
    __printf_flags_ss.o(.text) refers to __printf_flags_ss.o(.constdata) for .constdata
    __printf_wp.o(.text) refers to __printf_wp.o(i._is_digit) for _is_digit
    __printf_wp.o(.text) refers to _printf_percent.o(.ARM.Collect$$_printf_percent$$00000000) for _printf_percent
    __printf_flags_wp.o(.text) refers to __printf_wp.o(i._is_digit) for _is_digit
    __printf_flags_wp.o(.text) refers to _printf_percent.o(.ARM.Collect$$_printf_percent$$00000000) for _printf_percent
    __printf_flags_wp.o(.text) refers to __printf_flags_wp.o(.constdata) for .constdata
    __printf_ss_wp.o(.text) refers to __printf_wp.o(i._is_digit) for _is_digit
    __printf_ss_wp.o(.text) refers to _printf_percent.o(.ARM.Collect$$_printf_percent$$00000000) for _printf_percent
    __printf_flags_ss_wp.o(.text) refers to __printf_wp.o(i._is_digit) for _is_digit
    __printf_flags_ss_wp.o(.text) refers to _printf_percent.o(.ARM.Collect$$_printf_percent$$00000000) for _printf_percent
[...]
    ../fplib/scanf2.s                        0x00000000   Number         0  scanf2.o ABSOLUTE
    ../fplib/scanf2a.s                       0x00000000   Number         0  scanf2a.o ABSOLUTE
    ../fplib/scanf2b.s                       0x00000000   Number         0  scanf2b.o ABSOLUTE
    ../fplib/trapv.s                         0x00000000   Number         0  trapv.o ABSOLUTE
    ../fplib/usenofp.s                       0x00000000   Number         0  usenofp.o ABSOLUTE
    ../mathlib/atan.c                        0x00000000   Number         0  atan.o ABSOLUTE
    ../mathlib/atan.c                        0x00000000   Number         0  atan_x.o ABSOLUTE
    ../mathlib/atan2.c                       0x00000000   Number         0  atan2_x.o ABSOLUTE
    ../mathlib/atan2.c                       0x00000000   Number         0  atan2.o ABSOLUTE
    ../mathlib/atof.c                        0x00000000   Number         0  atof.o ABSOLUTE
    ../mathlib/cos.c                         0x00000000   Number         0  cos_x.o ABSOLUTE
    ../mathlib/cos.c                         0x00000000   Number         0  cos.o ABSOLUTE
    ../mathlib/cos_i.c                       0x00000000   Number         0  cos_i.o ABSOLUTE
    ../mathlib/dunder.c                      0x00000000   Number         0  dunder.o ABSOLUTE
    ../mathlib/fabs.c                        0x00000000   Number         0  fabs.o ABSOLUTE
    ../mathlib/fpclassify.c                  0x00000000   Number         0  fpclassify.o ABSOLUTE
    ../mathlib/frexp.c                       0x00000000   Number         0  frexp.o ABSOLUTE
    ../mathlib/ldexp.c                       0x00000000   Number         0  ldexp.o ABSOLUTE
    ../mathlib/ldexp.c                       0x00000000   Number         0  ldexp_x.o ABSOLUTE
    ../mathlib/narrow.c                      0x00000000   Number         0  narrow.o ABSOLUTE
    ../mathlib/poly.c                        0x00000000   Number         0  poly.o ABSOLUTE
    ../mathlib/pow.c                         0x00000000   Number         0  pow.o ABSOLUTE
    ../mathlib/pow.c                         0x00000000   Number         0  pow_x.o ABSOLUTE
    ../mathlib/qnan.c                        0x00000000   Number         0  qnan.o ABSOLUTE
    ../mathlib/rred.c                        0x00000000   Number         0  rred.o ABSOLUTE
    ../mathlib/sin.c                         0x00000000   Number         0  sin_x.o ABSOLUTE
    ../mathlib/sin.c                         0x00000000   Number         0  sin.o ABSOLUTE
    ../mathlib/sin_i.c                       0x00000000   Number         0  sin_i.o ABSOLUTE
    ../mathlib/sin_i.c                       0x00000000   Number         0  sin_i_x.o ABSOLUTE
    ../mathlib/sqrt.c                        0x00000000   Number         0  sqrt_x.o ABSOLUTE
    ../mathlib/sqrt.c                        0x00000000   Number         0  sqrt.o ABSOLUTE
    GPIO.c                                   0x00000000   Number         0  gpio.o ABSOLUTE
    GPS.c                                    0x00000000   Number         0  gps.o ABSOLUTE
    Global_vars.c                            0x00000000   Number         0  global_vars.o ABSOLUTE
    LCD.c                                    0x00000000   Number         0  lcd.o ABSOLUTE
    UART.c                                   0x00000000   Number         0  uart.o ABSOLUTE
    dc.s                                     0x00000000   Number         0  dc.o ABSOLUTE
    main.c                                   0x00000000   Number         0  main.o ABSOLUTE
    startup_TM4C123.s                        0x00000000   Number         0  startup_tm4c123.o ABSOLUTE
    systick.c                                0x00000000   Number         0  systick.o ABSOLUTE
    !!!main                                  0x0000026c   Section        8  __main.o(!!!main)
    !!!scatter                               0x00000274   Section       52  __scatter.o(!!!scatter)
    !!handler_copy                           0x000002a8   Section       26  __scatter_copy.o(!!handler_copy)
    !!handler_zi                             0x000002c4   Section       28  __scatter_zi.o(!!handler_zi)
    .ARM.Collect$$_printf_percent$$00000000  0x000002e0   Section        0  _printf_percent.o(.ARM.Collect$$_printf_percent$$00000000)
    .ARM.Collect$$_printf_percent$$00000003  0x000002e0   Section        6  _printf_f.o(.ARM.Collect$$_printf_percent$$00000003)
    .ARM.Collect$$_printf_percent$$00000017  0x000002e6   Section        4  _printf_percent_end.o(.ARM.Collect$$_printf_percent$$00000017)
    .ARM.Collect$$libinit$$00000000          0x000002ea   Section        2  libinit.o(.ARM.Collect$$libinit$$00000000)
    .ARM.Collect$$libinit$$00000001          0x000002ec   Section        4  libinit2.o(.ARM.Collect$$libinit$$00000001)
    .ARM.Collect$$libinit$$00000008          0x000002f0   Section        0  libinit2.o(.ARM.Collect$$libinit$$00000008)
    .ARM.Collect$$libinit$$0000000A          0x000002f0   Section        0  libinit2.o(.ARM.Collect$$libinit$$0000000A)
    .ARM.Collect$$libinit$$0000000C          0x000002f0   Section        0  libinit2.o(.ARM.Collect$$libinit$$0000000C)
    .ARM.Collect$$libinit$$0000000D          0x000002f0   Section        6  libinit2.o(.ARM.Collect$$libinit$$0000000D)
    .ARM.Collect$$libinit$$0000000F          0x000002f6   Section        0  libinit2.o(.ARM.Collect$$libinit$$0000000F)
    .ARM.Collect$$libinit$$00000010          0x000002f6   Section       12  libinit2.o(.ARM.Collect$$libinit$$00000010)
    .ARM.Collect$$libinit$$00000011          0x00000302   Section        0  libinit2.o(.ARM.Collect$$libinit$$00000011)
    .ARM.Collect$$libinit$$00000013          0x00000302   Section        0  libinit2.o(.ARM.Collect$$libinit$$00000013)
    .ARM.Collect$$libinit$$00000014          0x00000302   Section       10  libinit2.o(.ARM.Collect$$libinit$$00000014)
    .ARM.Collect$$libinit$$00000015          0x0000030c   Section        0  libinit2.o(.ARM.Collect$$libinit$$00000015)
    .ARM.Collect$$libinit$$00000017          0x0000030c   Section        0  libinit2.o(.ARM.Collect$$libinit$$00000017)
    .ARM.Collect$$libinit$$00000019          0x0000030c   Section        0  libinit2.o(.ARM.Collect$$libinit$$00000019)
    .ARM.Collect$$libinit$$0000001B          0x0000030c   Section        0  libinit2.o(.ARM.Collect$$libinit$$0000001B)
    .ARM.Collect$$libinit$$0000001D          0x0000030c   Section        0  libinit2.o(.ARM.Collect$$libinit$$0000001D)
    .ARM.Collect$$libinit$$0000001F          0x0000030c   Section        0  libinit2.o(.ARM.Collect$$libinit$$0000001F)
    .ARM.Collect$$libinit$$00000021          0x0000030c   Section        0  libinit2.o(.ARM.Collect$$libinit$$00000021)
    .ARM.Collect$$libinit$$00000023          0x0000030c   Section        0  libinit2.o(.ARM.Collect$$libinit$$00000023)
    .ARM.Collect$$libinit$$0000002A          0x0000030c   Section        0  libinit2.o(.ARM.Collect$$libinit$$0000002A)
    .ARM.Collect$$libinit$$0000002C          0x0000030c   Section        0  libinit2.o(.ARM.Collect$$libinit$$0000002C)
    .ARM.Collect$$libinit$$0000002E          0x0000030c   Section        0  libinit2.o(.ARM.Collect$$libinit$$0000002E)
    .ARM.Collect$$libinit$$00000030          0x0000030c   Section        0  libinit2.o(.ARM.Collect$$libinit$$00000030)
    .ARM.Collect$$libinit$$00000031          0x0000030c   Section        2  libinit2.o(.ARM.Collect$$libinit$$00000031)
    .ARM.Collect$$libshutdown$$00000000      0x0000030e   Section        2  libshutdown.o(.ARM.Collect$$libshutdown$$00000000)
    .ARM.Collect$$libshutdown$$00000003      0x00000310   Section        0  libshutdown2.o(.ARM.Collect$$libshutdown$$00000003)
    .ARM.Collect$$libshutdown$$00000006      0x00000310   Section        0  libshutdown2.o(.ARM.Collect$$libshutdown$$00000006)
    .ARM.Collect$$libshutdown$$00000009      0x00000310   Section        0  libshutdown2.o(.ARM.Collect$$libshutdown$$00000009)
    .ARM.Collect$$libshutdown$$0000000B      0x00000310   Section        0  libshutdown2.o(.ARM.Collect$$libshutdown$$0000000B)
    .ARM.Collect$$libshutdown$$0000000E      0x00000310   Section        0  libshutdown2.o(.ARM.Collect$$libshutdown$$0000000E)
    .ARM.Collect$$libshutdown$$0000000F      0x00000310   Section        2  libshutdown2.o(.ARM.Collect$$libshutdown$$0000000F)
    .ARM.Collect$$rtentry$$00000000          0x00000312   Section        0  rtentry.o(.ARM.Collect$$rtentry$$00000000)
    .ARM.Collect$$rtentry$$00000002          0x00000312   Section        0  rtentry2.o(.ARM.Collect$$rtentry$$00000002)
    .ARM.Collect$$rtentry$$00000004          0x00000312   Section        6  rtentry4.o(.ARM.Collect$$rtentry$$00000004)
    .ARM.Collect$$rtentry$$00000009          0x00000318   Section        0  rtentry2.o(.ARM.Collect$$rtentry$$00000009)
    .ARM.Collect$$rtentry$$0000000A          0x00000318   Section        4  rtentry2.o(.ARM.Collect$$rtentry$$0000000A)
    .ARM.Collect$$rtentry$$0000000C          0x0000031c   Section        0  rtentry2.o(.ARM.Collect$$rtentry$$0000000C)
    .ARM.Collect$$rtentry$$0000000D          0x0000031c   Section        8  rtentry2.o(.ARM.Collect$$rtentry$$0000000D)
    .ARM.Collect$$rtexit$$00000000           0x00000324   Section        2  rtexit.o(.ARM.Collect$$rtexit$$00000000)
    .ARM.Collect$$rtexit$$00000002           0x00000326   Section        0  rtexit2.o(.ARM.Collect$$rtexit$$00000002)
    .ARM.Collect$$rtexit$$00000003           0x00000326   Section        4  rtexit2.o(.ARM.Collect$$rtexit$$00000003)
    .ARM.Collect$$rtexit$$00000004           0x0000032a   Section        6  rtexit2.o(.ARM.Collect$$rtexit$$00000004)
    .text                                    0x00000330   Section      292  startup_tm4c123.o(.text)
    $v0                                      0x00000330   Number         0  startup_tm4c123.o(.text)
    .text                                    0x00000454   Section        0  gpio.o(.text)
    .text                                    0x000004e4   Section        0  uart.o(.text)
    .text                                    0x0000057c   Section        0  gps.o(.text)
    .text                                    0x00000a20   Section        0  lcd.o(.text)
    .text                                    0x00000cc0   Section        0  systick.o(.text)
    .text                                    0x00000d3c   Section        0  main.o(.text)
    .text                                    0x00000f20   Section        0  noretval__2sprintf.o(.text)
    .text                                    0x00000f48   Section        0  __printf.o(.text)
    .text                                    0x00000fb0   Section        0  strtok.o(.text)
    .text                                    0x00000fbc   Section        0  strcpy.o(.text)
    .text                                    0x00001004   Section      128  strcmpv7m.o(.text)
    .text                                    0x00001084   Section        0  heapauxi.o(.text)
    .text                                    0x0000108a   Section        0  _rserrno.o(.text)
    .text                                    0x000010a0   Section        0  _printf_fp_dec.o(.text)
    _fp_digits                               0x000010a3   Thumb Code   426  _printf_fp_dec.o(.text)
    .text                                    0x000014c0   Section        0  _printf_char_common.o(.text)
    _printf_input_char                       0x000014c1   Thumb Code    10  _printf_char_common.o(.text)
    .text                                    0x000014f0   Section        0  _sputc.o(.text)
    .text                                    0x000014fc   Section        0  strtod.o(.text)
    _local_sscanf                            0x000014fd   Thumb Code    60  strtod.o(.text)
    .text                                    0x0000159c   Section        0  strtok_int.o(.text)
    .text                                    0x000015e0   Section        8  rt_locale_intlibspace.o(.text)
    .text                                    0x000015e8   Section        8  rt_errno_addr_intlibspace.o(.text)
    .text                                    0x000015f0   Section      138  lludiv10.o(.text)
    .text                                    0x0000167a   Section        0  isspace.o(.text)
    .text                                    0x0000168c   Section        0  _printf_fp_infnan.o(.text)
    .text                                    0x0000170c   Section        0  _sgetc.o(.text)
    .text                                    0x0000174c   Section        0  bigflt0.o(.text)
    .text                                    0x00001830   Section        0  strcspn.o(.text)
    .text                                    0x00001850   Section        0  strspn.o(.text)
    .text                                    0x0000186c   Section        8  libspace.o(.text)
    .text                                    0x00001874   Section       74  sys_stackheap_outer.o(.text)
    .text                                    0x000018c0   Section       16  rt_ctype_table.o(.text)
    .text                                    0x000018d0   Section        0  scanf_fp.o(.text)
    _fp_value                                0x000018d1   Thumb Code   504  scanf_fp.o(.text)
    .text                                    0x00001d74   Section        0  exit.o(.text)
    .text                                    0x00001d80   Section        0  scanf_hexfp.o(.text)
    .text                                    0x00002094   Section        0  scanf_infnan.o(.text)
    .text                                    0x000021d0   Section        0  sys_exit.o(.text)
    .text                                    0x000021dc   Section       38  llshl.o(.text)
    .text                                    0x00002202   Section        0  _chval.o(.text)
    .text                                    0x0000221e   Section        2  use_no_semi.o(.text)
    .text                                    0x00002220   Section        0  indicate_semi.o(.text)
    CL$$btod_d2e                             0x00002220   Section       62  btod.o(CL$$btod_d2e)
    CL$$btod_d2e_denorm_low                  0x0000225e   Section       70  btod.o(CL$$btod_d2e_denorm_low)
    CL$$btod_d2e_norm_op1                    0x000022a4   Section       96  btod.o(CL$$btod_d2e_norm_op1)
    CL$$btod_div_common                      0x00002304   Section      824  btod.o(CL$$btod_div_common)
    CL$$btod_e2d                             0x0000263c   Section       84  btod.o(CL$$btod_e2d)
    CL$$btod_e2e                             0x00002690   Section      198  btod.o(CL$$btod_e2e)
    CL$$btod_ediv                            0x00002756   Section       40  btod.o(CL$$btod_ediv)
    CL$$btod_edivd                           0x0000277e   Section       40  btod.o(CL$$btod_edivd)
    CL$$btod_emul                            0x000027a6   Section       40  btod.o(CL$$btod_emul)
    CL$$btod_emuld                           0x000027ce   Section       40  btod.o(CL$$btod_emuld)
    CL$$btod_mult_common                     0x000027f6   Section      580  btod.o(CL$$btod_mult_common)
    i.__ARM_fpclassify                       0x00002a3a   Section        0  fpclassify.o(i.__ARM_fpclassify)
    i.__hardfp_atan                          0x00002a70   Section        0  atan.o(i.__hardfp_atan)
    i.__hardfp_atan2                         0x00002d58   Section        0  atan2.o(i.__hardfp_atan2)
    i.__hardfp_atof                          0x00002f38   Section        0  atof.o(i.__hardfp_atof)
    i.__hardfp_cos                           0x00002f70   Section        0  cos.o(i.__hardfp_cos)
    i.__hardfp_ldexp                         0x00003048   Section        0  ldexp.o(i.__hardfp_ldexp)
    i.__hardfp_pow                           0x00003130   Section        0  pow.o(i.__hardfp_pow)
    i.__hardfp_sin                           0x00003dc0   Section        0  sin.o(i.__hardfp_sin)
    i.__hardfp_sqrt                          0x00003e98   Section        0  sqrt.o(i.__hardfp_sqrt)
    i.__ieee754_rem_pio2                     0x00003f18   Section        0  rred.o(i.__ieee754_rem_pio2)
    i.__kernel_cos                           0x00004370   Section        0  cos_i.o(i.__kernel_cos)
    i.__kernel_poly                          0x000044e0   Section        0  poly.o(i.__kernel_poly)
    i.__kernel_sin                           0x000045d8   Section        0  sin_i.o(i.__kernel_sin)
    i.__mathlib_dbl_underflow                0x00004708   Section        0  dunder.o(i.__mathlib_dbl_underflow)
    i.__mathlib_narrow                       0x00004728   Section        0  narrow.o(i.__mathlib_narrow)
    i.__support_ldexp                        0x000047e0   Section        0  ldexp.o(i.__support_ldexp)
    i._is_digit                              0x000047f4   Section        0  __printf_wp.o(i._is_digit)
    i.atan                                   0x00004802   Section        0  atan.o(i.atan)
    i.fabs                                   0x00004812   Section        0  fabs.o(i.fabs)
    i.frexp                                  0x00004838   Section        0  frexp.o(i.frexp)
    i.sqrt                                   0x000048d4   Section        0  sqrt.o(i.sqrt)
    locale$$code                             0x00004944   Section       44  lc_numeric_c.o(locale$$code)
    locale$$code                             0x00004970   Section       44  lc_ctype_c.o(locale$$code)
    x$fpl$basic                              0x0000499c   Section       24  basic.o(x$fpl$basic)
    $v0                                      0x0000499c   Number         0  basic.o(x$fpl$basic)
    x$fpl$d2f                                0x000049b4   Section       98  d2f.o(x$fpl$d2f)
    $v0                                      0x000049b4   Number         0  d2f.o(x$fpl$d2f)
    x$fpl$dadd                               0x00004a18   Section      336  daddsub_clz.o(x$fpl$dadd)
    $v0                                      0x00004a18   Number         0  daddsub_clz.o(x$fpl$dadd)
    _dadd1                                   0x00004a29   Thumb Code     0  daddsub_clz.o(x$fpl$dadd)
    x$fpl$dcheck1                            0x00004b68   Section       16  dcheck1.o(x$fpl$dcheck1)
    $v0                                      0x00004b68   Number         0  dcheck1.o(x$fpl$dcheck1)
    x$fpl$dcmpinf                            0x00004b78   Section       24  dcmpi.o(x$fpl$dcmpinf)
    $v0                                      0x00004b78   Number         0  dcmpi.o(x$fpl$dcmpinf)
    x$fpl$ddiv                               0x00004b90   Section      688  ddiv.o(x$fpl$ddiv)
    $v0                                      0x00004b90   Number         0  ddiv.o(x$fpl$ddiv)
    ddiv_entry                               0x00004b97   Thumb Code     0  ddiv.o(x$fpl$ddiv)
    x$fpl$deqf                               0x00004e40   Section      120  deqf.o(x$fpl$deqf)
    $v0                                      0x00004e40   Number         0  deqf.o(x$fpl$deqf)
    x$fpl$dfix                               0x00004eb8   Section       94  dfix.o(x$fpl$dfix)
    $v0                                      0x00004eb8   Number         0  dfix.o(x$fpl$dfix)
    x$fpl$dflt                               0x00004f16   Section       46  dflt_clz.o(x$fpl$dflt)
    $v0                                      0x00004f16   Number         0  dflt_clz.o(x$fpl$dflt)
    x$fpl$dfltu                              0x00004f44   Section       38  dflt_clz.o(x$fpl$dfltu)
    $v0                                      0x00004f44   Number         0  dflt_clz.o(x$fpl$dfltu)
    x$fpl$dleqf                              0x00004f6c   Section      120  dleqf.o(x$fpl$dleqf)
    $v0                                      0x00004f6c   Number         0  dleqf.o(x$fpl$dleqf)
    x$fpl$dmul                               0x00004fe4   Section      340  dmul.o(x$fpl$dmul)
    $v0                                      0x00004fe4   Number         0  dmul.o(x$fpl$dmul)
    x$fpl$dnaninf                            0x00005138   Section      156  dnaninf.o(x$fpl$dnaninf)
    $v0                                      0x00005138   Number         0  dnaninf.o(x$fpl$dnaninf)
    x$fpl$dretinf                            0x000051d4   Section       12  dretinf.o(x$fpl$dretinf)
    $v0                                      0x000051d4   Number         0  dretinf.o(x$fpl$dretinf)
    x$fpl$drleqf                             0x000051e0   Section      108  drleqf.o(x$fpl$drleqf)
    $v0                                      0x000051e0   Number         0  drleqf.o(x$fpl$drleqf)
    x$fpl$drsb                               0x0000524c   Section       22  daddsub_clz.o(x$fpl$drsb)
    $v0                                      0x0000524c   Number         0  daddsub_clz.o(x$fpl$drsb)
    x$fpl$dsqrt                              0x00005264   Section      408  dsqrt_umaal.o(x$fpl$dsqrt)
    $v0                                      0x00005264   Number         0  dsqrt_umaal.o(x$fpl$dsqrt)
    x$fpl$dsub                               0x000053fc   Section      468  daddsub_clz.o(x$fpl$dsub)
    $v0                                      0x000053fc   Number         0  daddsub_clz.o(x$fpl$dsub)
    _dsub1                                   0x0000540d   Thumb Code     0  daddsub_clz.o(x$fpl$dsub)
    x$fpl$f2d                                0x000055d0   Section       86  f2d.o(x$fpl$f2d)
    $v0                                      0x000055d0   Number         0  f2d.o(x$fpl$f2d)
    x$fpl$fnaninf                            0x00005626   Section      140  fnaninf.o(x$fpl$fnaninf)
    $v0                                      0x00005626   Number         0  fnaninf.o(x$fpl$fnaninf)
    x$fpl$fpinit                             0x000056b2   Section       10  fpinit.o(x$fpl$fpinit)
    $v0                                      0x000056b2   Number         0  fpinit.o(x$fpl$fpinit)
    x$fpl$fretinf                            0x000056bc   Section       10  fretinf.o(x$fpl$fretinf)
    $v0                                      0x000056bc   Number         0  fretinf.o(x$fpl$fretinf)
    x$fpl$printf1                            0x000056c6   Section        4  printf1.o(x$fpl$printf1)
    $v0                                      0x000056c6   Number         0  printf1.o(x$fpl$printf1)
    x$fpl$retnan                             0x000056ca   Section      100  retnan.o(x$fpl$retnan)
    $v0                                      0x000056ca   Number         0  retnan.o(x$fpl$retnan)
    x$fpl$scalbn                             0x0000572e   Section       92  scalbn.o(x$fpl$scalbn)
    $v0                                      0x0000572e   Number         0  scalbn.o(x$fpl$scalbn)
    x$fpl$scanf1                             0x0000578a   Section        4  scanf1.o(x$fpl$scanf1)
    $v0                                      0x0000578a   Number         0  scanf1.o(x$fpl$scanf1)
    x$fpl$scanf2                             0x0000578e   Section        8  scanf2.o(x$fpl$scanf2)
    $v0                                      0x0000578e   Number         0  scanf2.o(x$fpl$scanf2)
    x$fpl$trapveneer                         0x00005796   Section       48  trapv.o(x$fpl$trapveneer)
    $v0                                      0x00005796   Number         0  trapv.o(x$fpl$trapveneer)
    x$fpl$usenofp                            0x000057c6   Section        0  usenofp.o(x$fpl$usenofp)
    .constdata                               0x000057c8   Section       16  global_vars.o(.constdata)
    .constdata                               0x000057d8   Section      136  pow.o(.constdata)
    bp                                       0x000057d8   Data          16  pow.o(.constdata)
    dp_h                                     0x000057e8   Data          16  pow.o(.constdata)
    dp_l                                     0x000057f8   Data          16  pow.o(.constdata)
    L                                        0x00005808   Data          48  pow.o(.constdata)
    P                                        0x00005838   Data          40  pow.o(.constdata)
    .constdata                               0x00005860   Section      152  atan.o(.constdata)
    atanhi                                   0x00005860   Data          32  atan.o(.constdata)
    atanlo                                   0x00005880   Data          32  atan.o(.constdata)
    aTodd                                    0x000058a0   Data          40  atan.o(.constdata)
    aTeven                                   0x000058c8   Data          48  atan.o(.constdata)
    .constdata                               0x000058f8   Section       48  cos_i.o(.constdata)
    C                                        0x000058f8   Data          48  cos_i.o(.constdata)
    .constdata                               0x00005928   Section        8  qnan.o(.constdata)
    .constdata                               0x00005930   Section      200  rred.o(.constdata)
    pio2s                                    0x00005930   Data          48  rred.o(.constdata)
    twooverpi                                0x00005960   Data         152  rred.o(.constdata)
    .constdata                               0x000059f8   Section       40  sin_i.o(.constdata)
    S                                        0x000059f8   Data          40  sin_i.o(.constdata)
    .constdata                               0x00005a20   Section      148  bigflt0.o(.constdata)
    tenpwrs_x                                0x00005a20   Data          60  bigflt0.o(.constdata)
    tenpwrs_i                                0x00005a5c   Data          64  bigflt0.o(.constdata)
    c$$dinf                                  0x00005ad4   Section        8  fpconst.o(c$$dinf)
    locale$$data                             0x00005adc   Section       28  lc_numeric_c.o(locale$$data)
    __lcnum_c_name                           0x00005ae0   Data           2  lc_numeric_c.o(locale$$data)
    __lcnum_c_start                          0x00005ae8   Data           0  lc_numeric_c.o(locale$$data)
    __lcnum_c_point                          0x00005af4   Data           0  lc_numeric_c.o(locale$$data)
    __lcnum_c_thousands                      0x00005af6   Data           0  lc_numeric_c.o(locale$$data)
    __lcnum_c_grouping                       0x00005af7   Data           0  lc_numeric_c.o(locale$$data)
    locale$$data                             0x00005af8   Section      272  lc_ctype_c.o(locale$$data)
    __lcnum_c_end                            0x00005af8   Data           0  lc_numeric_c.o(locale$$data)
    __lcctype_c_name                         0x00005afc   Data           2  lc_ctype_c.o(locale$$data)
    __lcctype_c_start                        0x00005b04   Data           0  lc_ctype_c.o(locale$$data)
    __lcctype_c_end                          0x00005c08   Data           0  lc_ctype_c.o(locale$$data)
    .data                                    0x20000000   Section       32  global_vars.o(.data)
    .data                                    0x20000020   Section        4  strtok.o(.data)
    _strtok_saves1                           0x20000020   Data           4  strtok.o(.data)
    .bss                                     0x20000024   Section      320  global_vars.o(.bss)
    .bss                                     0x20000164   Section       96  libspace.o(.bss)
    HEAP                                     0x200001c8   Section        0  startup_tm4c123.o(HEAP)
    STACK                                    0x200001c8   Section      512  startup_tm4c123.o(STACK)
    Heap_Mem                                 0x200001c8   Data           0  startup_tm4c123.o(HEAP)
    Stack_Mem                                0x200001c8   Data         512  startup_tm4c123.o(STACK)
    __initial_sp                             0x200003c8   Data           0  startup_tm4c123.o(STACK)

    Global Symbols

    Symbol Name                              Value     Ov Type        Size  Object(Section)

    BuildAttributes$$THM_ISAv4$E$P$D$K$B$S$7EM$VFPi3$EXTD16$VFPS$VFMA$PE$A:L22UL41UL21$X:L11$S22US41US21$IEEE1$IW$USESV6$~STKCKD$USESV7$~SHL$OTIME$ROPI$IEEEX$EBA8$UX$STANDARDLIB$REQ8$PRES8$EABIv2 0x00000000   Number         0  anon$$obj.o ABSOLUTE
    __ARM_use_no_argv                        0x00000000   Number         0  main.o ABSOLUTE
    __Vectors                                0x00000000   Data           4  startup_tm4c123.o(RESET)
    __ARM_exceptions_init                     - Undefined Weak Reference
    __alloca_initialize                       - Undefined Weak Reference
    __cpp_initialize__aeabi_                  - Undefined Weak Reference
    __cxa_finalize                            - Undefined Weak Reference
    __sigvec_lookup                           - Undefined Weak Reference
    _atexit_init                              - Undefined Weak Reference
    _call_atexit_fns                          - Undefined Weak Reference
    _clock_init                               - Undefined Weak Reference
    _fp_trap_init                             - Undefined Weak Reference
    _fp_trap_shutdown                         - Undefined Weak Reference
    _get_lc_collate                           - Undefined Weak Reference
    _get_lc_monetary                          - Undefined Weak Reference
    _get_lc_time                              - Undefined Weak Reference
    _getenv_init                              - Undefined Weak Reference
    _handle_redirection                       - Undefined Weak Reference
    _init_alloc                               - Undefined Weak Reference
    _init_user_alloc                          - Undefined Weak Reference
    _initio                                   - Undefined Weak Reference
    _printf_post_padding                      - Undefined Weak Reference
    _printf_pre_padding                       - Undefined Weak Reference
    _rand_init                                - Undefined Weak Reference
    _signal_finish                            - Undefined Weak Reference
    _signal_init                              - Undefined Weak Reference
    _terminate_alloc                          - Undefined Weak Reference
    _terminate_user_alloc                     - Undefined Weak Reference
    _terminateio                              - Undefined Weak Reference
    __Vectors_End                            0x0000026c   Data           0  startup_tm4c123.o(RESET)
    __Vectors_Size                           0x0000026c   Number         0  startup_tm4c123.o ABSOLUTE
    __main                                   0x0000026d   Thumb Code     8  __main.o(!!!main)
    __scatterload                            0x00000275   Thumb Code     0  __scatter.o(!!!scatter)
    __scatterload_rt2                        0x00000275   Thumb Code    44  __scatter.o(!!!scatter)
    __scatterload_rt2_thumb_only             0x00000275   Thumb Code     0  __scatter.o(!!!scatter)
    __scatterload_null                       0x00000283   Thumb Code     0  __scatter.o(!!!scatter)
    __scatterload_copy                       0x000002a9   Thumb Code    26  __scatter_copy.o(!!handler_copy)
    __scatterload_zeroinit                   0x000002c5   Thumb Code    28  __scatter_zi.o(!!handler_zi)
    _printf_f                                0x000002e1   Thumb Code     0  _printf_f.o(.ARM.Collect$$_printf_percent$$00000003)
    _printf_percent                          0x000002e1   Thumb Code     0  _printf_percent.o(.ARM.Collect$$_printf_percent$$00000000)
    _printf_percent_end                      0x000002e7   Thumb Code     0  _printf_percent_end.o(.ARM.Collect$$_printf_percent$$00000017)
    __rt_lib_init                            0x000002eb   Thumb Code     0  libinit.o(.ARM.Collect$$libinit$$00000000)
    __rt_lib_init_fp_1                       0x000002ed   Thumb Code     0  libinit2.o(.ARM.Collect$$libinit$$00000001)
    __rt_lib_init_heap_1                     0x000002f1   Thumb Code     0  libinit2.o(.ARM.Collect$$libinit$$00000008)
    __rt_lib_init_lc_common                  0x000002f1   Thumb Code     0  libinit2.o(.ARM.Collect$$libinit$$0000000D)
    __rt_lib_init_rand_1                     0x000002f1   Thumb Code     0  libinit2.o(.ARM.Collect$$libinit$$0000000C)
    __rt_lib_init_user_alloc_1               0x000002f1   Thumb Code     0  libinit2.o(.ARM.Collect$$libinit$$0000000A)
    __rt_lib_init_lc_collate_1               0x000002f7   Thumb Code     0  libinit2.o(.ARM.Collect$$libinit$$0000000F)
    __rt_lib_init_lc_ctype_2                 0x000002f7   Thumb Code     0  libinit2.o(.ARM.Collect$$libinit$$00000010)
    __rt_lib_init_lc_ctype_1                 0x00000303   Thumb Code     0  libinit2.o(.ARM.Collect$$libinit$$00000011)
    __rt_lib_init_lc_monetary_1              0x00000303   Thumb Code     0  libinit2.o(.ARM.Collect$$libinit$$00000013)
    __rt_lib_init_lc_numeric_2               0x00000303   Thumb Code     0  libinit2.o(.ARM.Collect$$libinit$$00000014)
    __rt_lib_init_alloca_1                   0x0000030d   Thumb Code     0  libinit2.o(.ARM.Collect$$libinit$$0000002C)
    __rt_lib_init_argv_1                     0x0000030d   Thumb Code     0  libinit2.o(.ARM.Collect$$libinit$$0000002A)
    __rt_lib_init_atexit_1                   0x0000030d   Thumb Code     0  libinit2.o(.ARM.Collect$$libinit$$00000019)
    __rt_lib_init_clock_1                    0x0000030d   Thumb Code     0  libinit2.o(.ARM.Collect$$libinit$$0000001F)
    __rt_lib_init_cpp_1                      0x0000030d   Thumb Code     0  libinit2.o(.ARM.Collect$$libinit$$00000030)
    __rt_lib_init_exceptions_1               0x0000030d   Thumb Code     0  libinit2.o(.ARM.Collect$$libinit$$0000002E)
    __rt_lib_init_fp_trap_1                  0x0000030d   Thumb Code     0  libinit2.o(.ARM.Collect$$libinit$$0000001D)
    __rt_lib_init_getenv_1                   0x0000030d   Thumb Code     0  libinit2.o(.ARM.Collect$$libinit$$00000021)
    __rt_lib_init_lc_numeric_1               0x0000030d   Thumb Code     0  libinit2.o(.ARM.Collect$$libinit$$00000015)
    __rt_lib_init_lc_time_1                  0x0000030d   Thumb Code     0  libinit2.o(.ARM.Collect$$libinit$$00000017)
    __rt_lib_init_return                     0x0000030d   Thumb Code     0  libinit2.o(.ARM.Collect$$libinit$$00000031)
    __rt_lib_init_signal_1                   0x0000030d   Thumb Code     0  libinit2.o(.ARM.Collect$$libinit$$0000001B)
    __rt_lib_init_stdio_1                    0x0000030d   Thumb Code     0  libinit2.o(.ARM.Collect$$libinit$$00000023)
    __rt_lib_shutdown                        0x0000030f   Thumb Code     0  libshutdown.o(.ARM.Collect$$libshutdown$$00000000)
    __rt_lib_shutdown_fp_trap_1              0x00000311   Thumb Code     0  libshutdown2.o(.ARM.Collect$$libshutdown$$00000006)
    __rt_lib_shutdown_heap_1                 0x00000311   Thumb Code     0  libshutdown2.o(.ARM.Collect$$libshutdown$$0000000E)
    __rt_lib_shutdown_return                 0x00000311   Thumb Code     0  libshutdown2.o(.ARM.Collect$$libshutdown$$0000000F)
    __rt_lib_shutdown_signal_1               0x00000311   Thumb Code     0  libshutdown2.o(.ARM.Collect$$libshutdown$$00000009)
    __rt_lib_shutdown_stdio_1                0x00000311   Thumb Code     0  libshutdown2.o(.ARM.Collect$$libshutdown$$00000003)
    __rt_lib_shutdown_user_alloc_1           0x00000311   Thumb Code     0  libshutdown2.o(.ARM.Collect$$libshutdown$$0000000B)
    __rt_entry                               0x00000313   Thumb Code     0  rtentry.o(.ARM.Collect$$rtentry$$00000000)
    __rt_entry_presh_1                       0x00000313   Thumb Code     0  rtentry2.o(.ARM.Collect$$rtentry$$00000002)
    __rt_entry_sh                            0x00000313   Thumb Code     0  rtentry4.o(.ARM.Collect$$rtentry$$00000004)
    __rt_entry_li                            0x00000319   Thumb Code     0  rtentry2.o(.ARM.Collect$$rtentry$$0000000A)
    __rt_entry_postsh_1                      0x00000319   Thumb Code     0  rtentry2.o(.ARM.Collect$$rtentry$$00000009)
    __rt_entry_main                          0x0000031d   Thumb Code     0  rtentry2.o(.ARM.Collect$$rtentry$$0000000D)
    __rt_entry_postli_1                      0x0000031d   Thumb Code     0  rtentry2.o(.ARM.Collect$$rtentry$$0000000C)
    __rt_exit                                0x00000325   Thumb Code     0  rtexit.o(.ARM.Collect$$rtexit$$00000000)
    __rt_exit_ls                             0x00000327   Thumb Code     0  rtexit2.o(.ARM.Collect$$rtexit$$00000003)
    __rt_exit_prels_1                        0x00000327   Thumb Code     0  rtexit2.o(.ARM.Collect$$rtexit$$00000002)
    __rt_exit_exit                           0x0000032b   Thumb Code     0  rtexit2.o(.ARM.Collect$$rtexit$$00000004)
    Reset_Handler                            0x00000331   Thumb Code    24  startup_tm4c123.o(.text)
    NMI_Handler                              0x00000349   Thumb Code     2  startup_tm4c123.o(.text)
    HardFault_Handler                        0x0000034b   Thumb Code     2  startup_tm4c123.o(.text)
    MemManage_Handler                        0x0000034d   Thumb Code     2  startup_tm4c123.o(.text)
    BusFault_Handler                         0x0000034f   Thumb Code     2  startup_tm4c123.o(.text)
    UsageFault_Handler                       0x00000351   Thumb Code     2  startup_tm4c123.o(.text)
    SVC_Handler                              0x00000353   Thumb Code     2  startup_tm4c123.o(.text)
    DebugMon_Handler                         0x00000355   Thumb Code     2  startup_tm4c123.o(.text)
    PendSV_Handler                           0x00000357   Thumb Code     2  startup_tm4c123.o(.text)
    SysTick_Handler                          0x00000359   Thumb Code     2  startup_tm4c123.o(.text)
    GPIOA_Handler                            0x0000035b   Thumb Code     2  startup_tm4c123.o(.text)
    GPIOB_Handler                            0x0000035d   Thumb Code     2  startup_tm4c123.o(.text)
    GPIOC_Handler                            0x0000035f   Thumb Code     2  startup_tm4c123.o(.text)
    GPIOD_Handler                            0x00000361   Thumb Code     2  startup_tm4c123.o(.text)
    GPIOE_Handler                            0x00000363   Thumb Code     2  startup_tm4c123.o(.text)
    UART0_Handler                            0x00000365   Thumb Code     2  startup_tm4c123.o(.text)
    UART1_Handler                            0x00000367   Thumb Code     2  startup_tm4c123.o(.text)
    SSI0_Handler                             0x00000369   Thumb Code     2  startup_tm4c123.o(.text)
    I2C0_Handler                             0x0000036b   Thumb Code     2  startup_tm4c123.o(.text)
    PMW0_FAULT_Handler                       0x0000036d   Thumb Code     2  startup_tm4c123.o(.text)
    PWM0_0_Handler                           0x0000036f   Thumb Code     2  startup_tm4c123.o(.text)
    PWM0_1_Handler                           0x00000371   Thumb Code     2  startup_tm4c123.o(.text)
    PWM0_2_Handler                           0x00000373   Thumb Code     2  startup_tm4c123.o(.text)
    QEI0_Handler                             0x00000375   Thumb Code     2  startup_tm4c123.o(.text)
    ADC0SS0_Handler                          0x00000377   Thumb Code     2  startup_tm4c123.o(.text)
    ADC0SS1_Handler                          0x00000379   Thumb Code     2  startup_tm4c123.o(.text)
    ADC0SS2_Handler                          0x0000037b   Thumb Code     2  startup_tm4c123.o(.text)
    ADC0SS3_Handler                          0x0000037d   Thumb Code     2  startup_tm4c123.o(.text)
    WDT0_Handler                             0x0000037f   Thumb Code     2  startup_tm4c123.o(.text)
    TIMER0A_Handler                          0x00000381   Thumb Code     2  startup_tm4c123.o(.text)
    TIMER0B_Handler                          0x00000383   Thumb Code     2  startup_tm4c123.o(.text)
    TIMER1A_Handler                          0x00000385   Thumb Code     2  startup_tm4c123.o(.text)
    TIMER1B_Handler                          0x00000387   Thumb Code     2  startup_tm4c123.o(.text)
    TIMER2A_Handler                          0x00000389   Thumb Code     2  startup_tm4c123.o(.text)
    TIMER2B_Handler                          0x0000038b   Thumb Code     2  startup_tm4c123.o(.text)
    COMP0_Handler                            0x0000038d   Thumb Code     2  startup_tm4c123.o(.text)
    COMP1_Handler                            0x0000038f   Thumb Code     2  startup_tm4c123.o(.text)
    COMP2_Handler                            0x00000391   Thumb Code     2  startup_tm4c123.o(.text)
    SYSCTL_Handler                           0x00000393   Thumb Code     2  startup_tm4c123.o(.text)
    FLASH_Handler                            0x00000395   Thumb Code     2  startup_tm4c123.o(.text)
    GPIOF_Handler                            0x00000397   Thumb Code     2  startup_tm4c123.o(.text)
    GPIOG_Handler                            0x00000399   Thumb Code     2  startup_tm4c123.o(.text)
    GPIOH_Handler                            0x0000039b   Thumb Code     2  startup_tm4c123.o(.text)
    UART2_Handler                            0x0000039d   Thumb Code     2  startup_tm4c123.o(.text)
    SSI1_Handler                             0x0000039f   Thumb Code     2  startup_tm4c123.o(.text)
    TIMER3A_Handler                          0x000003a1   Thumb Code     2  startup_tm4c123.o(.text)
    TIMER3B_Handler                          0x000003a3   Thumb Code     2  startup_tm4c123.o(.text)
    I2C1_Handler                             0x000003a5   Thumb Code     2  startup_tm4c123.o(.text)
    QEI1_Handler                             0x000003a7   Thumb Code     2  startup_tm4c123.o(.text)
    CAN0_Handler                             0x000003a9   Thumb Code     2  startup_tm4c123.o(.text)
    CAN1_Handler                             0x000003ab   Thumb Code     2  startup_tm4c123.o(.text)
    CAN2_Handler                             0x000003ad   Thumb Code     2  startup_tm4c123.o(.text)
    HIB_Handler                              0x000003af   Thumb Code     2  startup_tm4c123.o(.text)
    USB0_Handler                             0x000003b1   Thumb Code     2  startup_tm4c123.o(.text)
    PWM0_3_Handler                           0x000003b3   Thumb Code     2  startup_tm4c123.o(.text)
    UDMA_Handler                             0x000003b5   Thumb Code     2  startup_tm4c123.o(.text)
    UDMAERR_Handler                          0x000003b7   Thumb Code     2  startup_tm4c123.o(.text)
    ADC1SS0_Handler                          0x000003b9   Thumb Code     2  startup_tm4c123.o(.text)
    ADC1SS1_Handler                          0x000003bb   Thumb Code     2  startup_tm4c123.o(.text)
    ADC1SS2_Handler                          0x000003bd   Thumb Code     2  startup_tm4c123.o(.text)
    ADC1SS3_Handler                          0x000003bf   Thumb Code     2  startup_tm4c123.o(.text)
    GPIOJ_Handler                            0x000003c1   Thumb Code     2  startup_tm4c123.o(.text)
    GPIOK_Handler                            0x000003c3   Thumb Code     2  startup_tm4c123.o(.text)
    GPIOL_Handler                            0x000003c5   Thumb Code     2  startup_tm4c123.o(.text)
    SSI2_Handler                             0x000003c7   Thumb Code     2  startup_tm4c123.o(.text)
    SSI3_Handler                             0x000003c9   Thumb Code     2  startup_tm4c123.o(.text)
    UART3_Handler                            0x000003cb   Thumb Code     2  startup_tm4c123.o(.text)
    UART4_Handler                            0x000003cd   Thumb Code     2  startup_tm4c123.o(.text)
    UART5_Handler                            0x000003cf   Thumb Code     2  startup_tm4c123.o(.text)
    UART6_Handler                            0x000003d1   Thumb Code     2  startup_tm4c123.o(.text)
    UART7_Handler                            0x000003d3   Thumb Code     2  startup_tm4c123.o(.text)
    I2C2_Handler                             0x000003d5   Thumb Code     2  startup_tm4c123.o(.text)
    I2C3_Handler                             0x000003d7   Thumb Code     2  startup_tm4c123.o(.text)
    TIMER4A_Handler                          0x000003d9   Thumb Code     2  startup_tm4c123.o(.text)
    TIMER4B_Handler                          0x000003db   Thumb Code     2  startup_tm4c123.o(.text)
    TIMER5A_Handler                          0x000003dd   Thumb Code     2  startup_tm4c123.o(.text)
    TIMER5B_Handler                          0x000003df   Thumb Code     2  startup_tm4c123.o(.text)
    WTIMER0A_Handler                         0x000003e1   Thumb Code     2  startup_tm4c123.o(.text)
    WTIMER0B_Handler                         0x000003e3   Thumb Code     2  startup_tm4c123.o(.text)
    WTIMER1A_Handler                         0x000003e5   Thumb Code     2  startup_tm4c123.o(.text)
    WTIMER1B_Handler                         0x000003e7   Thumb Code     2  startup_tm4c123.o(.text)
    WTIMER2A_Handler                         0x000003e9   Thumb Code     2  startup_tm4c123.o(.text)
    WTIMER2B_Handler                         0x000003eb   Thumb Code     2  startup_tm4c123.o(.text)
    WTIMER3A_Handler                         0x000003ed   Thumb Code     2  startup_tm4c123.o(.text)
    WTIMER3B_Handler                         0x000003ef   Thumb Code     2  startup_tm4c123.o(.text)
    WTIMER4A_Handler                         0x000003f1   Thumb Code     2  startup_tm4c123.o(.text)
    WTIMER4B_Handler                         0x000003f3   Thumb Code     2  startup_tm4c123.o(.text)
    WTIMER5A_Handler                         0x000003f5   Thumb Code     2  startup_tm4c123.o(.text)
    WTIMER5B_Handler                         0x000003f7   Thumb Code     2  startup_tm4c123.o(.text)
    FPU_Handler                              0x000003f9   Thumb Code     2  startup_tm4c123.o(.text)
    I2C4_Handler                             0x000003fb   Thumb Code     2  startup_tm4c123.o(.text)
    I2C5_Handler                             0x000003fd   Thumb Code     2  startup_tm4c123.o(.text)
    GPIOM_Handler                            0x000003ff   Thumb Code     2  startup_tm4c123.o(.text)
    GPION_Handler                            0x00000401   Thumb Code     2  startup_tm4c123.o(.text)
    QEI2_Handler                             0x00000403   Thumb Code     2  startup_tm4c123.o(.text)
    GPIOP0_Handler                           0x00000405   Thumb Code     2  startup_tm4c123.o(.text)
    GPIOP1_Handler                           0x00000407   Thumb Code     2  startup_tm4c123.o(.text)
    GPIOP2_Handler                           0x00000409   Thumb Code     2  startup_tm4c123.o(.text)
    GPIOP3_Handler                           0x0000040b   Thumb Code     2  startup_tm4c123.o(.text)
    GPIOP4_Handler                           0x0000040d   Thumb Code     2  startup_tm4c123.o(.text)
    GPIOP5_Handler                           0x0000040f   Thumb Code     2  startup_tm4c123.o(.text)
    GPIOP6_Handler                           0x00000411   Thumb Code     2  startup_tm4c123.o(.text)
    GPIOP7_Handler                           0x00000413   Thumb Code     2  startup_tm4c123.o(.text)
    GPIOQ0_Handler                           0x00000415   Thumb Code     2  startup_tm4c123.o(.text)
    GPIOQ1_Handler                           0x00000417   Thumb Code     2  startup_tm4c123.o(.text)
    GPIOQ2_Handler                           0x00000419   Thumb Code     2  startup_tm4c123.o(.text)
    GPIOQ3_Handler                           0x0000041b   Thumb Code     2  startup_tm4c123.o(.text)
    GPIOQ4_Handler                           0x0000041d   Thumb Code     2  startup_tm4c123.o(.text)
    GPIOQ5_Handler                           0x0000041f   Thumb Code     2  startup_tm4c123.o(.text)
    GPIOQ6_Handler                           0x00000421   Thumb Code     2  startup_tm4c123.o(.text)
    GPIOQ7_Handler                           0x00000423   Thumb Code     2  startup_tm4c123.o(.text)
    GPIOR_Handler                            0x00000425   Thumb Code     2  startup_tm4c123.o(.text)
    GPIOS_Handler                            0x00000427   Thumb Code     2  startup_tm4c123.o(.text)
    PMW1_0_Handler                           0x00000429   Thumb Code     2  startup_tm4c123.o(.text)
    PWM1_1_Handler                           0x0000042b   Thumb Code     2  startup_tm4c123.o(.text)
    PWM1_2_Handler                           0x0000042d   Thumb Code     2  startup_tm4c123.o(.text)
    PWM1_3_Handler                           0x0000042f   Thumb Code     2  startup_tm4c123.o(.text)
    PWM1_FAULT_Handler                       0x00000431   Thumb Code     2  startup_tm4c123.o(.text)
    __user_initial_stackheap                 0x00000435   Thumb Code     0  startup_tm4c123.o(.text)
    GPIO_initPORTF                           0x00000455   Thumb Code    84  gpio.o(.text)
    led_on                                   0x000004a9   Thumb Code    16  gpio.o(.text)
    led_off                                  0x000004b9   Thumb Code    16  gpio.o(.text)
    UART7_INIT                               0x000004e5   Thumb Code   116  uart.o(.text)
    Uart7_receive                            0x00000559   Thumb Code    20  uart.o(.text)
    GPS_read                                 0x0000057d   Thumb Code    78  gps.o(.text)
    GPS_format                               0x000005cb   Thumb Code   292  gps.o(.text)
    toDegree                                 0x000006ef   Thumb Code    60  gps.o(.text)
    toRad                                    0x0000072b   Thumb Code   106  gps.o(.text)
    GPS_getDistance                          0x00000795   Thumb Code   644  gps.o(.text)
    LCD_sendCommand                          0x00000a21   Thumb Code   162  lcd.o(.text)
    LCD_init                                 0x00000ac3   Thumb Code   192  lcd.o(.text)
    LCD_displayCharacter                     0x00000b83   Thumb Code   150  lcd.o(.text)
    LCD_displayString                        0x00000c19   Thumb Code    26  lcd.o(.text)
    LCD_Clear                                0x00000c33   Thumb Code    24  lcd.o(.text)
    LCD_displayfloat                         0x00000c4b   Thumb Code    94  lcd.o(.text)
    SysTick_Init                             0x00000cc1   Thumb Code    24  systick.o(.text)
    SysTick_Wait                             0x00000cd9   Thumb Code    30  systick.o(.text)
    SysTick_Waitu                            0x00000cf7   Thumb Code    28  systick.o(.text)
    SysTick_Wait1ms                          0x00000d13   Thumb Code    20  systick.o(.text)
    SysTick_Wait1us                          0x00000d27   Thumb Code    20  systick.o(.text)
    main                                     0x00000d3d   Thumb Code   446  main.o(.text)
    __2sprintf                               0x00000f21   Thumb Code    34  noretval__2sprintf.o(.text)
    __printf                                 0x00000f49   Thumb Code   104  __printf.o(.text)
    strtok                                   0x00000fb1   Thumb Code     6  strtok.o(.text)
    strcpy                                   0x00000fbd   Thumb Code    72  strcpy.o(.text)
    strcmp                                   0x00001005   Thumb Code   128  strcmpv7m.o(.text)
    __use_two_region_memory                  0x00001085   Thumb Code     2  heapauxi.o(.text)
    __rt_heap_escrow$2region                 0x00001087   Thumb Code     2  heapauxi.o(.text)
    __rt_heap_expand$2region                 0x00001089   Thumb Code     2  heapauxi.o(.text)
    __read_errno                             0x0000108b   Thumb Code    10  _rserrno.o(.text)
    __set_errno                              0x00001095   Thumb Code    12  _rserrno.o(.text)
    __lib_sel_fp_printf                      0x000010a1   Thumb Code     2  _printf_fp_dec.o(.text)
    _printf_fp_dec_real                      0x0000124d   Thumb Code   628  _printf_fp_dec.o(.text)
    _printf_char_common                      0x000014cb   Thumb Code    32  _printf_char_common.o(.text)
    _sputc                                   0x000014f1   Thumb Code    10  _sputc.o(.text)
    __strtod_int                             0x00001539   Thumb Code    88  strtod.o(.text)
    __strtok_internal                        0x0000159d   Thumb Code    64  strtok_int.o(.text)
    __rt_locale                              0x000015e1   Thumb Code     8  rt_locale_intlibspace.o(.text)
    __aeabi_errno_addr                       0x000015e9   Thumb Code     8  rt_errno_addr_intlibspace.o(.text)
    __errno$intlibspace                      0x000015e9   Thumb Code     0  rt_errno_addr_intlibspace.o(.text)
    __rt_errno_addr$intlibspace              0x000015e9   Thumb Code     0  rt_errno_addr_intlibspace.o(.text)
    _ll_udiv10                               0x000015f1   Thumb Code   138  lludiv10.o(.text)
    isspace                                  0x0000167b   Thumb Code    18  isspace.o(.text)
    _printf_fp_infnan                        0x0000168d   Thumb Code   112  _printf_fp_infnan.o(.text)
    _sgetc                                   0x0000170d   Thumb Code    30  _sgetc.o(.text)
    _sbackspace                              0x0000172b   Thumb Code    34  _sgetc.o(.text)
    _btod_etento                             0x0000174d   Thumb Code   222  bigflt0.o(.text)
    strcspn                                  0x00001831   Thumb Code    32  strcspn.o(.text)
    strspn                                   0x00001851   Thumb Code    28  strspn.o(.text)
    __user_libspace                          0x0000186d   Thumb Code     8  libspace.o(.text)
    __user_perproc_libspace                  0x0000186d   Thumb Code     0  libspace.o(.text)
    __user_perthread_libspace                0x0000186d   Thumb Code     0  libspace.o(.text)
    __user_setup_stackheap                   0x00001875   Thumb Code    74  sys_stackheap_outer.o(.text)
    __rt_ctype_table                         0x000018c1   Thumb Code    16  rt_ctype_table.o(.text)
    _scanf_really_real                       0x00001ac9   Thumb Code   672  scanf_fp.o(.text)
    exit                                     0x00001d75   Thumb Code    12  exit.o(.text)
    _scanf_really_hex_real                   0x00001d81   Thumb Code   776  scanf_hexfp.o(.text)
    _scanf_really_infnan                     0x00002095   Thumb Code   298  scanf_infnan.o(.text)
    _sys_exit                                0x000021d1   Thumb Code     8  sys_exit.o(.text)
    __aeabi_llsl                             0x000021dd   Thumb Code     0  llshl.o(.text)
    _ll_shift_l                              0x000021dd   Thumb Code    38  llshl.o(.text)
    _chval                                   0x00002203   Thumb Code    28  _chval.o(.text)
    __I$use$semihosting                      0x0000221f   Thumb Code     0  use_no_semi.o(.text)
    __use_no_semihosting_swi                 0x0000221f   Thumb Code     2  use_no_semi.o(.text)
    __semihosting_library_function           0x00002221   Thumb Code     0  indicate_semi.o(.text)
    _btod_d2e                                0x00002221   Thumb Code    62  btod.o(CL$$btod_d2e)
    _d2e_denorm_low                          0x0000225f   Thumb Code    70  btod.o(CL$$btod_d2e_denorm_low)
    _d2e_norm_op1                            0x000022a5   Thumb Code    96  btod.o(CL$$btod_d2e_norm_op1)
    __btod_div_common                        0x00002305   Thumb Code   696  btod.o(CL$$btod_div_common)
    _e2d                                     0x0000263d   Thumb Code    80  btod.o(CL$$btod_e2d)
    _e2e                                     0x00002691   Thumb Code   198  btod.o(CL$$btod_e2e)
    _btod_ediv                               0x00002757   Thumb Code    40  btod.o(CL$$btod_ediv)
    _btod_edivd                              0x0000277f   Thumb Code    40  btod.o(CL$$btod_edivd)
    _btod_emul                               0x000027a7   Thumb Code    40  btod.o(CL$$btod_emul)
    _btod_emuld                              0x000027cf   Thumb Code    40  btod.o(CL$$btod_emuld)
    __btod_mult_common                       0x000027f7   Thumb Code   580  btod.o(CL$$btod_mult_common)
    __ARM_fpclassify                         0x00002a3b   Thumb Code    48  fpclassify.o(i.__ARM_fpclassify)
    __hardfp_atan                            0x00002a71   Thumb Code   636  atan.o(i.__hardfp_atan)
    __hardfp_atan2                           0x00002d59   Thumb Code   416  atan2.o(i.__hardfp_atan2)
    __hardfp_atof                            0x00002f39   Thumb Code    44  atof.o(i.__hardfp_atof)
    __hardfp_cos                             0x00002f71   Thumb Code   200  cos.o(i.__hardfp_cos)
    __hardfp_ldexp                           0x00003049   Thumb Code   216  ldexp.o(i.__hardfp_ldexp)
    __hardfp_pow                             0x00003131   Thumb Code  3132  pow.o(i.__hardfp_pow)
    __hardfp_sin                             0x00003dc1   Thumb Code   200  sin.o(i.__hardfp_sin)
    __hardfp_sqrt                            0x00003e99   Thumb Code   122  sqrt.o(i.__hardfp_sqrt)
    __ieee754_rem_pio2                       0x00003f19   Thumb Code   972  rred.o(i.__ieee754_rem_pio2)
    __kernel_cos                             0x00004371   Thumb Code   322  cos_i.o(i.__kernel_cos)
    __kernel_poly                            0x000044e1   Thumb Code   248  poly.o(i.__kernel_poly)
    __kernel_sin                             0x000045d9   Thumb Code   280  sin_i.o(i.__kernel_sin)
    __mathlib_dbl_underflow                  0x00004709   Thumb Code    24  dunder.o(i.__mathlib_dbl_underflow)
    __mathlib_narrow                         0x00004729   Thumb Code   166  narrow.o(i.__mathlib_narrow)
    __support_ldexp                          0x000047e1   Thumb Code    20  ldexp.o(i.__support_ldexp)
    _is_digit                                0x000047f5   Thumb Code    14  __printf_wp.o(i._is_digit)
    atan                                     0x00004803   Thumb Code    16  atan.o(i.atan)
    fabs                                     0x00004813   Thumb Code    32  fabs.o(i.fabs)
    frexp                                    0x00004839   Thumb Code   134  frexp.o(i.frexp)
    sqrt                                     0x000048d5   Thumb Code   110  sqrt.o(i.sqrt)
    _get_lc_numeric                          0x00004945   Thumb Code    44  lc_numeric_c.o(locale$$code)
    _get_lc_ctype                            0x00004971   Thumb Code    44  lc_ctype_c.o(locale$$code)
    __aeabi_dneg                             0x0000499d   Thumb Code     0  basic.o(x$fpl$basic)
    _dneg                                    0x0000499d   Thumb Code     6  basic.o(x$fpl$basic)
    __aeabi_fneg                             0x000049a3   Thumb Code     0  basic.o(x$fpl$basic)
    _fneg                                    0x000049a3   Thumb Code     6  basic.o(x$fpl$basic)
    _dabs                                    0x000049a9   Thumb Code     6  basic.o(x$fpl$basic)
    _fabs                                    0x000049af   Thumb Code     6  basic.o(x$fpl$basic)
    __aeabi_d2f                              0x000049b5   Thumb Code     0  d2f.o(x$fpl$d2f)
    _d2f                                     0x000049b5   Thumb Code    98  d2f.o(x$fpl$d2f)
    __aeabi_dadd                             0x00004a19   Thumb Code     0  daddsub_clz.o(x$fpl$dadd)
    _dadd                                    0x00004a19   Thumb Code   332  daddsub_clz.o(x$fpl$dadd)
    __fpl_dcheck_NaN1                        0x00004b69   Thumb Code    10  dcheck1.o(x$fpl$dcheck1)
    __fpl_dcmp_Inf                           0x00004b79   Thumb Code    24  dcmpi.o(x$fpl$dcmpinf)
    __aeabi_ddiv                             0x00004b91   Thumb Code     0  ddiv.o(x$fpl$ddiv)
    _ddiv                                    0x00004b91   Thumb Code   552  ddiv.o(x$fpl$ddiv)
    __aeabi_cdcmpeq                          0x00004e41   Thumb Code     0  deqf.o(x$fpl$deqf)
    _dcmpeq                                  0x00004e41   Thumb Code   120  deqf.o(x$fpl$deqf)
    __aeabi_d2iz                             0x00004eb9   Thumb Code     0  dfix.o(x$fpl$dfix)
    _dfix                                    0x00004eb9   Thumb Code    94  dfix.o(x$fpl$dfix)
    __aeabi_i2d                              0x00004f17   Thumb Code     0  dflt_clz.o(x$fpl$dflt)
    _dflt                                    0x00004f17   Thumb Code    46  dflt_clz.o(x$fpl$dflt)
    __aeabi_ui2d                             0x00004f45   Thumb Code     0  dflt_clz.o(x$fpl$dfltu)
    _dfltu                                   0x00004f45   Thumb Code    38  dflt_clz.o(x$fpl$dfltu)
    __aeabi_cdcmple                          0x00004f6d   Thumb Code     0  dleqf.o(x$fpl$dleqf)
    _dcmple                                  0x00004f6d   Thumb Code   120  dleqf.o(x$fpl$dleqf)
    __fpl_dcmple_InfNaN                      0x00004fcf   Thumb Code     0  dleqf.o(x$fpl$dleqf)
    __aeabi_dmul                             0x00004fe5   Thumb Code     0  dmul.o(x$fpl$dmul)
    _dmul                                    0x00004fe5   Thumb Code   332  dmul.o(x$fpl$dmul)
    __fpl_dnaninf                            0x00005139   Thumb Code   156  dnaninf.o(x$fpl$dnaninf)
    __fpl_dretinf                            0x000051d5   Thumb Code    12  dretinf.o(x$fpl$dretinf)
    __aeabi_cdrcmple                         0x000051e1   Thumb Code     0  drleqf.o(x$fpl$drleqf)
    _drcmple                                 0x000051e1   Thumb Code   108  drleqf.o(x$fpl$drleqf)
    __aeabi_drsub                            0x0000524d   Thumb Code     0  daddsub_clz.o(x$fpl$drsb)
    _drsb                                    0x0000524d   Thumb Code    22  daddsub_clz.o(x$fpl$drsb)
    _dsqrt                                   0x00005265   Thumb Code   404  dsqrt_umaal.o(x$fpl$dsqrt)
    __aeabi_dsub                             0x000053fd   Thumb Code     0  daddsub_clz.o(x$fpl$dsub)
    _dsub                                    0x000053fd   Thumb Code   464  daddsub_clz.o(x$fpl$dsub)
    __aeabi_f2d                              0x000055d1   Thumb Code     0  f2d.o(x$fpl$f2d)
    _f2d                                     0x000055d1   Thumb Code    86  f2d.o(x$fpl$f2d)
    __fpl_fnaninf                            0x00005627   Thumb Code   140  fnaninf.o(x$fpl$fnaninf)
    _fp_init                                 0x000056b3   Thumb Code    10  fpinit.o(x$fpl$fpinit)
    __fplib_config_fpu_vfp                   0x000056bb   Thumb Code     0  fpinit.o(x$fpl$fpinit)
    __fplib_config_pureend_doubles           0x000056bb   Thumb Code     0  fpinit.o(x$fpl$fpinit)
    __fpl_fretinf                            0x000056bd   Thumb Code    10  fretinf.o(x$fpl$fretinf)
    _printf_fp_dec                           0x000056c7   Thumb Code     4  printf1.o(x$fpl$printf1)
    __fpl_return_NaN                         0x000056cb   Thumb Code   100  retnan.o(x$fpl$retnan)
    __ARM_scalbn                             0x0000572f   Thumb Code    92  scalbn.o(x$fpl$scalbn)
    _scanf_real                              0x0000578b   Thumb Code     4  scanf1.o(x$fpl$scanf1)
    _scanf_hex_real                          0x0000578f   Thumb Code     4  scanf2.o(x$fpl$scanf2)
    _scanf_infnan                            0x00005793   Thumb Code     4  scanf2.o(x$fpl$scanf2)
    __fpl_cmpreturn                          0x00005797   Thumb Code    48  trapv.o(x$fpl$trapveneer)
    __I$use$fp                               0x000057c6   Number         0  usenofp.o(x$fpl$usenofp)
    EARTH_RADIUS                             0x000057c8   Data           8  global_vars.o(.constdata)
    PI                                       0x000057d0   Data           8  global_vars.o(.constdata)
    __mathlib_zero                           0x00005928   Data           8  qnan.o(.constdata)
    Region$$Table$$Base                      0x00005ab4   Number         0  anon$$obj.o(Region$$Table)
    Region$$Table$$Limit                     0x00005ad4   Number         0  anon$$obj.o(Region$$Table)
    __aeabi_HUGE_VAL                         0x00005ad4   Data           0  fpconst.o(c$$dinf)
    __aeabi_HUGE_VALL                        0x00005ad4   Data           0  fpconst.o(c$$dinf)
    __aeabi_INFINITY                         0x00005ad4   Data           0  fpconst.o(c$$dinf)
    __dInf                                   0x00005ad4   Data           0  fpconst.o(c$$dinf)
    __huge_val                               0x00005ad4   Data           0  fpconst.o(c$$dinf)
    __ctype                                  0x00005b05   Data           0  lc_ctype_c.o(locale$$data)
    GPS_logname                              0x20000000   Data           8  global_vars.o(.data)
    finalLat                                 0x20000008   Data           4  global_vars.o(.data)
    finalLong                                0x2000000c   Data           4  global_vars.o(.data)
    token                                    0x20000010   Data           4  global_vars.o(.data)
    currentLong                              0x20000014   Data           4  global_vars.o(.data)
    currentLat                               0x20000018   Data           4  global_vars.o(.data)
    speed                                    0x2000001c   Data           4  global_vars.o(.data)
    GPS                                      0x20000024   Data          80  global_vars.o(.bss)
    GPS_formated                             0x20000074   Data         240  global_vars.o(.bss)
    __libspace_start                         0x20000164   Data          96  libspace.o(.bss)
    __temporary_stack_top$libspace           0x200001c4   Data           0  libspace.o(.bss)



==============================================================================

Memory Map of the image

  Image Entry point : 0x00000331

  Load Region LR_1 (Base: 0x00000000, Size: 0x00005c2c, Max: 0xffffffff, ABSOLUTE)

    Execution Region ER_RO (Base: 0x00000000, Size: 0x00005c08, Max: 0xffffffff, ABSOLUTE)

    Base Addr    Size         Type   Attr      Idx    E Section Name        Object

    0x00000000   0x0000026c   Data   RO            3    RESET               startup_tm4c123.o
    0x0000026c   0x00000008   Code   RO          185  * !!!main             c_w.l(__main.o)
    0x00000274   0x00000034   Code   RO          628    !!!scatter          c_w.l(__scatter.o)
    0x000002a8   0x0000001a   Code   RO          630    !!handler_copy      c_w.l(__scatter_copy.o)
    0x000002c2   0x00000002   PAD
    0x000002c4   0x0000001c   Code   RO          632    !!handler_zi        c_w.l(__scatter_zi.o)
    0x000002e0   0x00000000   Code   RO          175    .ARM.Collect$$_printf_percent$$00000000  c_w.l(_printf_percent.o)
    0x000002e0   0x00000006   Code   RO          174    .ARM.Collect$$_printf_percent$$00000003  c_w.l(_printf_f.o)
    0x000002e6   0x00000004   Code   RO          286    .ARM.Collect$$_printf_percent$$00000017  c_w.l(_printf_percent_end.o)
    0x000002ea   0x00000002   Code   RO          448    .ARM.Collect$$libinit$$00000000  c_w.l(libinit.o)
    0x000002ec   0x00000004   Code   RO          449    .ARM.Collect$$libinit$$00000001  c_w.l(libinit2.o)
    0x000002f0   0x00000000   Code   RO          453    .ARM.Collect$$libinit$$00000008  c_w.l(libinit2.o)
    0x000002f0   0x00000000   Code   RO          455    .ARM.Collect$$libinit$$0000000A  c_w.l(libinit2.o)
    0x000002f0   0x00000000   Code   RO          457    .ARM.Collect$$libinit$$0000000C  c_w.l(libinit2.o)
    0x000002f0   0x00000006   Code   RO          458    .ARM.Collect$$libinit$$0000000D  c_w.l(libinit2.o)
    0x000002f6   0x00000000   Code   RO          460    .ARM.Collect$$libinit$$0000000F  c_w.l(libinit2.o)
    0x000002f6   0x0000000c   Code   RO          461    .ARM.Collect$$libinit$$00000010  c_w.l(libinit2.o)
    0x00000302   0x00000000   Code   RO          462    .ARM.Collect$$libinit$$00000011  c_w.l(libinit2.o)
    0x00000302   0x00000000   Code   RO          464    .ARM.Collect$$libinit$$00000013  c_w.l(libinit2.o)
    0x00000302   0x0000000a   Code   RO          465    .ARM.Collect$$libinit$$00000014  c_w.l(libinit2.o)
    0x0000030c   0x00000000   Code   RO          466    .ARM.Collect$$libinit$$00000015  c_w.l(libinit2.o)
    0x0000030c   0x00000000   Code   RO          468    .ARM.Collect$$libinit$$00000017  c_w.l(libinit2.o)
    0x0000030c   0x00000000   Code   RO          470    .ARM.Collect$$libinit$$00000019  c_w.l(libinit2.o)
    0x0000030c   0x00000000   Code   RO          472    .ARM.Collect$$libinit$$0000001B  c_w.l(libinit2.o)
    0x0000030c   0x00000000   Code   RO          474    .ARM.Collect$$libinit$$0000001D  c_w.l(libinit2.o)
    0x0000030c   0x00000000   Code   RO          476    .ARM.Collect$$libinit$$0000001F  c_w.l(libinit2.o)
    0x0000030c   0x00000000   Code   RO          478    .ARM.Collect$$libinit$$00000021  c_w.l(libinit2.o)
    0x0000030c   0x00000000   Code   RO          480    .ARM.Collect$$libinit$$00000023  c_w.l(libinit2.o)
    0x0000030c   0x00000000   Code   RO          484    .ARM.Collect$$libinit$$0000002A  c_w.l(libinit2.o)
    0x0000030c   0x00000000   Code   RO          486    .ARM.Collect$$libinit$$0000002C  c_w.l(libinit2.o)
    0x0000030c   0x00000000   Code   RO          488    .ARM.Collect$$libinit$$0000002E  c_w.l(libinit2.o)
    0x0000030c   0x00000000   Code   RO          490    .ARM.Collect$$libinit$$00000030  c_w.l(libinit2.o)
    0x0000030c   0x00000002   Code   RO          491    .ARM.Collect$$libinit$$00000031  c_w.l(libinit2.o)
    0x0000030e   0x00000002   Code   RO          561    .ARM.Collect$$libshutdown$$00000000  c_w.l(libshutdown.o)
    0x00000310   0x00000000   Code   RO          589    .ARM.Collect$$libshutdown$$00000003  c_w.l(libshutdown2.o)
    0x00000310   0x00000000   Code   RO          592    .ARM.Collect$$libshutdown$$00000006  c_w.l(libshutdown2.o)
    0x00000310   0x00000000   Code   RO          595    .ARM.Collect$$libshutdown$$00000009  c_w.l(libshutdown2.o)
    0x00000310   0x00000000   Code   RO          597    .ARM.Collect$$libshutdown$$0000000B  c_w.l(libshutdown2.o)
    0x00000310   0x00000000   Code   RO          600    .ARM.Collect$$libshutdown$$0000000E  c_w.l(libshutdown2.o)
    0x00000310   0x00000002   Code   RO          601    .ARM.Collect$$libshutdown$$0000000F  c_w.l(libshutdown2.o)
    0x00000312   0x00000000   Code   RO          277    .ARM.Collect$$rtentry$$00000000  c_w.l(rtentry.o)
    0x00000312   0x00000000   Code   RO          354    .ARM.Collect$$rtentry$$00000002  c_w.l(rtentry2.o)
    0x00000312   0x00000006   Code   RO          366    .ARM.Collect$$rtentry$$00000004  c_w.l(rtentry4.o)
    0x00000318   0x00000000   Code   RO          356    .ARM.Collect$$rtentry$$00000009  c_w.l(rtentry2.o)
    0x00000318   0x00000004   Code   RO          357    .ARM.Collect$$rtentry$$0000000A  c_w.l(rtentry2.o)
    0x0000031c   0x00000000   Code   RO          359    .ARM.Collect$$rtentry$$0000000C  c_w.l(rtentry2.o)
    0x0000031c   0x00000008   Code   RO          360    .ARM.Collect$$rtentry$$0000000D  c_w.l(rtentry2.o)
    0x00000324   0x00000002   Code   RO          494    .ARM.Collect$$rtexit$$00000000  c_w.l(rtexit.o)
    0x00000326   0x00000000   Code   RO          523    .ARM.Collect$$rtexit$$00000002  c_w.l(rtexit2.o)
    0x00000326   0x00000004   Code   RO          524    .ARM.Collect$$rtexit$$00000003  c_w.l(rtexit2.o)
    0x0000032a   0x00000006   Code   RO          525    .ARM.Collect$$rtexit$$00000004  c_w.l(rtexit2.o)
    0x00000330   0x00000124   Code   RO            4  * .text               startup_tm4c123.o
    0x00000454   0x00000090   Code   RO           10    .text               gpio.o
    0x000004e4   0x00000098   Code   RO           32    .text               uart.o
    0x0000057c   0x000004a4   Code   RO           50    .text               gps.o
    0x00000a20   0x000002a0   Code   RO           77    .text               lcd.o
    0x00000cc0   0x0000007a   Code   RO          102    .text               systick.o
    0x00000d3a   0x00000002   PAD
    0x00000d3c   0x000001e4   Code   RO          114    .text               main.o
    0x00000f20   0x00000028   Code   RO          150    .text               c_w.l(noretval__2sprintf.o)
    0x00000f48   0x00000068   Code   RO          152    .text               c_w.l(__printf.o)
    0x00000fb0   0x0000000c   Code   RO          176    .text               c_w.l(strtok.o)
    0x00000fbc   0x00000048   Code   RO          179    .text               c_w.l(strcpy.o)
    0x00001004   0x00000080   Code   RO          181    .text               c_w.l(strcmpv7m.o)
    0x00001084   0x00000006   Code   RO          183    .text               c_w.l(heapauxi.o)
    0x0000108a   0x00000016   Code   RO          278    .text               c_w.l(_rserrno.o)
    0x000010a0   0x00000420   Code   RO          280    .text               c_w.l(_printf_fp_dec.o)
    0x000014c0   0x00000030   Code   RO          282    .text               c_w.l(_printf_char_common.o)
    0x000014f0   0x0000000a   Code   RO          284    .text               c_w.l(_sputc.o)
    0x000014fa   0x00000002   PAD
    0x000014fc   0x000000a0   Code   RO          287    .text               c_w.l(strtod.o)
    0x0000159c   0x00000044   Code   RO          289    .text               c_w.l(strtok_int.o)
    0x000015e0   0x00000008   Code   RO          371    .text               c_w.l(rt_locale_intlibspace.o)
    0x000015e8   0x00000008   Code   RO          376    .text               c_w.l(rt_errno_addr_intlibspace.o)
    0x000015f0   0x0000008a   Code   RO          378    .text               c_w.l(lludiv10.o)
    0x0000167a   0x00000012   Code   RO          380    .text               c_w.l(isspace.o)
    0x0000168c   0x00000080   Code   RO          382    .text               c_w.l(_printf_fp_infnan.o)
    0x0000170c   0x00000040   Code   RO          386    .text               c_w.l(_sgetc.o)
    0x0000174c   0x000000e4   Code   RO          388    .text               c_w.l(bigflt0.o)
    0x00001830   0x00000020   Code   RO          416    .text               c_w.l(strcspn.o)
    0x00001850   0x0000001c   Code   RO          418    .text               c_w.l(strspn.o)
    0x0000186c   0x00000008   Code   RO          432    .text               c_w.l(libspace.o)
    0x00001874   0x0000004a   Code   RO          435    .text               c_w.l(sys_stackheap_outer.o)
    0x000018be   0x00000002   PAD
    0x000018c0   0x00000010   Code   RO          437    .text               c_w.l(rt_ctype_table.o)
    0x000018d0   0x000004a4   Code   RO          439    .text               c_w.l(scanf_fp.o)
    0x00001d74   0x0000000c   Code   RO          441    .text               c_w.l(exit.o)
    0x00001d80   0x00000314   Code   RO          529    .text               c_w.l(scanf_hexfp.o)
    0x00002094   0x0000013c   Code   RO          531    .text               c_w.l(scanf_infnan.o)
    0x000021d0   0x0000000c   Code   RO          547    .text               c_w.l(sys_exit.o)
    0x000021dc   0x00000026   Code   RO          551    .text               c_w.l(llshl.o)
    0x00002202   0x0000001c   Code   RO          553    .text               c_w.l(_chval.o)
    0x0000221e   0x00000002   Code   RO          578    .text               c_w.l(use_no_semi.o)
    0x00002220   0x00000000   Code   RO          580    .text               c_w.l(indicate_semi.o)
    0x00002220   0x0000003e   Code   RO          391    CL$$btod_d2e        c_w.l(btod.o)
    0x0000225e   0x00000046   Code   RO          393    CL$$btod_d2e_denorm_low  c_w.l(btod.o)
    0x000022a4   0x00000060   Code   RO          392    CL$$btod_d2e_norm_op1  c_w.l(btod.o)
    0x00002304   0x00000338   Code   RO          401    CL$$btod_div_common  c_w.l(btod.o)
    0x0000263c   0x00000054   Code   RO          399    CL$$btod_e2d        c_w.l(btod.o)
    0x00002690   0x000000c6   Code   RO          398    CL$$btod_e2e        c_w.l(btod.o)
    0x00002756   0x00000028   Code   RO          395    CL$$btod_ediv       c_w.l(btod.o)
    0x0000277e   0x00000028   Code   RO          397    CL$$btod_edivd      c_w.l(btod.o)
    0x000027a6   0x00000028   Code   RO          394    CL$$btod_emul       c_w.l(btod.o)
    0x000027ce   0x00000028   Code   RO          396    CL$$btod_emuld      c_w.l(btod.o)
    0x000027f6   0x00000244   Code   RO          400    CL$$btod_mult_common  c_w.l(btod.o)
    0x00002a3a   0x00000030   Code   RO          337    i.__ARM_fpclassify  m_wm.l(fpclassify.o)
    0x00002a6a   0x00000006   PAD
    0x00002a70   0x000002e8   Code   RO          312    i.__hardfp_atan     m_wm.l(atan.o)
    0x00002d58   0x000001e0   Code   RO          209    i.__hardfp_atan2    m_wm.l(atan2.o)
    0x00002f38   0x00000038   Code   RO          221    i.__hardfp_atof     m_wm.l(atof.o)
    0x00002f70   0x000000d8   Code   RO          227    i.__hardfp_cos      m_wm.l(cos.o)
    0x00003048   0x000000e8   Code   RO          562    i.__hardfp_ldexp    m_wm.l(ldexp.o)
    0x00003130   0x00000c90   Code   RO          239    i.__hardfp_pow      m_wm.l(pow.o)
    0x00003dc0   0x000000d8   Code   RO          253    i.__hardfp_sin      m_wm.l(sin.o)
    0x00003e98   0x0000007a   Code   RO          265    i.__hardfp_sqrt     m_wm.l(sqrt.o)
    0x00003f12   0x00000006   PAD
    0x00003f18   0x00000458   Code   RO          342    i.__ieee754_rem_pio2  m_wm.l(rred.o)
    0x00004370   0x00000170   Code   RO          326    i.__kernel_cos      m_wm.l(cos_i.o)
    0x000044e0   0x000000f8   Code   RO          339    i.__kernel_poly     m_wm.l(poly.o)
    0x000045d8   0x00000130   Code   RO          347    i.__kernel_sin      m_wm.l(sin_i.o)
    0x00004708   0x00000020   Code   RO          329    i.__mathlib_dbl_underflow  m_wm.l(dunder.o)
    0x00004728   0x000000b8   Code   RO          515    i.__mathlib_narrow  m_wm.l(narrow.o)
    0x000047e0   0x00000014   Code   RO          564    i.__support_ldexp   m_wm.l(ldexp.o)
    0x000047f4   0x0000000e   Code   RO          164    i._is_digit         c_w.l(__printf_wp.o)
    0x00004802   0x00000010   Code   RO          314    i.atan              m_wm.l(atan.o)
    0x00004812   0x00000020   Code   RO          333    i.fabs              m_wm.l(fabs.o)
    0x00004832   0x00000006   PAD
    0x00004838   0x0000009c   Code   RO          541    i.frexp             m_wm.l(frexp.o)
    0x000048d4   0x0000006e   Code   RO          267    i.sqrt              m_wm.l(sqrt.o)
    0x00004942   0x00000002   PAD
    0x00004944   0x0000002c   Code   RO          414    locale$$code        c_w.l(lc_numeric_c.o)
    0x00004970   0x0000002c   Code   RO          497    locale$$code        c_w.l(lc_ctype_c.o)
    0x0000499c   0x00000018   Code   RO          187    x$fpl$basic         fz_wm.l(basic.o)
    0x000049b4   0x00000062   Code   RO          189    x$fpl$d2f           fz_wm.l(d2f.o)
    0x00004a16   0x00000002   PAD
    0x00004a18   0x00000150   Code   RO          191    x$fpl$dadd          fz_wm.l(daddsub_clz.o)
    0x00004b68   0x00000010   Code   RO          420    x$fpl$dcheck1       fz_wm.l(dcheck1.o)
    0x00004b78   0x00000018   Code   RO          422    x$fpl$dcmpinf       fz_wm.l(dcmpi.o)
    0x00004b90   0x000002b0   Code   RO          198    x$fpl$ddiv          fz_wm.l(ddiv.o)
    0x00004e40   0x00000078   Code   RO          537    x$fpl$deqf          fz_wm.l(deqf.o)
    0x00004eb8   0x0000005e   Code   RO          424    x$fpl$dfix          fz_wm.l(dfix.o)
    0x00004f16   0x0000002e   Code   RO          292    x$fpl$dflt          fz_wm.l(dflt_clz.o)
    0x00004f44   0x00000026   Code   RO          291    x$fpl$dfltu         fz_wm.l(dflt_clz.o)
    0x00004f6a   0x00000002   PAD
    0x00004f6c   0x00000078   Code   RO          297    x$fpl$dleqf         fz_wm.l(dleqf.o)
    0x00004fe4   0x00000154   Code   RO          201    x$fpl$dmul          fz_wm.l(dmul.o)
    0x00005138   0x0000009c   Code   RO          299    x$fpl$dnaninf       fz_wm.l(dnaninf.o)
    0x000051d4   0x0000000c   Code   RO          301    x$fpl$dretinf       fz_wm.l(dretinf.o)
    0x000051e0   0x0000006c   Code   RO          203    x$fpl$drleqf        fz_wm.l(drleqf.o)
    0x0000524c   0x00000016   Code   RO          192    x$fpl$drsb          fz_wm.l(daddsub_clz.o)
    0x00005262   0x00000002   PAD
    0x00005264   0x00000198   Code   RO          303    x$fpl$dsqrt         fz_wm.l(dsqrt_umaal.o)
    0x000053fc   0x000001d4   Code   RO          193    x$fpl$dsub          fz_wm.l(daddsub_clz.o)
    0x000055d0   0x00000056   Code   RO          205    x$fpl$f2d           fz_wm.l(f2d.o)
    0x00005626   0x0000008c   Code   RO          305    x$fpl$fnaninf       fz_wm.l(fnaninf.o)
    0x000056b2   0x0000000a   Code   RO          504    x$fpl$fpinit        fz_wm.l(fpinit.o)
    0x000056bc   0x0000000a   Code   RO          307    x$fpl$fretinf       fz_wm.l(fretinf.o)
    0x000056c6   0x00000004   Code   RO          207    x$fpl$printf1       fz_wm.l(printf1.o)
    0x000056ca   0x00000064   Code   RO          492    x$fpl$retnan        fz_wm.l(retnan.o)
    0x0000572e   0x0000005c   Code   RO          309    x$fpl$scalbn        fz_wm.l(scalbn.o)
    0x0000578a   0x00000004   Code   RO          430    x$fpl$scanf1        fz_wm.l(scanf1.o)
    0x0000578e   0x00000008   Code   RO          506    x$fpl$scanf2        fz_wm.l(scanf2.o)
    0x00005796   0x00000030   Code   RO          512    x$fpl$trapveneer    fz_wm.l(trapv.o)
    0x000057c6   0x00000000   Code   RO          311    x$fpl$usenofp       fz_wm.l(usenofp.o)
    0x000057c6   0x00000002   PAD
    0x000057c8   0x00000010   Data   RO          136    .constdata          global_vars.o
    0x000057d8   0x00000088   Data   RO          242    .constdata          m_wm.l(pow.o)
    0x00005860   0x00000098   Data   RO          315    .constdata          m_wm.l(atan.o)
    0x000058f8   0x00000030   Data   RO          327    .constdata          m_wm.l(cos_i.o)
    0x00005928   0x00000008   Data   RO          341    .constdata          m_wm.l(qnan.o)
    0x00005930   0x000000c8   Data   RO          344    .constdata          m_wm.l(rred.o)
    0x000059f8   0x00000028   Data   RO          348    .constdata          m_wm.l(sin_i.o)
    0x00005a20   0x00000094   Data   RO          389    .constdata          c_w.l(bigflt0.o)
    0x00005ab4   0x00000020   Data   RO          626    Region$$Table       anon$$obj.o
    0x00005ad4   0x00000008   Data   RO          501    c$$dinf             fz_wm.l(fpconst.o)
    0x00005adc   0x0000001c   Data   RO          413    locale$$data        c_w.l(lc_numeric_c.o)
    0x00005af8   0x00000110   Data   RO          496    locale$$data        c_w.l(lc_ctype_c.o)


    Execution Region ER_RW (Base: 0x20000000, Size: 0x00000024, Max: 0xffffffff, ABSOLUTE)

    Base Addr    Size         Type   Attr      Idx    E Section Name        Object

    0x20000000   0x00000020   Data   RW          137    .data               global_vars.o
    0x20000020   0x00000004   Data   RW          177    .data               c_w.l(strtok.o)


    Execution Region ER_ZI (Base: 0x20000024, Size: 0x000003a4, Max: 0xffffffff, ABSOLUTE)

    Base Addr    Size         Type   Attr      Idx    E Section Name        Object

    0x20000024   0x00000140   Zero   RW          135    .bss                global_vars.o
    0x20000164   0x00000060   Zero   RW          433    .bss                c_w.l(libspace.o)
    0x200001c4   0x00000004   PAD
    0x200001c8   0x00000000   Zero   RW            2    HEAP                startup_tm4c123.o
    0x200001c8   0x00000200   Zero   RW            1    STACK               startup_tm4c123.o


==============================================================================

Image component sizes


      Code (inc. data)   RO Data    RW Data    ZI Data      Debug   Object Name

         0          0         16         32        320        925   global_vars.o
       144         28          0          0          0       2268   gpio.o
      1188         80          0          0          0       2133   gps.o
       672         24          0          0          0       4385   lcd.o
       484         38          0          0          0        787   main.o
       292         24        620          0        512       5448   startup_tm4c123.o
       122          0          0          0          0       1146   systick.o
       152         16          0          0          0        711   uart.o

    ----------------------------------------------------------------------
      3056        210        668         32        832      17803   Object Totals
         0          0         32          0          0          0   (incl. Generated)
         2          0          0          0          0          0   (incl. Padding)

    ----------------------------------------------------------------------

      Code (inc. data)   RO Data    RW Data    ZI Data      Debug   Library Member Name

         8          0          0          0          0         68   __main.o
       104          0          0          0          0         84   __printf.o
        14          0          0          0          0         68   __printf_wp.o
        52          8          0          0          0          0   __scatter.o
        26          0          0          0          0          0   __scatter_copy.o
        28          0          0          0          0          0   __scatter_zi.o
        28          0          0          0          0         68   _chval.o
        48          6          0          0          0         96   _printf_char_common.o
         6          0          0          0          0          0   _printf_f.o
      1056          0          0          0          0        216   _printf_fp_dec.o
       128         16          0          0          0         84   _printf_fp_infnan.o
         0          0          0          0          0          0   _printf_percent.o
         4          0          0          0          0          0   _printf_percent_end.o
        22          0          0          0          0        100   _rserrno.o
        64          0          0          0          0         84   _sgetc.o
        10          0          0          0          0         68   _sputc.o
       228          6        148          0          0         96   bigflt0.o
      2074        132          0          0          0        940   btod.o
        12          0          0          0          0         72   exit.o
         6          0          0          0          0        152   heapauxi.o
         0          0          0          0          0          0   indicate_semi.o
        18          0          0          0          0         76   isspace.o
        44         10        272          0          0         76   lc_ctype_c.o
        44         10         28          0          0         76   lc_numeric_c.o
         2          0          0          0          0          0   libinit.o
        34          0          0          0          0          0   libinit2.o
         2          0          0          0          0          0   libshutdown.o
         2          0          0          0          0          0   libshutdown2.o
         8          4          0          0         96         68   libspace.o
        38          0          0          0          0         68   llshl.o
       138          0          0          0          0         80   lludiv10.o
        40          6          0          0          0         84   noretval__2sprintf.o
        16          4          0          0          0         76   rt_ctype_table.o
         8          4          0          0          0         68   rt_errno_addr_intlibspace.o
         8          4          0          0          0         68   rt_locale_intlibspace.o
         0          0          0          0          0          0   rtentry.o
        12          0          0          0          0          0   rtentry2.o
         6          0          0          0          0          0   rtentry4.o
         2          0          0          0          0          0   rtexit.o
        10          0          0          0          0          0   rtexit2.o
      1188         12          0          0          0        148   scanf_fp.o
       788         12          0          0          0        100   scanf_hexfp.o
       316         18          0          0          0        100   scanf_infnan.o
       128          0          0          0          0         68   strcmpv7m.o
        72          0          0          0          0         80   strcpy.o
        32          0          0          0          0         80   strcspn.o
        28          0          0          0          0         80   strspn.o
       160         12          0          0          0        120   strtod.o
        12          6          0          4          0         68   strtok.o
        68          4          0          0          0         84   strtok_int.o
        12          4          0          0          0         68   sys_exit.o
        74          0          0          0          0         80   sys_stackheap_outer.o
         2          0          0          0          0         68   use_no_semi.o
        24          0          0          0          0        164   basic.o
        98          4          0          0          0        140   d2f.o
       826         16          0          0          0        492   daddsub_clz.o
        16          4          0          0          0        116   dcheck1.o
        24          0          0          0          0        116   dcmpi.o
       688        140          0          0          0        256   ddiv.o
       120          4          0          0          0        140   deqf.o
        94          4          0          0          0        140   dfix.o
        84          0          0          0          0        232   dflt_clz.o
       120          4          0          0          0        140   dleqf.o
       340         12          0          0          0        152   dmul.o
       156          4          0          0          0        140   dnaninf.o
        12          0          0          0          0        116   dretinf.o
       108          0          0          0          0        128   drleqf.o
       408         56          0          0          0        168   dsqrt_umaal.o
        86          4          0          0          0        132   f2d.o
       140          4          0          0          0        132   fnaninf.o
         0          0          8          0          0          0   fpconst.o
        10          0          0          0          0        116   fpinit.o
        10          0          0          0          0        116   fretinf.o
         4          0          0          0          0        116   printf1.o
       100          0          0          0          0        116   retnan.o
        92          0          0          0          0        116   scalbn.o
         4          0          0          0          0        116   scanf1.o
         8          0          0          0          0        132   scanf2.o
        48          0          0          0          0        116   trapv.o
         0          0          0          0          0          0   usenofp.o
       760        108        152          0          0        344   atan.o
       480         64          0          0          0        156   atan2.o
        56         12          0          0          0        132   atof.o
       216         16          0          0          0        152   cos.o
       368         46         48          0          0        200   cos_i.o
        32          8          0          0          0        124   dunder.o
        32          0          0          0          0        124   fabs.o
        48          0          0          0          0        124   fpclassify.o
       156         22          0          0          0        132   frexp.o
       252         16          0          0          0        308   ldexp.o
       184         18          0          0          0        152   narrow.o
       248          0          0          0          0        152   poly.o
      3216        310        136          0          0        216   pow.o
         0          0          8          0          0          0   qnan.o
      1112        140        200          0          0        188   rred.o
       216         16          0          0          0        152   sin.o
       304         24         40          0          0        208   sin_i.o
       232          0          0          0          0        296   sqrt.o

    ----------------------------------------------------------------------
     18796       1334       1040          4        100      11088   Library Totals
        34          0          0          0          4          0   (incl. Padding)

    ----------------------------------------------------------------------

      Code (inc. data)   RO Data    RW Data    ZI Data      Debug   Library Name

      7230        278        448          4         96       4080   c_w.l
      3620        256          8          0          0       3848   fz_wm.l
      7912        800        584          0          0       3160   m_wm.l

    ----------------------------------------------------------------------
     18796       1334       1040          4        100      11088   Library Totals

    ----------------------------------------------------------------------

==============================================================================


      Code (inc. data)   RO Data    RW Data    ZI Data      Debug   

     21852       1544       1708         36        932      21299   Grand Totals
     21852       1544       1708         36        932      21299   ELF Image Totals
     21852       1544       1708         36          0          0   ROM Totals

==============================================================================

    Total RO  Size (Code + RO Data)                23560 (  23.01kB)
    Total RW  Size (RW Data + ZI Data)               968 (   0.95kB)
    Total ROM Size (Code + RO Data + RW Data)      23596 (  23.04kB)

==============================================================================

