ARM Linker, 5.03 [Build 76] [MDK-ARM Lite]

==============================================================================

Section Cross References

    startup_tm4c123.o(STACK) refers (Special) to heapauxi.o(.text) for __use_two_region_memory
    startup_tm4c123.o(HEAP) refers (Special) to heapauxi.o(.text) for __use_two_region_memory
    startup_tm4c123.o(RESET) refers (Special) to heapauxi.o(.text) for __use_two_region_memory
    startup_tm4c123.o(RESET) refers to startup_tm4c123.o(STACK) for __initial_sp
    startup_tm4c123.o(RESET) refers to startup_tm4c123.o(.text) for Reset_Handler
    startup_tm4c123.o(.text) refers (Special) to heapauxi.o(.text) for __use_two_region_memory
    startup_tm4c123.o(.text) refers to __main.o(!!!main) for __main
    startup_tm4c123.o(.text) refers to startup_tm4c123.o(HEAP) for Heap_Mem
    startup_tm4c123.o(.text) refers to startup_tm4c123.o(STACK) for Stack_Mem
    tessstt.o(.text) refers to strtok.o(.text) for strtok
    tessstt.o(.text) refers to strcpy.o(.text) for strcpy
    tessstt.o(.text) refers to strcmpv7m.o(.text) for strcmp
    tessstt.o(.text) refers to atof.o(i.atof) for atof
    tessstt.o(.text) refers to d2f.o(x$fpl$d2f) for __aeabi_d2f
    tessstt.o(.text) refers to ffix.o(x$fpl$ffix) for __aeabi_f2iz
    tessstt.o(.text) refers to fflt_clz.o(x$fpl$fflt) for __aeabi_i2f
    tessstt.o(.text) refers to fmul.o(x$fpl$fmul) for __aeabi_fmul
    tessstt.o(.text) refers to faddsub_clz.o(x$fpl$frsb) for __aeabi_frsub
    tessstt.o(.text) refers to fdiv.o(x$fpl$fdiv) for __aeabi_fdiv
    tessstt.o(.text) refers to faddsub_clz.o(x$fpl$fadd) for __aeabi_fadd
    tessstt.o(.text) refers to f2d.o(x$fpl$f2d) for __aeabi_f2d
    tessstt.o(.text) refers to dmul.o(x$fpl$dmul) for __aeabi_dmul
    tessstt.o(.text) refers to faddsub_clz.o(x$fpl$fsub) for __aeabi_fsub
    tessstt.o(.text) refers to sin.o(i.sin) for sin
    tessstt.o(.text) refers to pow.o(i.pow) for pow
    tessstt.o(.text) refers to cos.o(i.cos) for cos
    tessstt.o(.text) refers to daddsub_clz.o(x$fpl$dadd) for __aeabi_dadd
    tessstt.o(.text) refers to sqrt.o(i.sqrt) for sqrt
    tessstt.o(.text) refers to atan2.o(i.atan2) for atan2
    tessstt.o(.text) refers to tessstt.o(.data) for GPS_logname
    tessstt.o(.text) refers to tessstt.o(.bss) for GPS
    tessstt.o(.text) refers to gpio.o(.text) for GPIO_initPORTF
    tessstt.o(.text) refers to systick.o(.text) for SysTick_Init
    tessstt.o(.text) refers to lcd.o(.text) for LCD_init
    tessstt.o(.text) refers to fleqf.o(x$fpl$fleqf) for __aeabi_cfcmple
    tessstt.o(.text) refers to drleqf.o(x$fpl$drleqf) for __aeabi_cdrcmple
    tessstt.o(.text) refers to frleqf.o(x$fpl$frleqf) for __aeabi_cfrcmple
    lcd.o(.text) refers to _printf_percent.o(.ARM.Collect$$_printf_percent$$00000000) for _printf_percent
    lcd.o(.text) refers to _printf_f.o(.ARM.Collect$$_printf_percent$$00000003) for _printf_f
    lcd.o(.text) refers to printf1.o(x$fpl$printf1) for _printf_fp_dec
    lcd.o(.text) refers to systick.o(.text) for SysTick_Wait1us
    lcd.o(.text) refers to f2d.o(x$fpl$f2d) for __aeabi_f2d
    lcd.o(.text) refers to noretval__2sprintf.o(.text) for __2sprintf
    __2sprintf.o(.text) refers to _printf_char_common.o(.text) for _printf_char_common
    __2sprintf.o(.text) refers to _sputc.o(.text) for _sputc
    noretval__2sprintf.o(.text) refers to _printf_char_common.o(.text) for _printf_char_common
    noretval__2sprintf.o(.text) refers to _sputc.o(.text) for _sputc
    __printf.o(.text) refers to _printf_percent.o(.ARM.Collect$$_printf_percent$$00000000) for _printf_percent
    __printf_flags.o(.text) refers to _printf_percent.o(.ARM.Collect$$_printf_percent$$00000000) for _printf_percent
    __printf_flags.o(.text) refers to __printf_flags.o(.constdata) for .constdata
    __printf_ss.o(.text) refers to _printf_percent.o(.ARM.Collect$$_printf_percent$$00000000) for _printf_percent
    __printf_flags_ss.o(.text) refers to _printf_percent.o(.ARM.Collect$$_printf_percent$$00000000) for _printf_percent
    __printf_flags_ss.o(.text) refers to __printf_flags_ss.o(.constdata) for .constdata
    __printf_wp.o(.text) refers to __printf_wp.o(i._is_digit) for _is_digit
    __printf_wp.o(.text) refers to _printf_percent.o(.ARM.Collect$$_printf_percent$$00000000) for _printf_percent
    __printf_flags_wp.o(.text) refers to __printf_wp.o(i._is_digit) for _is_digit
    __printf_flags_wp.o(.text) refers to _printf_percent.o(.ARM.Collect$$_printf_percent$$00000000) for _printf_percent
    __printf_flags_wp.o(.text) refers to __printf_flags_wp.o(.constdata) for .constdata
    __printf_ss_wp.o(.text) refers to __printf_wp.o(i._is_digit) for _is_digit
    __printf_ss_wp.o(.text) refers to _printf_percent.o(.ARM.Collect$$_printf_percent$$00000000) for _printf_percent
    __printf_flags_ss_wp.o(.text) refers to __printf_wp.o(i._is_digit) for _is_digit
[...]
    ../fplib/retnan.s                        0x00000000   Number         0  retnan.o ABSOLUTE
    ../fplib/scalbn.s                        0x00000000   Number         0  scalbn.o ABSOLUTE
    ../fplib/scanf1.s                        0x00000000   Number         0  scanf1.o ABSOLUTE
    ../fplib/scanf2.s                        0x00000000   Number         0  scanf2.o ABSOLUTE
    ../fplib/scanf2a.s                       0x00000000   Number         0  scanf2a.o ABSOLUTE
    ../fplib/scanf2b.s                       0x00000000   Number         0  scanf2b.o ABSOLUTE
    ../fplib/trapv.s                         0x00000000   Number         0  trapv.o ABSOLUTE
    ../fplib/usenofp.s                       0x00000000   Number         0  usenofp.o ABSOLUTE
    ../mathlib/atan.c                        0x00000000   Number         0  atan_x.o ABSOLUTE
    ../mathlib/atan.c                        0x00000000   Number         0  atan.o ABSOLUTE
    ../mathlib/atan2.c                       0x00000000   Number         0  atan2.o ABSOLUTE
    ../mathlib/atan2.c                       0x00000000   Number         0  atan2_x.o ABSOLUTE
    ../mathlib/atof.c                        0x00000000   Number         0  atof.o ABSOLUTE
    ../mathlib/cos.c                         0x00000000   Number         0  cos.o ABSOLUTE
    ../mathlib/cos.c                         0x00000000   Number         0  cos_x.o ABSOLUTE
    ../mathlib/cos_i.c                       0x00000000   Number         0  cos_i.o ABSOLUTE
    ../mathlib/dunder.c                      0x00000000   Number         0  dunder.o ABSOLUTE
    ../mathlib/fpclassify.c                  0x00000000   Number         0  fpclassify.o ABSOLUTE
    ../mathlib/frexp.c                       0x00000000   Number         0  frexp.o ABSOLUTE
    ../mathlib/ldexp.c                       0x00000000   Number         0  ldexp_x.o ABSOLUTE
    ../mathlib/ldexp.c                       0x00000000   Number         0  ldexp.o ABSOLUTE
    ../mathlib/narrow.c                      0x00000000   Number         0  narrow.o ABSOLUTE
    ../mathlib/poly.c                        0x00000000   Number         0  poly.o ABSOLUTE
    ../mathlib/pow.c                         0x00000000   Number         0  pow.o ABSOLUTE
    ../mathlib/pow.c                         0x00000000   Number         0  pow_x.o ABSOLUTE
    ../mathlib/qnan.c                        0x00000000   Number         0  qnan.o ABSOLUTE
    ../mathlib/rred.c                        0x00000000   Number         0  rred.o ABSOLUTE
    ../mathlib/sin.c                         0x00000000   Number         0  sin_x.o ABSOLUTE
    ../mathlib/sin.c                         0x00000000   Number         0  sin.o ABSOLUTE
    ../mathlib/sin_i.c                       0x00000000   Number         0  sin_i.o ABSOLUTE
    ../mathlib/sin_i.c                       0x00000000   Number         0  sin_i_x.o ABSOLUTE
    ../mathlib/sqrt.c                        0x00000000   Number         0  sqrt.o ABSOLUTE
    ../mathlib/sqrt.c                        0x00000000   Number         0  sqrt_x.o ABSOLUTE
    ..\lab4.c                                0x00000000   Number         0  lab4.o ABSOLUTE
    GPIO.c                                   0x00000000   Number         0  gpio.o ABSOLUTE
    LCD.c                                    0x00000000   Number         0  lcd.o ABSOLUTE
    basmaga.c                                0x00000000   Number         0  basmaga.o ABSOLUTE
    dc.s                                     0x00000000   Number         0  dc.o ABSOLUTE
    lcddd.c                                  0x00000000   Number         0  lcddd.o ABSOLUTE
    startup_TM4C123.s                        0x00000000   Number         0  startup_tm4c123.o ABSOLUTE
    systick.c                                0x00000000   Number         0  systick.o ABSOLUTE
    tessstt.c                                0x00000000   Number         0  tessstt.o ABSOLUTE
    !!!main                                  0x0000026c   Section        8  __main.o(!!!main)
    !!!scatter                               0x00000274   Section       52  __scatter.o(!!!scatter)
    !!handler_copy                           0x000002a8   Section       26  __scatter_copy.o(!!handler_copy)
    !!handler_zi                             0x000002c4   Section       28  __scatter_zi.o(!!handler_zi)
    .ARM.Collect$$_printf_percent$$00000000  0x000002e0   Section        0  _printf_percent.o(.ARM.Collect$$_printf_percent$$00000000)
    .ARM.Collect$$_printf_percent$$00000003  0x000002e0   Section        6  _printf_f.o(.ARM.Collect$$_printf_percent$$00000003)
    .ARM.Collect$$_printf_percent$$00000017  0x000002e6   Section        4  _printf_percent_end.o(.ARM.Collect$$_printf_percent$$00000017)
    .ARM.Collect$$libinit$$00000000          0x000002ea   Section        2  libinit.o(.ARM.Collect$$libinit$$00000000)
    .ARM.Collect$$libinit$$00000002          0x000002ec   Section        0  libinit2.o(.ARM.Collect$$libinit$$00000002)
    .ARM.Collect$$libinit$$00000008          0x000002ec   Section        0  libinit2.o(.ARM.Collect$$libinit$$00000008)
    .ARM.Collect$$libinit$$0000000A          0x000002ec   Section        0  libinit2.o(.ARM.Collect$$libinit$$0000000A)
    .ARM.Collect$$libinit$$0000000C          0x000002ec   Section        0  libinit2.o(.ARM.Collect$$libinit$$0000000C)
    .ARM.Collect$$libinit$$0000000D          0x000002ec   Section        6  libinit2.o(.ARM.Collect$$libinit$$0000000D)
    .ARM.Collect$$libinit$$0000000F          0x000002f2   Section        0  libinit2.o(.ARM.Collect$$libinit$$0000000F)
    .ARM.Collect$$libinit$$00000010          0x000002f2   Section       12  libinit2.o(.ARM.Collect$$libinit$$00000010)
    .ARM.Collect$$libinit$$00000011          0x000002fe   Section        0  libinit2.o(.ARM.Collect$$libinit$$00000011)
    .ARM.Collect$$libinit$$00000013          0x000002fe   Section        0  libinit2.o(.ARM.Collect$$libinit$$00000013)
    .ARM.Collect$$libinit$$00000014          0x000002fe   Section       10  libinit2.o(.ARM.Collect$$libinit$$00000014)
    .ARM.Collect$$libinit$$00000015          0x00000308   Section        0  libinit2.o(.ARM.Collect$$libinit$$00000015)
    .ARM.Collect$$libinit$$00000017          0x00000308   Section        0  libinit2.o(.ARM.Collect$$libinit$$00000017)
    .ARM.Collect$$libinit$$00000019          0x00000308   Section        0  libinit2.o(.ARM.Collect$$libinit$$00000019)
    .ARM.Collect$$libinit$$0000001B          0x00000308   Section        0  libinit2.o(.ARM.Collect$$libinit$$0000001B)
    .ARM.Collect$$libinit$$0000001D          0x00000308   Section        0  libinit2.o(.ARM.Collect$$libinit$$0000001D)
    .ARM.Collect$$libinit$$0000001F          0x00000308   Section        0  libinit2.o(.ARM.Collect$$libinit$$0000001F)
    .ARM.Collect$$libinit$$00000021          0x00000308   Section        0  libinit2.o(.ARM.Collect$$libinit$$00000021)
    .ARM.Collect$$libinit$$00000023          0x00000308   Section        0  libinit2.o(.ARM.Collect$$libinit$$00000023)
    .ARM.Collect$$libinit$$0000002A          0x00000308   Section        0  libinit2.o(.ARM.Collect$$libinit$$0000002A)
    .ARM.Collect$$libinit$$0000002C          0x00000308   Section        0  libinit2.o(.ARM.Collect$$libinit$$0000002C)
    .ARM.Collect$$libinit$$0000002E          0x00000308   Section        0  libinit2.o(.ARM.Collect$$libinit$$0000002E)
    .ARM.Collect$$libinit$$00000030          0x00000308   Section        0  libinit2.o(.ARM.Collect$$libinit$$00000030)
    .ARM.Collect$$libinit$$00000031          0x00000308   Section        2  libinit2.o(.ARM.Collect$$libinit$$00000031)
    .ARM.Collect$$libshutdown$$00000000      0x0000030a   Section        2  libshutdown.o(.ARM.Collect$$libshutdown$$00000000)
    .ARM.Collect$$libshutdown$$00000003      0x0000030c   Section        0  libshutdown2.o(.ARM.Collect$$libshutdown$$00000003)
    .ARM.Collect$$libshutdown$$00000006      0x0000030c   Section        0  libshutdown2.o(.ARM.Collect$$libshutdown$$00000006)
    .ARM.Collect$$libshutdown$$00000009      0x0000030c   Section        0  libshutdown2.o(.ARM.Collect$$libshutdown$$00000009)
    .ARM.Collect$$libshutdown$$0000000B      0x0000030c   Section        0  libshutdown2.o(.ARM.Collect$$libshutdown$$0000000B)
    .ARM.Collect$$libshutdown$$0000000E      0x0000030c   Section        0  libshutdown2.o(.ARM.Collect$$libshutdown$$0000000E)
    .ARM.Collect$$libshutdown$$0000000F      0x0000030c   Section        2  libshutdown2.o(.ARM.Collect$$libshutdown$$0000000F)
    .ARM.Collect$$rtentry$$00000000          0x0000030e   Section        0  rtentry.o(.ARM.Collect$$rtentry$$00000000)
    .ARM.Collect$$rtentry$$00000002          0x0000030e   Section        0  rtentry2.o(.ARM.Collect$$rtentry$$00000002)
    .ARM.Collect$$rtentry$$00000004          0x0000030e   Section        6  rtentry4.o(.ARM.Collect$$rtentry$$00000004)
    .ARM.Collect$$rtentry$$00000009          0x00000314   Section        0  rtentry2.o(.ARM.Collect$$rtentry$$00000009)
    .ARM.Collect$$rtentry$$0000000A          0x00000314   Section        4  rtentry2.o(.ARM.Collect$$rtentry$$0000000A)
    .ARM.Collect$$rtentry$$0000000C          0x00000318   Section        0  rtentry2.o(.ARM.Collect$$rtentry$$0000000C)
    .ARM.Collect$$rtentry$$0000000D          0x00000318   Section        8  rtentry2.o(.ARM.Collect$$rtentry$$0000000D)
    .ARM.Collect$$rtexit$$00000000           0x00000320   Section        2  rtexit.o(.ARM.Collect$$rtexit$$00000000)
    .ARM.Collect$$rtexit$$00000002           0x00000322   Section        0  rtexit2.o(.ARM.Collect$$rtexit$$00000002)
    .ARM.Collect$$rtexit$$00000003           0x00000322   Section        4  rtexit2.o(.ARM.Collect$$rtexit$$00000003)
    .ARM.Collect$$rtexit$$00000004           0x00000326   Section        6  rtexit2.o(.ARM.Collect$$rtexit$$00000004)
    .text                                    0x0000032c   Section      292  startup_tm4c123.o(.text)
    .text                                    0x00000450   Section        0  tessstt.o(.text)
    .text                                    0x00000b38   Section        0  lcd.o(.text)
    .text                                    0x00000dc4   Section        0  systick.o(.text)
    .text                                    0x00000e40   Section        0  gpio.o(.text)
    .text                                    0x00000ec8   Section        0  noretval__2sprintf.o(.text)
    .text                                    0x00000ef0   Section        0  __printf.o(.text)
    .text                                    0x00000f58   Section        0  strtok.o(.text)
    .text                                    0x00000f64   Section        0  strcpy.o(.text)
    .text                                    0x00000fac   Section      128  strcmpv7m.o(.text)
    .text                                    0x0000102c   Section        0  heapauxi.o(.text)
    .text                                    0x00001032   Section        0  _rserrno.o(.text)
    .text                                    0x00001048   Section        0  _printf_fp_dec.o(.text)
    _fp_digits                               0x0000104b   Thumb Code   426  _printf_fp_dec.o(.text)
    .text                                    0x00001468   Section        0  _printf_char_common.o(.text)
    _printf_input_char                       0x00001469   Thumb Code    10  _printf_char_common.o(.text)
    .text                                    0x00001498   Section        0  _sputc.o(.text)
    .text                                    0x000014a4   Section        0  strtod.o(.text)
    _local_sscanf                            0x000014a5   Thumb Code    60  strtod.o(.text)
    .text                                    0x00001544   Section        0  strtok_int.o(.text)
    .text                                    0x00001588   Section        8  rt_locale_intlibspace.o(.text)
    .text                                    0x00001590   Section        8  rt_errno_addr_intlibspace.o(.text)
    .text                                    0x00001598   Section      138  lludiv10.o(.text)
    .text                                    0x00001622   Section        0  isspace.o(.text)
    .text                                    0x00001634   Section        0  _printf_fp_infnan.o(.text)
    .text                                    0x000016b4   Section        0  _sgetc.o(.text)
    .text                                    0x000016f4   Section        0  bigflt0.o(.text)
    .text                                    0x000017d8   Section        0  strcspn.o(.text)
    .text                                    0x000017f8   Section        0  strspn.o(.text)
    .text                                    0x00001814   Section        8  libspace.o(.text)
    .text                                    0x0000181c   Section       74  sys_stackheap_outer.o(.text)
    .text                                    0x00001868   Section       16  rt_ctype_table.o(.text)
    .text                                    0x00001878   Section        0  scanf_fp.o(.text)
    _fp_value                                0x00001879   Thumb Code   504  scanf_fp.o(.text)
    .text                                    0x00001d1c   Section        0  exit.o(.text)
    .text                                    0x00001d28   Section        0  scanf_hexfp.o(.text)
    .text                                    0x0000203c   Section        0  scanf_infnan.o(.text)
    .text                                    0x00002178   Section        0  sys_exit.o(.text)
    .text                                    0x00002184   Section       38  llshl.o(.text)
    .text                                    0x000021aa   Section        0  _chval.o(.text)
    .text                                    0x000021c6   Section        2  use_no_semi.o(.text)
    .text                                    0x000021c8   Section        0  indicate_semi.o(.text)
    CL$$btod_d2e                             0x000021c8   Section       62  btod.o(CL$$btod_d2e)
    CL$$btod_d2e_denorm_low                  0x00002206   Section       70  btod.o(CL$$btod_d2e_denorm_low)
    CL$$btod_d2e_norm_op1                    0x0000224c   Section       96  btod.o(CL$$btod_d2e_norm_op1)
    CL$$btod_div_common                      0x000022ac   Section      824  btod.o(CL$$btod_div_common)
    CL$$btod_e2d                             0x000025e4   Section       84  btod.o(CL$$btod_e2d)
    CL$$btod_e2e                             0x00002638   Section      198  btod.o(CL$$btod_e2e)
    CL$$btod_ediv                            0x000026fe   Section       40  btod.o(CL$$btod_ediv)
    CL$$btod_edivd                           0x00002726   Section       40  btod.o(CL$$btod_edivd)
    CL$$btod_emul                            0x0000274e   Section       40  btod.o(CL$$btod_emul)
    CL$$btod_emuld                           0x00002776   Section       40  btod.o(CL$$btod_emuld)
    CL$$btod_mult_common                     0x0000279e   Section      580  btod.o(CL$$btod_mult_common)
    i.__ARM_fpclassify                       0x000029e2   Section        0  fpclassify.o(i.__ARM_fpclassify)
    i.__ieee754_rem_pio2                     0x00002a0c   Section        0  rred.o(i.__ieee754_rem_pio2)
    i.__kernel_cos                           0x00002d94   Section        0  cos_i.o(i.__kernel_cos)
    i.__kernel_poly                          0x00002e90   Section        0  poly.o(i.__kernel_poly)
    i.__kernel_sin                           0x00002f3c   Section        0  sin_i.o(i.__kernel_sin)
    i.__mathlib_dbl_underflow                0x00003028   Section        0  dunder.o(i.__mathlib_dbl_underflow)
    i.__mathlib_narrow                       0x00003038   Section        0  narrow.o(i.__mathlib_narrow)
    i.__mathlib_tofloat                      0x00003048   Section        0  narrow.o(i.__mathlib_tofloat)
    i.__support_ldexp                        0x000030d0   Section        0  ldexp.o(i.__support_ldexp)
    i._is_digit                              0x000030e6   Section        0  __printf_wp.o(i._is_digit)
    i.atan                                   0x000030f4   Section        0  atan.o(i.atan)
    i.atan2                                  0x00003318   Section        0  atan2.o(i.atan2)
    i.atof                                   0x00003498   Section        0  atof.o(i.atof)
    i.cos                                    0x000034c4   Section        0  cos.o(i.cos)
    i.frexp                                  0x00003570   Section        0  frexp.o(i.frexp)
    i.ldexp                                  0x000035c8   Section        0  ldexp.o(i.ldexp)
    i.pow                                    0x00003648   Section        0  pow.o(i.pow)
    i.sin                                    0x00004028   Section        0  sin.o(i.sin)
    i.sqrt                                   0x000040d8   Section        0  sqrt.o(i.sqrt)
    locale$$code                             0x00004124   Section       44  lc_numeric_c.o(locale$$code)
    locale$$code                             0x00004150   Section       44  lc_ctype_c.o(locale$$code)
    x$fpl$d2f                                0x0000417c   Section       98  d2f.o(x$fpl$d2f)
    x$fpl$dadd                               0x000041e0   Section      336  daddsub_clz.o(x$fpl$dadd)
    _dadd1                                   0x000041f1   Thumb Code     0  daddsub_clz.o(x$fpl$dadd)
    x$fpl$dcheck1                            0x00004330   Section       16  dcheck1.o(x$fpl$dcheck1)
    x$fpl$dcmpinf                            0x00004340   Section       24  dcmpi.o(x$fpl$dcmpinf)
    x$fpl$ddiv                               0x00004358   Section      688  ddiv.o(x$fpl$ddiv)
    ddiv_entry                               0x0000435f   Thumb Code     0  ddiv.o(x$fpl$ddiv)
    x$fpl$deqf                               0x00004608   Section      120  deqf.o(x$fpl$deqf)
    x$fpl$dfix                               0x00004680   Section       94  dfix.o(x$fpl$dfix)
    x$fpl$dflt                               0x000046de   Section       46  dflt_clz.o(x$fpl$dflt)
    x$fpl$dfltu                              0x0000470c   Section       38  dflt_clz.o(x$fpl$dfltu)
    x$fpl$dleqf                              0x00004734   Section      120  dleqf.o(x$fpl$dleqf)
    x$fpl$dmul                               0x000047ac   Section      340  dmul.o(x$fpl$dmul)
    x$fpl$dnaninf                            0x00004900   Section      156  dnaninf.o(x$fpl$dnaninf)
    x$fpl$dretinf                            0x0000499c   Section       12  dretinf.o(x$fpl$dretinf)
    x$fpl$drleqf                             0x000049a8   Section      108  drleqf.o(x$fpl$drleqf)
    x$fpl$drsb                               0x00004a14   Section       22  daddsub_clz.o(x$fpl$drsb)
    x$fpl$dsqrt                              0x00004a2c   Section      408  dsqrt_umaal.o(x$fpl$dsqrt)
    x$fpl$dsub                               0x00004bc4   Section      468  daddsub_clz.o(x$fpl$dsub)
    _dsub1                                   0x00004bd5   Thumb Code     0  daddsub_clz.o(x$fpl$dsub)
    x$fpl$f2d                                0x00004d98   Section       86  f2d.o(x$fpl$f2d)
    x$fpl$fadd                               0x00004df0   Section      196  faddsub_clz.o(x$fpl$fadd)
    _fadd1                                   0x00004dff   Thumb Code     0  faddsub_clz.o(x$fpl$fadd)
    x$fpl$fcmpinf                            0x00004eb4   Section       24  fcmpi.o(x$fpl$fcmpinf)
    x$fpl$fdiv                               0x00004ecc   Section      388  fdiv.o(x$fpl$fdiv)
    _fdiv1                                   0x00004ecd   Thumb Code     0  fdiv.o(x$fpl$fdiv)
    x$fpl$ffix                               0x00005050   Section       54  ffix.o(x$fpl$ffix)
    x$fpl$fflt                               0x00005088   Section       48  fflt_clz.o(x$fpl$fflt)
    x$fpl$fleqf                              0x000050b8   Section      104  fleqf.o(x$fpl$fleqf)
    x$fpl$fmul                               0x00005120   Section      258  fmul.o(x$fpl$fmul)
    x$fpl$fnaninf                            0x00005222   Section      140  fnaninf.o(x$fpl$fnaninf)
    x$fpl$fretinf                            0x000052ae   Section       10  fretinf.o(x$fpl$fretinf)
    x$fpl$frleqf                             0x000052b8   Section       98  frleqf.o(x$fpl$frleqf)
    x$fpl$frsb                               0x0000531a   Section       20  faddsub_clz.o(x$fpl$frsb)
    x$fpl$fsub                               0x00005330   Section      234  faddsub_clz.o(x$fpl$fsub)
    _fsub1                                   0x0000533f   Thumb Code     0  faddsub_clz.o(x$fpl$fsub)
    x$fpl$printf1                            0x0000541a   Section        4  printf1.o(x$fpl$printf1)
    x$fpl$retnan                             0x0000541e   Section      100  retnan.o(x$fpl$retnan)
    x$fpl$scalbn                             0x00005482   Section       92  scalbn.o(x$fpl$scalbn)
    x$fpl$scanf1                             0x000054de   Section        4  scanf1.o(x$fpl$scanf1)
    x$fpl$scanf2                             0x000054e2   Section        8  scanf2.o(x$fpl$scanf2)
    x$fpl$trapveneer                         0x000054ea   Section       48  trapv.o(x$fpl$trapveneer)
    x$fpl$usenofp                            0x0000551a   Section        0  usenofp.o(x$fpl$usenofp)
    .constdata                               0x00005520   Section      136  pow.o(.constdata)
    bp                                       0x00005520   Data          16  pow.o(.constdata)
    dp_h                                     0x00005530   Data          16  pow.o(.constdata)
    dp_l                                     0x00005540   Data          16  pow.o(.constdata)
    L                                        0x00005550   Data          48  pow.o(.constdata)
    P                                        0x00005580   Data          40  pow.o(.constdata)
    .constdata                               0x000055a8   Section      152  atan.o(.constdata)
    atanhi                                   0x000055a8   Data          32  atan.o(.constdata)
    atanlo                                   0x000055c8   Data          32  atan.o(.constdata)
    aTodd                                    0x000055e8   Data          40  atan.o(.constdata)
    aTeven                                   0x00005610   Data          48  atan.o(.constdata)
    .constdata                               0x00005640   Section       48  cos_i.o(.constdata)
    C                                        0x00005640   Data          48  cos_i.o(.constdata)
    .constdata                               0x00005670   Section        8  qnan.o(.constdata)
    .constdata                               0x00005678   Section      200  rred.o(.constdata)
    pio2s                                    0x00005678   Data          48  rred.o(.constdata)
    twooverpi                                0x000056a8   Data         152  rred.o(.constdata)
    .constdata                               0x00005740   Section       40  sin_i.o(.constdata)
    S                                        0x00005740   Data          40  sin_i.o(.constdata)
    .constdata                               0x00005768   Section      148  bigflt0.o(.constdata)
    tenpwrs_x                                0x00005768   Data          60  bigflt0.o(.constdata)
    tenpwrs_i                                0x000057a4   Data          64  bigflt0.o(.constdata)
    c$$dinf                                  0x0000581c   Section        8  fpconst.o(c$$dinf)
    locale$$data                             0x00005824   Section       28  lc_numeric_c.o(locale$$data)
    __lcnum_c_name                           0x00005828   Data           2  lc_numeric_c.o(locale$$data)
    __lcnum_c_start                          0x00005830   Data           0  lc_numeric_c.o(locale$$data)
    __lcnum_c_point                          0x0000583c   Data           0  lc_numeric_c.o(locale$$data)
    __lcnum_c_thousands                      0x0000583e   Data           0  lc_numeric_c.o(locale$$data)
    __lcnum_c_grouping                       0x0000583f   Data           0  lc_numeric_c.o(locale$$data)
    locale$$data                             0x00005840   Section      272  lc_ctype_c.o(locale$$data)
    __lcnum_c_end                            0x00005840   Data           0  lc_numeric_c.o(locale$$data)
    __lcctype_c_name                         0x00005844   Data           2  lc_ctype_c.o(locale$$data)
    __lcctype_c_start                        0x0000584c   Data           0  lc_ctype_c.o(locale$$data)
    __lcctype_c_end                          0x00005950   Data           0  lc_ctype_c.o(locale$$data)
    .data                                    0x20000000   Section       32  tessstt.o(.data)
    .data                                    0x20000020   Section        4  strtok.o(.data)
    _strtok_saves1                           0x20000020   Data           4  strtok.o(.data)
    .bss                                     0x20000024   Section      320  tessstt.o(.bss)
    .bss                                     0x20000164   Section       96  libspace.o(.bss)
    HEAP                                     0x200001c8   Section        0  startup_tm4c123.o(HEAP)
    STACK                                    0x200001c8   Section      512  startup_tm4c123.o(STACK)
    Heap_Mem                                 0x200001c8   Data           0  startup_tm4c123.o(HEAP)
    Stack_Mem                                0x200001c8   Data         512  startup_tm4c123.o(STACK)
    __initial_sp                             0x200003c8   Data           0  startup_tm4c123.o(STACK)

    Global Symbols

    Symbol Name                              Value     Ov Type        Size  Object(Section)

    BuildAttributes$$THM_ISAv4$E$P$D$K$B$S$7EM$PE$A:L22UL41UL21$X:L11$S22US41US21$IEEE1$IW$USESV6$~STKCKD$USESV7$~SHL$OTIME$ROPI$IEEEX$EBA8$UX$STANDARDLIB$REQ8$PRES8$EABIv2 0x00000000   Number         0  anon$$obj.o ABSOLUTE
    __ARM_use_no_argv                        0x00000000   Number         0  tessstt.o ABSOLUTE
    __Vectors                                0x00000000   Data           4  startup_tm4c123.o(RESET)
    __ARM_exceptions_init                     - Undefined Weak Reference
    __alloca_initialize                       - Undefined Weak Reference
    __cpp_initialize__aeabi_                  - Undefined Weak Reference
    __cxa_finalize                            - Undefined Weak Reference
    __sigvec_lookup                           - Undefined Weak Reference
    _atexit_init                              - Undefined Weak Reference
    _call_atexit_fns                          - Undefined Weak Reference
    _clock_init                               - Undefined Weak Reference
    _fp_trap_init                             - Undefined Weak Reference
    _fp_trap_shutdown                         - Undefined Weak Reference
    _get_lc_collate                           - Undefined Weak Reference
    _get_lc_monetary                          - Undefined Weak Reference
    _get_lc_time                              - Undefined Weak Reference
    _getenv_init                              - Undefined Weak Reference
    _handle_redirection                       - Undefined Weak Reference
    _init_alloc                               - Undefined Weak Reference
    _init_user_alloc                          - Undefined Weak Reference
    _initio                                   - Undefined Weak Reference
    _printf_post_padding                      - Undefined Weak Reference
    _printf_pre_padding                       - Undefined Weak Reference
    _rand_init                                - Undefined Weak Reference
    _signal_finish                            - Undefined Weak Reference
    _signal_init                              - Undefined Weak Reference
    _terminate_alloc                          - Undefined Weak Reference
    _terminate_user_alloc                     - Undefined Weak Reference
    _terminateio                              - Undefined Weak Reference
    __Vectors_End                            0x0000026c   Data           0  startup_tm4c123.o(RESET)
    __Vectors_Size                           0x0000026c   Number         0  startup_tm4c123.o ABSOLUTE
    __main                                   0x0000026d   Thumb Code     8  __main.o(!!!main)
    __scatterload                            0x00000275   Thumb Code     0  __scatter.o(!!!scatter)
    __scatterload_rt2                        0x00000275   Thumb Code    44  __scatter.o(!!!scatter)
    __scatterload_rt2_thumb_only             0x00000275   Thumb Code     0  __scatter.o(!!!scatter)
    __scatterload_null                       0x00000283   Thumb Code     0  __scatter.o(!!!scatter)
    __scatterload_copy                       0x000002a9   Thumb Code    26  __scatter_copy.o(!!handler_copy)
    __scatterload_zeroinit                   0x000002c5   Thumb Code    28  __scatter_zi.o(!!handler_zi)
    _printf_f                                0x000002e1   Thumb Code     0  _printf_f.o(.ARM.Collect$$_printf_percent$$00000003)
    _printf_percent                          0x000002e1   Thumb Code     0  _printf_percent.o(.ARM.Collect$$_printf_percent$$00000000)
    _printf_percent_end                      0x000002e7   Thumb Code     0  _printf_percent_end.o(.ARM.Collect$$_printf_percent$$00000017)
    __rt_lib_init                            0x000002eb   Thumb Code     0  libinit.o(.ARM.Collect$$libinit$$00000000)
    __rt_lib_init_fp_1                       0x000002ed   Thumb Code     0  libinit2.o(.ARM.Collect$$libinit$$00000002)
    __rt_lib_init_heap_1                     0x000002ed   Thumb Code     0  libinit2.o(.ARM.Collect$$libinit$$00000008)
    __rt_lib_init_lc_common                  0x000002ed   Thumb Code     0  libinit2.o(.ARM.Collect$$libinit$$0000000D)
    __rt_lib_init_rand_1                     0x000002ed   Thumb Code     0  libinit2.o(.ARM.Collect$$libinit$$0000000C)
    __rt_lib_init_user_alloc_1               0x000002ed   Thumb Code     0  libinit2.o(.ARM.Collect$$libinit$$0000000A)
    __rt_lib_init_lc_collate_1               0x000002f3   Thumb Code     0  libinit2.o(.ARM.Collect$$libinit$$0000000F)
    __rt_lib_init_lc_ctype_2                 0x000002f3   Thumb Code     0  libinit2.o(.ARM.Collect$$libinit$$00000010)
    __rt_lib_init_lc_ctype_1                 0x000002ff   Thumb Code     0  libinit2.o(.ARM.Collect$$libinit$$00000011)
    __rt_lib_init_lc_monetary_1              0x000002ff   Thumb Code     0  libinit2.o(.ARM.Collect$$libinit$$00000013)
    __rt_lib_init_lc_numeric_2               0x000002ff   Thumb Code     0  libinit2.o(.ARM.Collect$$libinit$$00000014)
    __rt_lib_init_alloca_1                   0x00000309   Thumb Code     0  libinit2.o(.ARM.Collect$$libinit$$0000002C)
    __rt_lib_init_argv_1                     0x00000309   Thumb Code     0  libinit2.o(.ARM.Collect$$libinit$$0000002A)
    __rt_lib_init_atexit_1                   0x00000309   Thumb Code     0  libinit2.o(.ARM.Collect$$libinit$$00000019)
    __rt_lib_init_clock_1                    0x00000309   Thumb Code     0  libinit2.o(.ARM.Collect$$libinit$$0000001F)
    __rt_lib_init_cpp_1                      0x00000309   Thumb Code     0  libinit2.o(.ARM.Collect$$libinit$$00000030)
    __rt_lib_init_exceptions_1               0x00000309   Thumb Code     0  libinit2.o(.ARM.Collect$$libinit$$0000002E)
    __rt_lib_init_fp_trap_1                  0x00000309   Thumb Code     0  libinit2.o(.ARM.Collect$$libinit$$0000001D)
    __rt_lib_init_getenv_1                   0x00000309   Thumb Code     0  libinit2.o(.ARM.Collect$$libinit$$00000021)
    __rt_lib_init_lc_numeric_1               0x00000309   Thumb Code     0  libinit2.o(.ARM.Collect$$libinit$$00000015)
    __rt_lib_init_lc_time_1                  0x00000309   Thumb Code     0  libinit2.o(.ARM.Collect$$libinit$$00000017)
    __rt_lib_init_return                     0x00000309   Thumb Code     0  libinit2.o(.ARM.Collect$$libinit$$00000031)
    __rt_lib_init_signal_1                   0x00000309   Thumb Code     0  libinit2.o(.ARM.Collect$$libinit$$0000001B)
    __rt_lib_init_stdio_1                    0x00000309   Thumb Code     0  libinit2.o(.ARM.Collect$$libinit$$00000023)
    __rt_lib_shutdown                        0x0000030b   Thumb Code     0  libshutdown.o(.ARM.Collect$$libshutdown$$00000000)
    __rt_lib_shutdown_fp_trap_1              0x0000030d   Thumb Code     0  libshutdown2.o(.ARM.Collect$$libshutdown$$00000006)
    __rt_lib_shutdown_heap_1                 0x0000030d   Thumb Code     0  libshutdown2.o(.ARM.Collect$$libshutdown$$0000000E)
    __rt_lib_shutdown_return                 0x0000030d   Thumb Code     0  libshutdown2.o(.ARM.Collect$$libshutdown$$0000000F)
    __rt_lib_shutdown_signal_1               0x0000030d   Thumb Code     0  libshutdown2.o(.ARM.Collect$$libshutdown$$00000009)
    __rt_lib_shutdown_stdio_1                0x0000030d   Thumb Code     0  libshutdown2.o(.ARM.Collect$$libshutdown$$00000003)
    __rt_lib_shutdown_user_alloc_1           0x0000030d   Thumb Code     0  libshutdown2.o(.ARM.Collect$$libshutdown$$0000000B)
    __rt_entry                               0x0000030f   Thumb Code     0  rtentry.o(.ARM.Collect$$rtentry$$00000000)
    __rt_entry_presh_1                       0x0000030f   Thumb Code     0  rtentry2.o(.ARM.Collect$$rtentry$$00000002)
    __rt_entry_sh                            0x0000030f   Thumb Code     0  rtentry4.o(.ARM.Collect$$rtentry$$00000004)
    __rt_entry_li                            0x00000315   Thumb Code     0  rtentry2.o(.ARM.Collect$$rtentry$$0000000A)
    __rt_entry_postsh_1                      0x00000315   Thumb Code     0  rtentry2.o(.ARM.Collect$$rtentry$$00000009)
    __rt_entry_main                          0x00000319   Thumb Code     0  rtentry2.o(.ARM.Collect$$rtentry$$0000000D)
    __rt_entry_postli_1                      0x00000319   Thumb Code     0  rtentry2.o(.ARM.Collect$$rtentry$$0000000C)
    __rt_exit                                0x00000321   Thumb Code     0  rtexit.o(.ARM.Collect$$rtexit$$00000000)
    __rt_exit_ls                             0x00000323   Thumb Code     0  rtexit2.o(.ARM.Collect$$rtexit$$00000003)
    __rt_exit_prels_1                        0x00000323   Thumb Code     0  rtexit2.o(.ARM.Collect$$rtexit$$00000002)
    __rt_exit_exit                           0x00000327   Thumb Code     0  rtexit2.o(.ARM.Collect$$rtexit$$00000004)
    Reset_Handler                            0x0000032d   Thumb Code    24  startup_tm4c123.o(.text)
    NMI_Handler                              0x00000345   Thumb Code     2  startup_tm4c123.o(.text)
    HardFault_Handler                        0x00000347   Thumb Code     2  startup_tm4c123.o(.text)
    MemManage_Handler                        0x00000349   Thumb Code     2  startup_tm4c123.o(.text)
    BusFault_Handler                         0x0000034b   Thumb Code     2  startup_tm4c123.o(.text)
    UsageFault_Handler                       0x0000034d   Thumb Code     2  startup_tm4c123.o(.text)
    SVC_Handler                              0x0000034f   Thumb Code     2  startup_tm4c123.o(.text)
    DebugMon_Handler                         0x00000351   Thumb Code     2  startup_tm4c123.o(.text)
    PendSV_Handler                           0x00000353   Thumb Code     2  startup_tm4c123.o(.text)
    SysTick_Handler                          0x00000355   Thumb Code     2  startup_tm4c123.o(.text)
    GPIOA_Handler                            0x00000357   Thumb Code     2  startup_tm4c123.o(.text)
    GPIOB_Handler                            0x00000359   Thumb Code     2  startup_tm4c123.o(.text)
    GPIOC_Handler                            0x0000035b   Thumb Code     2  startup_tm4c123.o(.text)
    GPIOD_Handler                            0x0000035d   Thumb Code     2  startup_tm4c123.o(.text)
    GPIOE_Handler                            0x0000035f   Thumb Code     2  startup_tm4c123.o(.text)
    UART0_Handler                            0x00000361   Thumb Code     2  startup_tm4c123.o(.text)
    UART1_Handler                            0x00000363   Thumb Code     2  startup_tm4c123.o(.text)
    SSI0_Handler                             0x00000365   Thumb Code     2  startup_tm4c123.o(.text)
    I2C0_Handler                             0x00000367   Thumb Code     2  startup_tm4c123.o(.text)
    PMW0_FAULT_Handler                       0x00000369   Thumb Code     2  startup_tm4c123.o(.text)
    PWM0_0_Handler                           0x0000036b   Thumb Code     2  startup_tm4c123.o(.text)
    PWM0_1_Handler                           0x0000036d   Thumb Code     2  startup_tm4c123.o(.text)
    PWM0_2_Handler                           0x0000036f   Thumb Code     2  startup_tm4c123.o(.text)
    QEI0_Handler                             0x00000371   Thumb Code     2  startup_tm4c123.o(.text)
    ADC0SS0_Handler                          0x00000373   Thumb Code     2  startup_tm4c123.o(.text)
    ADC0SS1_Handler                          0x00000375   Thumb Code     2  startup_tm4c123.o(.text)
    ADC0SS2_Handler                          0x00000377   Thumb Code     2  startup_tm4c123.o(.text)
    ADC0SS3_Handler                          0x00000379   Thumb Code     2  startup_tm4c123.o(.text)
    WDT0_Handler                             0x0000037b   Thumb Code     2  startup_tm4c123.o(.text)
    TIMER0A_Handler                          0x0000037d   Thumb Code     2  startup_tm4c123.o(.text)
    TIMER0B_Handler                          0x0000037f   Thumb Code     2  startup_tm4c123.o(.text)
    TIMER1A_Handler                          0x00000381   Thumb Code     2  startup_tm4c123.o(.text)
    TIMER1B_Handler                          0x00000383   Thumb Code     2  startup_tm4c123.o(.text)
    TIMER2A_Handler                          0x00000385   Thumb Code     2  startup_tm4c123.o(.text)
    TIMER2B_Handler                          0x00000387   Thumb Code     2  startup_tm4c123.o(.text)
    COMP0_Handler                            0x00000389   Thumb Code     2  startup_tm4c123.o(.text)
    COMP1_Handler                            0x0000038b   Thumb Code     2  startup_tm4c123.o(.text)
    COMP2_Handler                            0x0000038d   Thumb Code     2  startup_tm4c123.o(.text)
    SYSCTL_Handler                           0x0000038f   Thumb Code     2  startup_tm4c123.o(.text)
    FLASH_Handler                            0x00000391   Thumb Code     2  startup_tm4c123.o(.text)
    GPIOF_Handler                            0x00000393   Thumb Code     2  startup_tm4c123.o(.text)
    GPIOG_Handler                            0x00000395   Thumb Code     2  startup_tm4c123.o(.text)
    GPIOH_Handler                            0x00000397   Thumb Code     2  startup_tm4c123.o(.text)
    UART2_Handler                            0x00000399   Thumb Code     2  startup_tm4c123.o(.text)
    SSI1_Handler                             0x0000039b   Thumb Code     2  startup_tm4c123.o(.text)
    TIMER3A_Handler                          0x0000039d   Thumb Code     2  startup_tm4c123.o(.text)
    TIMER3B_Handler                          0x0000039f   Thumb Code     2  startup_tm4c123.o(.text)
    I2C1_Handler                             0x000003a1   Thumb Code     2  startup_tm4c123.o(.text)
    QEI1_Handler                             0x000003a3   Thumb Code     2  startup_tm4c123.o(.text)
    CAN0_Handler                             0x000003a5   Thumb Code     2  startup_tm4c123.o(.text)
    CAN1_Handler                             0x000003a7   Thumb Code     2  startup_tm4c123.o(.text)
    CAN2_Handler                             0x000003a9   Thumb Code     2  startup_tm4c123.o(.text)
    HIB_Handler                              0x000003ab   Thumb Code     2  startup_tm4c123.o(.text)
    USB0_Handler                             0x000003ad   Thumb Code     2  startup_tm4c123.o(.text)
    PWM0_3_Handler                           0x000003af   Thumb Code     2  startup_tm4c123.o(.text)
    UDMA_Handler                             0x000003b1   Thumb Code     2  startup_tm4c123.o(.text)
    UDMAERR_Handler                          0x000003b3   Thumb Code     2  startup_tm4c123.o(.text)
    ADC1SS0_Handler                          0x000003b5   Thumb Code     2  startup_tm4c123.o(.text)
    ADC1SS1_Handler                          0x000003b7   Thumb Code     2  startup_tm4c123.o(.text)
    ADC1SS2_Handler                          0x000003b9   Thumb Code     2  startup_tm4c123.o(.text)
    ADC1SS3_Handler                          0x000003bb   Thumb Code     2  startup_tm4c123.o(.text)
    GPIOJ_Handler                            0x000003bd   Thumb Code     2  startup_tm4c123.o(.text)
    GPIOK_Handler                            0x000003bf   Thumb Code     2  startup_tm4c123.o(.text)
    GPIOL_Handler                            0x000003c1   Thumb Code     2  startup_tm4c123.o(.text)
    SSI2_Handler                             0x000003c3   Thumb Code     2  startup_tm4c123.o(.text)
    SSI3_Handler                             0x000003c5   Thumb Code     2  startup_tm4c123.o(.text)
    UART3_Handler                            0x000003c7   Thumb Code     2  startup_tm4c123.o(.text)
    UART4_Handler                            0x000003c9   Thumb Code     2  startup_tm4c123.o(.text)
    UART5_Handler                            0x000003cb   Thumb Code     2  startup_tm4c123.o(.text)
    UART6_Handler                            0x000003cd   Thumb Code     2  startup_tm4c123.o(.text)
    UART7_Handler                            0x000003cf   Thumb Code     2  startup_tm4c123.o(.text)
    I2C2_Handler                             0x000003d1   Thumb Code     2  startup_tm4c123.o(.text)
    I2C3_Handler                             0x000003d3   Thumb Code     2  startup_tm4c123.o(.text)
    TIMER4A_Handler                          0x000003d5   Thumb Code     2  startup_tm4c123.o(.text)
    TIMER4B_Handler                          0x000003d7   Thumb Code     2  startup_tm4c123.o(.text)
    TIMER5A_Handler                          0x000003d9   Thumb Code     2  startup_tm4c123.o(.text)
    TIMER5B_Handler                          0x000003db   Thumb Code     2  startup_tm4c123.o(.text)
    WTIMER0A_Handler                         0x000003dd   Thumb Code     2  startup_tm4c123.o(.text)
    WTIMER0B_Handler                         0x000003df   Thumb Code     2  startup_tm4c123.o(.text)
    WTIMER1A_Handler                         0x000003e1   Thumb Code     2  startup_tm4c123.o(.text)
    WTIMER1B_Handler                         0x000003e3   Thumb Code     2  startup_tm4c123.o(.text)
    WTIMER2A_Handler                         0x000003e5   Thumb Code     2  startup_tm4c123.o(.text)
    WTIMER2B_Handler                         0x000003e7   Thumb Code     2  startup_tm4c123.o(.text)
    WTIMER3A_Handler                         0x000003e9   Thumb Code     2  startup_tm4c123.o(.text)
    WTIMER3B_Handler                         0x000003eb   Thumb Code     2  startup_tm4c123.o(.text)
    WTIMER4A_Handler                         0x000003ed   Thumb Code     2  startup_tm4c123.o(.text)
    WTIMER4B_Handler                         0x000003ef   Thumb Code     2  startup_tm4c123.o(.text)
    WTIMER5A_Handler                         0x000003f1   Thumb Code     2  startup_tm4c123.o(.text)
    WTIMER5B_Handler                         0x000003f3   Thumb Code     2  startup_tm4c123.o(.text)
    FPU_Handler                              0x000003f5   Thumb Code     2  startup_tm4c123.o(.text)
    I2C4_Handler                             0x000003f7   Thumb Code     2  startup_tm4c123.o(.text)
    I2C5_Handler                             0x000003f9   Thumb Code     2  startup_tm4c123.o(.text)
    GPIOM_Handler                            0x000003fb   Thumb Code     2  startup_tm4c123.o(.text)
    GPION_Handler                            0x000003fd   Thumb Code     2  startup_tm4c123.o(.text)
    QEI2_Handler                             0x000003ff   Thumb Code     2  startup_tm4c123.o(.text)
    GPIOP0_Handler                           0x00000401   Thumb Code     2  startup_tm4c123.o(.text)
    GPIOP1_Handler                           0x00000403   Thumb Code     2  startup_tm4c123.o(.text)
    GPIOP2_Handler                           0x00000405   Thumb Code     2  startup_tm4c123.o(.text)
    GPIOP3_Handler                           0x00000407   Thumb Code     2  startup_tm4c123.o(.text)
    GPIOP4_Handler                           0x00000409   Thumb Code     2  startup_tm4c123.o(.text)
    GPIOP5_Handler                           0x0000040b   Thumb Code     2  startup_tm4c123.o(.text)
    GPIOP6_Handler                           0x0000040d   Thumb Code     2  startup_tm4c123.o(.text)
    GPIOP7_Handler                           0x0000040f   Thumb Code     2  startup_tm4c123.o(.text)
    GPIOQ0_Handler                           0x00000411   Thumb Code     2  startup_tm4c123.o(.text)
    GPIOQ1_Handler                           0x00000413   Thumb Code     2  startup_tm4c123.o(.text)
    GPIOQ2_Handler                           0x00000415   Thumb Code     2  startup_tm4c123.o(.text)
    GPIOQ3_Handler                           0x00000417   Thumb Code     2  startup_tm4c123.o(.text)
    GPIOQ4_Handler                           0x00000419   Thumb Code     2  startup_tm4c123.o(.text)
    GPIOQ5_Handler                           0x0000041b   Thumb Code     2  startup_tm4c123.o(.text)
    GPIOQ6_Handler                           0x0000041d   Thumb Code     2  startup_tm4c123.o(.text)
    GPIOQ7_Handler                           0x0000041f   Thumb Code     2  startup_tm4c123.o(.text)
    GPIOR_Handler                            0x00000421   Thumb Code     2  startup_tm4c123.o(.text)
    GPIOS_Handler                            0x00000423   Thumb Code     2  startup_tm4c123.o(.text)
    PMW1_0_Handler                           0x00000425   Thumb Code     2  startup_tm4c123.o(.text)
    PWM1_1_Handler                           0x00000427   Thumb Code     2  startup_tm4c123.o(.text)
    PWM1_2_Handler                           0x00000429   Thumb Code     2  startup_tm4c123.o(.text)
    PWM1_3_Handler                           0x0000042b   Thumb Code     2  startup_tm4c123.o(.text)
    PWM1_FAULT_Handler                       0x0000042d   Thumb Code     2  startup_tm4c123.o(.text)
    __user_initial_stackheap                 0x00000431   Thumb Code     0  startup_tm4c123.o(.text)
    UART_Init                                0x00000451   Thumb Code   118  tessstt.o(.text)
    send                                     0x000004c7   Thumb Code    18  tessstt.o(.text)
    rece                                     0x000004d9   Thumb Code    20  tessstt.o(.text)
    GPS_read                                 0x000004ed   Thumb Code    70  tessstt.o(.text)
    GPS_format                               0x00000533   Thumb Code   202  tessstt.o(.text)
    toDegree                                 0x000005fd   Thumb Code    70  tessstt.o(.text)
    toRad                                    0x00000643   Thumb Code    32  tessstt.o(.text)
    GPS_getDistance                          0x00000663   Thumb Code   336  tessstt.o(.text)
    UART7_INIT                               0x000007b3   Thumb Code   116  tessstt.o(.text)
    UART0_INIT                               0x00000827   Thumb Code   226  tessstt.o(.text)
    UART0_write                              0x00000909   Thumb Code    20  tessstt.o(.text)
    UART0_Available                          0x0000091d   Thumb Code    20  tessstt.o(.text)
    printstr                                 0x00000931   Thumb Code    22  tessstt.o(.text)
    UART0_read                               0x00000947   Thumb Code    20  tessstt.o(.text)
    RGBLED_Init                              0x0000095b   Thumb Code   114  tessstt.o(.text)
    RGB_set                                  0x000009cd   Thumb Code    20  tessstt.o(.text)
    main                                     0x000009e1   Thumb Code   272  tessstt.o(.text)
    LCD_sendCommand                          0x00000b39   Thumb Code   162  lcd.o(.text)
    LCD_init                                 0x00000bdb   Thumb Code   192  lcd.o(.text)
    LCD_displayCharacter                     0x00000c9b   Thumb Code   150  lcd.o(.text)
    LCD_displayString                        0x00000d31   Thumb Code    26  lcd.o(.text)
    LCD_Clear                                0x00000d4b   Thumb Code    24  lcd.o(.text)
    LCD_displayfloat                         0x00000d63   Thumb Code    72  lcd.o(.text)
    SysTick_Init                             0x00000dc5   Thumb Code    24  systick.o(.text)
    SysTick_Wait                             0x00000ddd   Thumb Code    30  systick.o(.text)
    SysTick_Waitu                            0x00000dfb   Thumb Code    28  systick.o(.text)
    SysTick_Wait1ms                          0x00000e17   Thumb Code    20  systick.o(.text)
    SysTick_Wait1us                          0x00000e2b   Thumb Code    20  systick.o(.text)
    GPIO_initPORTF                           0x00000e41   Thumb Code    84  gpio.o(.text)
    led_on                                   0x00000e95   Thumb Code    16  gpio.o(.text)
    led_off                                  0x00000ea5   Thumb Code     8  gpio.o(.text)
    __2sprintf                               0x00000ec9   Thumb Code    34  noretval__2sprintf.o(.text)
    __printf                                 0x00000ef1   Thumb Code   104  __printf.o(.text)
    strtok                                   0x00000f59   Thumb Code     6  strtok.o(.text)
    strcpy                                   0x00000f65   Thumb Code    72  strcpy.o(.text)
    strcmp                                   0x00000fad   Thumb Code   128  strcmpv7m.o(.text)
    __use_two_region_memory                  0x0000102d   Thumb Code     2  heapauxi.o(.text)
    __rt_heap_escrow$2region                 0x0000102f   Thumb Code     2  heapauxi.o(.text)
    __rt_heap_expand$2region                 0x00001031   Thumb Code     2  heapauxi.o(.text)
    __read_errno                             0x00001033   Thumb Code    10  _rserrno.o(.text)
    __set_errno                              0x0000103d   Thumb Code    12  _rserrno.o(.text)
    __lib_sel_fp_printf                      0x00001049   Thumb Code     2  _printf_fp_dec.o(.text)
    _printf_fp_dec_real                      0x000011f5   Thumb Code   628  _printf_fp_dec.o(.text)
    _printf_char_common                      0x00001473   Thumb Code    32  _printf_char_common.o(.text)
    _sputc                                   0x00001499   Thumb Code    10  _sputc.o(.text)
    __strtod_int                             0x000014e1   Thumb Code    88  strtod.o(.text)
    __strtok_internal                        0x00001545   Thumb Code    64  strtok_int.o(.text)
    __rt_locale                              0x00001589   Thumb Code     8  rt_locale_intlibspace.o(.text)
    __aeabi_errno_addr                       0x00001591   Thumb Code     8  rt_errno_addr_intlibspace.o(.text)
    __errno$intlibspace                      0x00001591   Thumb Code     0  rt_errno_addr_intlibspace.o(.text)
    __rt_errno_addr$intlibspace              0x00001591   Thumb Code     0  rt_errno_addr_intlibspace.o(.text)
    _ll_udiv10                               0x00001599   Thumb Code   138  lludiv10.o(.text)
    isspace                                  0x00001623   Thumb Code    18  isspace.o(.text)
    _printf_fp_infnan                        0x00001635   Thumb Code   112  _printf_fp_infnan.o(.text)
    _sgetc                                   0x000016b5   Thumb Code    30  _sgetc.o(.text)
    _sbackspace                              0x000016d3   Thumb Code    34  _sgetc.o(.text)
    _btod_etento                             0x000016f5   Thumb Code   222  bigflt0.o(.text)
    strcspn                                  0x000017d9   Thumb Code    32  strcspn.o(.text)
    strspn                                   0x000017f9   Thumb Code    28  strspn.o(.text)
    __user_libspace                          0x00001815   Thumb Code     8  libspace.o(.text)
    __user_perproc_libspace                  0x00001815   Thumb Code     0  libspace.o(.text)
    __user_perthread_libspace                0x00001815   Thumb Code     0  libspace.o(.text)
    __user_setup_stackheap                   0x0000181d   Thumb Code    74  sys_stackheap_outer.o(.text)
    __rt_ctype_table                         0x00001869   Thumb Code    16  rt_ctype_table.o(.text)
    _scanf_really_real                       0x00001a71   Thumb Code   672  scanf_fp.o(.text)
    exit                                     0x00001d1d   Thumb Code    12  exit.o(.text)
    _scanf_really_hex_real                   0x00001d29   Thumb Code   776  scanf_hexfp.o(.text)
    _scanf_really_infnan                     0x0000203d   Thumb Code   298  scanf_infnan.o(.text)
    _sys_exit                                0x00002179   Thumb Code     8  sys_exit.o(.text)
    __aeabi_llsl                             0x00002185   Thumb Code     0  llshl.o(.text)
    _ll_shift_l                              0x00002185   Thumb Code    38  llshl.o(.text)
    _chval                                   0x000021ab   Thumb Code    28  _chval.o(.text)
    __I$use$semihosting                      0x000021c7   Thumb Code     0  use_no_semi.o(.text)
    __use_no_semihosting_swi                 0x000021c7   Thumb Code     2  use_no_semi.o(.text)
    __semihosting_library_function           0x000021c9   Thumb Code     0  indicate_semi.o(.text)
    _btod_d2e                                0x000021c9   Thumb Code    62  btod.o(CL$$btod_d2e)
    _d2e_denorm_low                          0x00002207   Thumb Code    70  btod.o(CL$$btod_d2e_denorm_low)
    _d2e_norm_op1                            0x0000224d   Thumb Code    96  btod.o(CL$$btod_d2e_norm_op1)
    __btod_div_common                        0x000022ad   Thumb Code   696  btod.o(CL$$btod_div_common)
    _e2d                                     0x000025e5   Thumb Code    80  btod.o(CL$$btod_e2d)
    _e2e                                     0x00002639   Thumb Code   198  btod.o(CL$$btod_e2e)
    _btod_ediv                               0x000026ff   Thumb Code    40  btod.o(CL$$btod_ediv)
    _btod_edivd                              0x00002727   Thumb Code    40  btod.o(CL$$btod_edivd)
    _btod_emul                               0x0000274f   Thumb Code    40  btod.o(CL$$btod_emul)
    _btod_emuld                              0x00002777   Thumb Code    40  btod.o(CL$$btod_emuld)
    __btod_mult_common                       0x0000279f   Thumb Code   580  btod.o(CL$$btod_mult_common)
    __ARM_fpclassify                         0x000029e3   Thumb Code    40  fpclassify.o(i.__ARM_fpclassify)
    __ieee754_rem_pio2                       0x00002a0d   Thumb Code   832  rred.o(i.__ieee754_rem_pio2)
    __kernel_cos                             0x00002d95   Thumb Code   230  cos_i.o(i.__kernel_cos)
    __kernel_poly                            0x00002e91   Thumb Code   170  poly.o(i.__kernel_poly)
    __kernel_sin                             0x00002f3d   Thumb Code   224  sin_i.o(i.__kernel_sin)
    __mathlib_dbl_underflow                  0x00003029   Thumb Code    10  dunder.o(i.__mathlib_dbl_underflow)
    __mathlib_narrow                         0x00003039   Thumb Code    16  narrow.o(i.__mathlib_narrow)
    __mathlib_tofloat                        0x00003049   Thumb Code   132  narrow.o(i.__mathlib_tofloat)
    __support_ldexp                          0x000030d1   Thumb Code    22  ldexp.o(i.__support_ldexp)
    _is_digit                                0x000030e7   Thumb Code    14  __printf_wp.o(i._is_digit)
    atan                                     0x000030f5   Thumb Code   478  atan.o(i.atan)
    atan2                                    0x00003319   Thumb Code   346  atan2.o(i.atan2)
    atof                                     0x00003499   Thumb Code    42  atof.o(i.atof)
    cos                                      0x000034c5   Thumb Code   164  cos.o(i.cos)
    frexp                                    0x00003571   Thumb Code    80  frexp.o(i.frexp)
    ldexp                                    0x000035c9   Thumb Code   126  ldexp.o(i.ldexp)
    pow                                      0x00003649   Thumb Code  2510  pow.o(i.pow)
    sin                                      0x00004029   Thumb Code   166  sin.o(i.sin)
    sqrt                                     0x000040d9   Thumb Code    76  sqrt.o(i.sqrt)
    _get_lc_numeric                          0x00004125   Thumb Code    44  lc_numeric_c.o(locale$$code)
    _get_lc_ctype                            0x00004151   Thumb Code    44  lc_ctype_c.o(locale$$code)
    __aeabi_d2f                              0x0000417d   Thumb Code     0  d2f.o(x$fpl$d2f)
    _d2f                                     0x0000417d   Thumb Code    98  d2f.o(x$fpl$d2f)
    __aeabi_dadd                             0x000041e1   Thumb Code     0  daddsub_clz.o(x$fpl$dadd)
    _dadd                                    0x000041e1   Thumb Code   332  daddsub_clz.o(x$fpl$dadd)
    __fpl_dcheck_NaN1                        0x00004331   Thumb Code    10  dcheck1.o(x$fpl$dcheck1)
    __fpl_dcmp_Inf                           0x00004341   Thumb Code    24  dcmpi.o(x$fpl$dcmpinf)
    __aeabi_ddiv                             0x00004359   Thumb Code     0  ddiv.o(x$fpl$ddiv)
    _ddiv                                    0x00004359   Thumb Code   552  ddiv.o(x$fpl$ddiv)
    __aeabi_cdcmpeq                          0x00004609   Thumb Code     0  deqf.o(x$fpl$deqf)
    _dcmpeq                                  0x00004609   Thumb Code   120  deqf.o(x$fpl$deqf)
    __aeabi_d2iz                             0x00004681   Thumb Code     0  dfix.o(x$fpl$dfix)
    _dfix                                    0x00004681   Thumb Code    94  dfix.o(x$fpl$dfix)
    __aeabi_i2d                              0x000046df   Thumb Code     0  dflt_clz.o(x$fpl$dflt)
    _dflt                                    0x000046df   Thumb Code    46  dflt_clz.o(x$fpl$dflt)
    __aeabi_ui2d                             0x0000470d   Thumb Code     0  dflt_clz.o(x$fpl$dfltu)
    _dfltu                                   0x0000470d   Thumb Code    38  dflt_clz.o(x$fpl$dfltu)
    __aeabi_cdcmple                          0x00004735   Thumb Code     0  dleqf.o(x$fpl$dleqf)
    _dcmple                                  0x00004735   Thumb Code   120  dleqf.o(x$fpl$dleqf)
    __fpl_dcmple_InfNaN                      0x00004797   Thumb Code     0  dleqf.o(x$fpl$dleqf)
    __aeabi_dmul                             0x000047ad   Thumb Code     0  dmul.o(x$fpl$dmul)
    _dmul                                    0x000047ad   Thumb Code   332  dmul.o(x$fpl$dmul)
    __fpl_dnaninf                            0x00004901   Thumb Code   156  dnaninf.o(x$fpl$dnaninf)
    __fpl_dretinf                            0x0000499d   Thumb Code    12  dretinf.o(x$fpl$dretinf)
    __aeabi_cdrcmple                         0x000049a9   Thumb Code     0  drleqf.o(x$fpl$drleqf)
    _drcmple                                 0x000049a9   Thumb Code   108  drleqf.o(x$fpl$drleqf)
    __aeabi_drsub                            0x00004a15   Thumb Code     0  daddsub_clz.o(x$fpl$drsb)
    _drsb                                    0x00004a15   Thumb Code    22  daddsub_clz.o(x$fpl$drsb)
    _dsqrt                                   0x00004a2d   Thumb Code   404  dsqrt_umaal.o(x$fpl$dsqrt)
    __aeabi_dsub                             0x00004bc5   Thumb Code     0  daddsub_clz.o(x$fpl$dsub)
    _dsub                                    0x00004bc5   Thumb Code   464  daddsub_clz.o(x$fpl$dsub)
    __aeabi_f2d                              0x00004d99   Thumb Code     0  f2d.o(x$fpl$f2d)
    _f2d                                     0x00004d99   Thumb Code    86  f2d.o(x$fpl$f2d)
    __aeabi_fadd                             0x00004df1   Thumb Code     0  faddsub_clz.o(x$fpl$fadd)
    _fadd                                    0x00004df1   Thumb Code   196  faddsub_clz.o(x$fpl$fadd)
    __fpl_fcmp_Inf                           0x00004eb5   Thumb Code    24  fcmpi.o(x$fpl$fcmpinf)
    __aeabi_fdiv                             0x00004ecd   Thumb Code     0  fdiv.o(x$fpl$fdiv)
    _fdiv                                    0x00004ecd   Thumb Code   384  fdiv.o(x$fpl$fdiv)
    __aeabi_f2iz                             0x00005051   Thumb Code     0  ffix.o(x$fpl$ffix)
    _ffix                                    0x00005051   Thumb Code    54  ffix.o(x$fpl$ffix)
    __aeabi_i2f                              0x00005089   Thumb Code     0  fflt_clz.o(x$fpl$fflt)
    _fflt                                    0x00005089   Thumb Code    48  fflt_clz.o(x$fpl$fflt)
    __aeabi_cfcmple                          0x000050b9   Thumb Code     0  fleqf.o(x$fpl$fleqf)
    _fcmple                                  0x000050b9   Thumb Code   104  fleqf.o(x$fpl$fleqf)
    __fpl_fcmple_InfNaN                      0x0000510b   Thumb Code     0  fleqf.o(x$fpl$fleqf)
    __aeabi_fmul                             0x00005121   Thumb Code     0  fmul.o(x$fpl$fmul)
    _fmul                                    0x00005121   Thumb Code   258  fmul.o(x$fpl$fmul)
    __fpl_fnaninf                            0x00005223   Thumb Code   140  fnaninf.o(x$fpl$fnaninf)
    __fpl_fretinf                            0x000052af   Thumb Code    10  fretinf.o(x$fpl$fretinf)
    __aeabi_cfrcmple                         0x000052b9   Thumb Code     0  frleqf.o(x$fpl$frleqf)
    _frcmple                                 0x000052b9   Thumb Code    98  frleqf.o(x$fpl$frleqf)
    __aeabi_frsub                            0x0000531b   Thumb Code     0  faddsub_clz.o(x$fpl$frsb)
    _frsb                                    0x0000531b   Thumb Code    20  faddsub_clz.o(x$fpl$frsb)
    __aeabi_fsub                             0x00005331   Thumb Code     0  faddsub_clz.o(x$fpl$fsub)
    _fsub                                    0x00005331   Thumb Code   234  faddsub_clz.o(x$fpl$fsub)
    _printf_fp_dec                           0x0000541b   Thumb Code     4  printf1.o(x$fpl$printf1)
    __fpl_return_NaN                         0x0000541f   Thumb Code   100  retnan.o(x$fpl$retnan)
    __ARM_scalbn                             0x00005483   Thumb Code    92  scalbn.o(x$fpl$scalbn)
    _scanf_real                              0x000054df   Thumb Code     4  scanf1.o(x$fpl$scanf1)
    _scanf_hex_real                          0x000054e3   Thumb Code     4  scanf2.o(x$fpl$scanf2)
    _scanf_infnan                            0x000054e7   Thumb Code     4  scanf2.o(x$fpl$scanf2)
    __fpl_cmpreturn                          0x000054eb   Thumb Code    48  trapv.o(x$fpl$trapveneer)
    __I$use$fp                               0x0000551a   Number         0  usenofp.o(x$fpl$usenofp)
    __mathlib_zero                           0x00005670   Data           8  qnan.o(.constdata)
    Region$$Table$$Base                      0x000057fc   Number         0  anon$$obj.o(Region$$Table)
    Region$$Table$$Limit                     0x0000581c   Number         0  anon$$obj.o(Region$$Table)
    __aeabi_HUGE_VAL                         0x0000581c   Data           0  fpconst.o(c$$dinf)
    __aeabi_HUGE_VALL                        0x0000581c   Data           0  fpconst.o(c$$dinf)
    __aeabi_INFINITY                         0x0000581c   Data           0  fpconst.o(c$$dinf)
    __dInf                                   0x0000581c   Data           0  fpconst.o(c$$dinf)
    __huge_val                               0x0000581c   Data           0  fpconst.o(c$$dinf)
    __ctype                                  0x0000584d   Data           0  lc_ctype_c.o(locale$$data)
    GPS_logname                              0x20000000   Data           8  tessstt.o(.data)
    finalLat                                 0x20000008   Data           4  tessstt.o(.data)
    finalLong                                0x2000000c   Data           4  tessstt.o(.data)
    token                                    0x20000010   Data           4  tessstt.o(.data)
    currentLong                              0x20000014   Data           4  tessstt.o(.data)
    currentLat                               0x20000018   Data           4  tessstt.o(.data)
    speed                                    0x2000001c   Data           4  tessstt.o(.data)
    GPS                                      0x20000024   Data          80  tessstt.o(.bss)
    GPS_formated                             0x20000074   Data         240  tessstt.o(.bss)
    __libspace_start                         0x20000164   Data          96  libspace.o(.bss)
    __temporary_stack_top$libspace           0x200001c4   Data           0  libspace.o(.bss)



==============================================================================

Memory Map of the image

  Image Entry point : 0x0000032d

  Load Region LR_1 (Base: 0x00000000, Size: 0x00005974, Max: 0xffffffff, ABSOLUTE)

    Execution Region ER_RO (Base: 0x00000000, Size: 0x00005950, Max: 0xffffffff, ABSOLUTE)

    Base Addr    Size         Type   Attr      Idx    E Section Name        Object

    0x00000000   0x0000026c   Data   RO            3    RESET               startup_tm4c123.o
    0x0000026c   0x00000008   Code   RO          154  * !!!main             c_w.l(__main.o)
    0x00000274   0x00000034   Code   RO          583    !!!scatter          c_w.l(__scatter.o)
    0x000002a8   0x0000001a   Code   RO          585    !!handler_copy      c_w.l(__scatter_copy.o)
    0x000002c2   0x00000002   PAD
    0x000002c4   0x0000001c   Code   RO          587    !!handler_zi        c_w.l(__scatter_zi.o)
    0x000002e0   0x00000000   Code   RO          144    .ARM.Collect$$_printf_percent$$00000000  c_w.l(_printf_percent.o)
    0x000002e0   0x00000006   Code   RO          143    .ARM.Collect$$_printf_percent$$00000003  c_w.l(_printf_f.o)
    0x000002e6   0x00000004   Code   RO          253    .ARM.Collect$$_printf_percent$$00000017  c_w.l(_printf_percent_end.o)
    0x000002ea   0x00000002   Code   RO          411    .ARM.Collect$$libinit$$00000000  c_w.l(libinit.o)
    0x000002ec   0x00000000   Code   RO          413    .ARM.Collect$$libinit$$00000002  c_w.l(libinit2.o)
    0x000002ec   0x00000000   Code   RO          416    .ARM.Collect$$libinit$$00000008  c_w.l(libinit2.o)
    0x000002ec   0x00000000   Code   RO          418    .ARM.Collect$$libinit$$0000000A  c_w.l(libinit2.o)
    0x000002ec   0x00000000   Code   RO          420    .ARM.Collect$$libinit$$0000000C  c_w.l(libinit2.o)
    0x000002ec   0x00000006   Code   RO          421    .ARM.Collect$$libinit$$0000000D  c_w.l(libinit2.o)
    0x000002f2   0x00000000   Code   RO          423    .ARM.Collect$$libinit$$0000000F  c_w.l(libinit2.o)
    0x000002f2   0x0000000c   Code   RO          424    .ARM.Collect$$libinit$$00000010  c_w.l(libinit2.o)
    0x000002fe   0x00000000   Code   RO          425    .ARM.Collect$$libinit$$00000011  c_w.l(libinit2.o)
    0x000002fe   0x00000000   Code   RO          427    .ARM.Collect$$libinit$$00000013  c_w.l(libinit2.o)
    0x000002fe   0x0000000a   Code   RO          428    .ARM.Collect$$libinit$$00000014  c_w.l(libinit2.o)
    0x00000308   0x00000000   Code   RO          429    .ARM.Collect$$libinit$$00000015  c_w.l(libinit2.o)
    0x00000308   0x00000000   Code   RO          431    .ARM.Collect$$libinit$$00000017  c_w.l(libinit2.o)
    0x00000308   0x00000000   Code   RO          433    .ARM.Collect$$libinit$$00000019  c_w.l(libinit2.o)
    0x00000308   0x00000000   Code   RO          435    .ARM.Collect$$libinit$$0000001B  c_w.l(libinit2.o)
    0x00000308   0x00000000   Code   RO          437    .ARM.Collect$$libinit$$0000001D  c_w.l(libinit2.o)
    0x00000308   0x00000000   Code   RO          439    .ARM.Collect$$libinit$$0000001F  c_w.l(libinit2.o)
    0x00000308   0x00000000   Code   RO          441    .ARM.Collect$$libinit$$00000021  c_w.l(libinit2.o)
    0x00000308   0x00000000   Code   RO          443    .ARM.Collect$$libinit$$00000023  c_w.l(libinit2.o)
    0x00000308   0x00000000   Code   RO          447    .ARM.Collect$$libinit$$0000002A  c_w.l(libinit2.o)
    0x00000308   0x00000000   Code   RO          449    .ARM.Collect$$libinit$$0000002C  c_w.l(libinit2.o)
    0x00000308   0x00000000   Code   RO          451    .ARM.Collect$$libinit$$0000002E  c_w.l(libinit2.o)
    0x00000308   0x00000000   Code   RO          453    .ARM.Collect$$libinit$$00000030  c_w.l(libinit2.o)
    0x00000308   0x00000002   Code   RO          454    .ARM.Collect$$libinit$$00000031  c_w.l(libinit2.o)
    0x0000030a   0x00000002   Code   RO          520    .ARM.Collect$$libshutdown$$00000000  c_w.l(libshutdown.o)
    0x0000030c   0x00000000   Code   RO          544    .ARM.Collect$$libshutdown$$00000003  c_w.l(libshutdown2.o)
    0x0000030c   0x00000000   Code   RO          547    .ARM.Collect$$libshutdown$$00000006  c_w.l(libshutdown2.o)
    0x0000030c   0x00000000   Code   RO          550    .ARM.Collect$$libshutdown$$00000009  c_w.l(libshutdown2.o)
    0x0000030c   0x00000000   Code   RO          552    .ARM.Collect$$libshutdown$$0000000B  c_w.l(libshutdown2.o)
    0x0000030c   0x00000000   Code   RO          555    .ARM.Collect$$libshutdown$$0000000E  c_w.l(libshutdown2.o)
    0x0000030c   0x00000002   Code   RO          556    .ARM.Collect$$libshutdown$$0000000F  c_w.l(libshutdown2.o)
    0x0000030e   0x00000000   Code   RO          244    .ARM.Collect$$rtentry$$00000000  c_w.l(rtentry.o)
    0x0000030e   0x00000000   Code   RO          317    .ARM.Collect$$rtentry$$00000002  c_w.l(rtentry2.o)
    0x0000030e   0x00000006   Code   RO          329    .ARM.Collect$$rtentry$$00000004  c_w.l(rtentry4.o)
    0x00000314   0x00000000   Code   RO          319    .ARM.Collect$$rtentry$$00000009  c_w.l(rtentry2.o)
    0x00000314   0x00000004   Code   RO          320    .ARM.Collect$$rtentry$$0000000A  c_w.l(rtentry2.o)
    0x00000318   0x00000000   Code   RO          322    .ARM.Collect$$rtentry$$0000000C  c_w.l(rtentry2.o)
    0x00000318   0x00000008   Code   RO          323    .ARM.Collect$$rtentry$$0000000D  c_w.l(rtentry2.o)
    0x00000320   0x00000002   Code   RO          457    .ARM.Collect$$rtexit$$00000000  c_w.l(rtexit.o)
    0x00000322   0x00000000   Code   RO          484    .ARM.Collect$$rtexit$$00000002  c_w.l(rtexit2.o)
    0x00000322   0x00000004   Code   RO          485    .ARM.Collect$$rtexit$$00000003  c_w.l(rtexit2.o)
    0x00000326   0x00000006   Code   RO          486    .ARM.Collect$$rtexit$$00000004  c_w.l(rtexit2.o)
    0x0000032c   0x00000124   Code   RO            4  * .text               startup_tm4c123.o
    0x00000450   0x000006e8   Code   RO           14    .text               tessstt.o
    0x00000b38   0x0000028c   Code   RO           69    .text               lcd.o
    0x00000dc4   0x0000007a   Code   RO           88    .text               systick.o
    0x00000e3e   0x00000002   PAD
    0x00000e40   0x00000088   Code   RO          100    .text               gpio.o
    0x00000ec8   0x00000028   Code   RO          119    .text               c_w.l(noretval__2sprintf.o)
    0x00000ef0   0x00000068   Code   RO          121    .text               c_w.l(__printf.o)
    0x00000f58   0x0000000c   Code   RO          145    .text               c_w.l(strtok.o)
    0x00000f64   0x00000048   Code   RO          148    .text               c_w.l(strcpy.o)
    0x00000fac   0x00000080   Code   RO          150    .text               c_w.l(strcmpv7m.o)
    0x0000102c   0x00000006   Code   RO          152    .text               c_w.l(heapauxi.o)
    0x00001032   0x00000016   Code   RO          245    .text               c_w.l(_rserrno.o)
    0x00001048   0x00000420   Code   RO          247    .text               c_w.l(_printf_fp_dec.o)
    0x00001468   0x00000030   Code   RO          249    .text               c_w.l(_printf_char_common.o)
    0x00001498   0x0000000a   Code   RO          251    .text               c_w.l(_sputc.o)
    0x000014a2   0x00000002   PAD
    0x000014a4   0x000000a0   Code   RO          254    .text               c_w.l(strtod.o)
    0x00001544   0x00000044   Code   RO          256    .text               c_w.l(strtok_int.o)
    0x00001588   0x00000008   Code   RO          334    .text               c_w.l(rt_locale_intlibspace.o)
    0x00001590   0x00000008   Code   RO          339    .text               c_w.l(rt_errno_addr_intlibspace.o)
    0x00001598   0x0000008a   Code   RO          341    .text               c_w.l(lludiv10.o)
    0x00001622   0x00000012   Code   RO          343    .text               c_w.l(isspace.o)
    0x00001634   0x00000080   Code   RO          345    .text               c_w.l(_printf_fp_infnan.o)
    0x000016b4   0x00000040   Code   RO          349    .text               c_w.l(_sgetc.o)
    0x000016f4   0x000000e4   Code   RO          351    .text               c_w.l(bigflt0.o)
    0x000017d8   0x00000020   Code   RO          379    .text               c_w.l(strcspn.o)
    0x000017f8   0x0000001c   Code   RO          381    .text               c_w.l(strspn.o)
    0x00001814   0x00000008   Code   RO          395    .text               c_w.l(libspace.o)
    0x0000181c   0x0000004a   Code   RO          398    .text               c_w.l(sys_stackheap_outer.o)
    0x00001866   0x00000002   PAD
    0x00001868   0x00000010   Code   RO          400    .text               c_w.l(rt_ctype_table.o)
    0x00001878   0x000004a4   Code   RO          402    .text               c_w.l(scanf_fp.o)
    0x00001d1c   0x0000000c   Code   RO          404    .text               c_w.l(exit.o)
    0x00001d28   0x00000314   Code   RO          490    .text               c_w.l(scanf_hexfp.o)
    0x0000203c   0x0000013c   Code   RO          492    .text               c_w.l(scanf_infnan.o)
    0x00002178   0x0000000c   Code   RO          506    .text               c_w.l(sys_exit.o)
    0x00002184   0x00000026   Code   RO          510    .text               c_w.l(llshl.o)
    0x000021aa   0x0000001c   Code   RO          512    .text               c_w.l(_chval.o)
    0x000021c6   0x00000002   Code   RO          533    .text               c_w.l(use_no_semi.o)
    0x000021c8   0x00000000   Code   RO          535    .text               c_w.l(indicate_semi.o)
    0x000021c8   0x0000003e   Code   RO          354    CL$$btod_d2e        c_w.l(btod.o)
    0x00002206   0x00000046   Code   RO          356    CL$$btod_d2e_denorm_low  c_w.l(btod.o)
    0x0000224c   0x00000060   Code   RO          355    CL$$btod_d2e_norm_op1  c_w.l(btod.o)
    0x000022ac   0x00000338   Code   RO          364    CL$$btod_div_common  c_w.l(btod.o)
    0x000025e4   0x00000054   Code   RO          362    CL$$btod_e2d        c_w.l(btod.o)
    0x00002638   0x000000c6   Code   RO          361    CL$$btod_e2e        c_w.l(btod.o)
    0x000026fe   0x00000028   Code   RO          358    CL$$btod_ediv       c_w.l(btod.o)
    0x00002726   0x00000028   Code   RO          360    CL$$btod_edivd      c_w.l(btod.o)
    0x0000274e   0x00000028   Code   RO          357    CL$$btod_emul       c_w.l(btod.o)
    0x00002776   0x00000028   Code   RO          359    CL$$btod_emuld      c_w.l(btod.o)
    0x0000279e   0x00000244   Code   RO          363    CL$$btod_mult_common  c_w.l(btod.o)
    0x000029e2   0x00000028   Code   RO          300    i.__ARM_fpclassify  m_ws.l(fpclassify.o)
    0x00002a0a   0x00000002   PAD
    0x00002a0c   0x00000388   Code   RO          305    i.__ieee754_rem_pio2  m_ws.l(rred.o)
    0x00002d94   0x000000fc   Code   RO          295    i.__kernel_cos      m_ws.l(cos_i.o)
    0x00002e90   0x000000aa   Code   RO          302    i.__kernel_poly     m_ws.l(poly.o)
    0x00002f3a   0x00000002   PAD
    0x00002f3c   0x000000ec   Code   RO          310    i.__kernel_sin      m_ws.l(sin_i.o)
    0x00003028   0x00000010   Code   RO          298    i.__mathlib_dbl_underflow  m_ws.l(dunder.o)
    0x00003038   0x00000010   Code   RO          477    i.__mathlib_narrow  m_ws.l(narrow.o)
    0x00003048   0x00000088   Code   RO          478    i.__mathlib_tofloat  m_ws.l(narrow.o)
    0x000030d0   0x00000016   Code   RO          522    i.__support_ldexp   m_ws.l(ldexp.o)
    0x000030e6   0x0000000e   Code   RO          133    i._is_digit         c_w.l(__printf_wp.o)
    0x000030f4   0x00000224   Code   RO          286    i.atan              m_ws.l(atan.o)
    0x00003318   0x00000180   Code   RO          199    i.atan2             m_ws.l(atan2.o)
    0x00003498   0x0000002a   Code   RO          207    i.atof              m_ws.l(atof.o)
    0x000034c2   0x00000002   PAD
    0x000034c4   0x000000ac   Code   RO          211    i.cos               m_ws.l(cos.o)
    0x00003570   0x00000058   Code   RO          501    i.frexp             m_ws.l(frexp.o)
    0x000035c8   0x0000007e   Code   RO          523    i.ldexp             m_ws.l(ldexp.o)
    0x00003646   0x00000002   PAD
    0x00003648   0x000009e0   Code   RO          219    i.pow               m_ws.l(pow.o)
    0x00004028   0x000000b0   Code   RO          229    i.sin               m_ws.l(sin.o)
    0x000040d8   0x0000004c   Code   RO          237    i.sqrt              m_ws.l(sqrt.o)
    0x00004124   0x0000002c   Code   RO          377    locale$$code        c_w.l(lc_numeric_c.o)
    0x00004150   0x0000002c   Code   RO          460    locale$$code        c_w.l(lc_ctype_c.o)
    0x0000417c   0x00000062   Code   RO          156    x$fpl$d2f           fz_ws.l(d2f.o)
    0x000041de   0x00000002   PAD
    0x000041e0   0x00000150   Code   RO          158    x$fpl$dadd          fz_ws.l(daddsub_clz.o)
    0x00004330   0x00000010   Code   RO          383    x$fpl$dcheck1       fz_ws.l(dcheck1.o)
    0x00004340   0x00000018   Code   RO          385    x$fpl$dcmpinf       fz_ws.l(dcmpi.o)
    0x00004358   0x000002b0   Code   RO          259    x$fpl$ddiv          fz_ws.l(ddiv.o)
    0x00004608   0x00000078   Code   RO          498    x$fpl$deqf          fz_ws.l(deqf.o)
    0x00004680   0x0000005e   Code   RO          387    x$fpl$dfix          fz_ws.l(dfix.o)
    0x000046de   0x0000002e   Code   RO          263    x$fpl$dflt          fz_ws.l(dflt_clz.o)
    0x0000470c   0x00000026   Code   RO          262    x$fpl$dfltu         fz_ws.l(dflt_clz.o)
    0x00004732   0x00000002   PAD
    0x00004734   0x00000078   Code   RO          268    x$fpl$dleqf         fz_ws.l(dleqf.o)
    0x000047ac   0x00000154   Code   RO          164    x$fpl$dmul          fz_ws.l(dmul.o)
    0x00004900   0x0000009c   Code   RO          270    x$fpl$dnaninf       fz_ws.l(dnaninf.o)
    0x0000499c   0x0000000c   Code   RO          272    x$fpl$dretinf       fz_ws.l(dretinf.o)
    0x000049a8   0x0000006c   Code   RO          166    x$fpl$drleqf        fz_ws.l(drleqf.o)
    0x00004a14   0x00000016   Code   RO          159    x$fpl$drsb          fz_ws.l(daddsub_clz.o)
    0x00004a2a   0x00000002   PAD
    0x00004a2c   0x00000198   Code   RO          274    x$fpl$dsqrt         fz_ws.l(dsqrt_umaal.o)
    0x00004bc4   0x000001d4   Code   RO          160    x$fpl$dsub          fz_ws.l(daddsub_clz.o)
    0x00004d98   0x00000056   Code   RO          168    x$fpl$f2d           fz_ws.l(f2d.o)
    0x00004dee   0x00000002   PAD
    0x00004df0   0x000000c4   Code   RO          170    x$fpl$fadd          fz_ws.l(faddsub_clz.o)
    0x00004eb4   0x00000018   Code   RO          276    x$fpl$fcmpinf       fz_ws.l(fcmpi.o)
    0x00004ecc   0x00000184   Code   RO          177    x$fpl$fdiv          fz_ws.l(fdiv.o)
    0x00005050   0x00000036   Code   RO          180    x$fpl$ffix          fz_ws.l(ffix.o)
    0x00005086   0x00000002   PAD
    0x00005088   0x00000030   Code   RO          185    x$fpl$fflt          fz_ws.l(fflt_clz.o)
    0x000050b8   0x00000068   Code   RO          190    x$fpl$fleqf         fz_ws.l(fleqf.o)
    0x00005120   0x00000102   Code   RO          192    x$fpl$fmul          fz_ws.l(fmul.o)
    0x00005222   0x0000008c   Code   RO          278    x$fpl$fnaninf       fz_ws.l(fnaninf.o)
    0x000052ae   0x0000000a   Code   RO          280    x$fpl$fretinf       fz_ws.l(fretinf.o)
    0x000052b8   0x00000062   Code   RO          194    x$fpl$frleqf        fz_ws.l(frleqf.o)
    0x0000531a   0x00000014   Code   RO          171    x$fpl$frsb          fz_ws.l(faddsub_clz.o)
    0x0000532e   0x00000002   PAD
    0x00005330   0x000000ea   Code   RO          172    x$fpl$fsub          fz_ws.l(faddsub_clz.o)
    0x0000541a   0x00000004   Code   RO          196    x$fpl$printf1       fz_ws.l(printf1.o)
    0x0000541e   0x00000064   Code   RO          455    x$fpl$retnan        fz_ws.l(retnan.o)
    0x00005482   0x0000005c   Code   RO          282    x$fpl$scalbn        fz_ws.l(scalbn.o)
    0x000054de   0x00000004   Code   RO          393    x$fpl$scanf1        fz_ws.l(scanf1.o)
    0x000054e2   0x00000008   Code   RO          469    x$fpl$scanf2        fz_ws.l(scanf2.o)
    0x000054ea   0x00000030   Code   RO          475    x$fpl$trapveneer    fz_ws.l(trapv.o)
    0x0000551a   0x00000000   Code   RO          284    x$fpl$usenofp       fz_ws.l(usenofp.o)
    0x0000551a   0x00000006   PAD
    0x00005520   0x00000088   Data   RO          220    .constdata          m_ws.l(pow.o)
    0x000055a8   0x00000098   Data   RO          287    .constdata          m_ws.l(atan.o)
    0x00005640   0x00000030   Data   RO          296    .constdata          m_ws.l(cos_i.o)
    0x00005670   0x00000008   Data   RO          304    .constdata          m_ws.l(qnan.o)
    0x00005678   0x000000c8   Data   RO          307    .constdata          m_ws.l(rred.o)
    0x00005740   0x00000028   Data   RO          311    .constdata          m_ws.l(sin_i.o)
    0x00005768   0x00000094   Data   RO          352    .constdata          c_w.l(bigflt0.o)
    0x000057fc   0x00000020   Data   RO          581    Region$$Table       anon$$obj.o
    0x0000581c   0x00000008   Data   RO          464    c$$dinf             fz_ws.l(fpconst.o)
    0x00005824   0x0000001c   Data   RO          376    locale$$data        c_w.l(lc_numeric_c.o)
    0x00005840   0x00000110   Data   RO          459    locale$$data        c_w.l(lc_ctype_c.o)


    Execution Region ER_RW (Base: 0x20000000, Size: 0x00000024, Max: 0xffffffff, ABSOLUTE)

    Base Addr    Size         Type   Attr      Idx    E Section Name        Object

    0x20000000   0x00000020   Data   RW           17    .data               tessstt.o
    0x20000020   0x00000004   Data   RW          146    .data               c_w.l(strtok.o)


    Execution Region ER_ZI (Base: 0x20000024, Size: 0x000003a4, Max: 0xffffffff, ABSOLUTE)

    Base Addr    Size         Type   Attr      Idx    E Section Name        Object

    0x20000024   0x00000140   Zero   RW           15    .bss                tessstt.o
    0x20000164   0x00000060   Zero   RW          396    .bss                c_w.l(libspace.o)
    0x200001c4   0x00000004   PAD
    0x200001c8   0x00000000   Zero   RW            2    HEAP                startup_tm4c123.o
    0x200001c8   0x00000200   Zero   RW            1    STACK               startup_tm4c123.o


==============================================================================

Image component sizes


      Code (inc. data)   RO Data    RW Data    ZI Data      Debug   Object Name

       136         28          0          0          0        640   gpio.o
         0          0          0          0          0       1444   lab4.o
       652         26          0          0          0       1433   lcd.o
       292         24        620          0        512       5344   startup_tm4c123.o
       122          0          0          0          0        994   systick.o
      1768        168          0         32        320       7429   tessstt.o

    ----------------------------------------------------------------------
      2972        246        652         32        832      17284   Object Totals
         0          0         32          0          0          0   (incl. Generated)
         2          0          0          0          0          0   (incl. Padding)

    ----------------------------------------------------------------------

      Code (inc. data)   RO Data    RW Data    ZI Data      Debug   Library Member Name

         8          0          0          0          0         68   __main.o
       104          0          0          0          0         84   __printf.o
        14          0          0          0          0         68   __printf_wp.o
        52          8          0          0          0          0   __scatter.o
        26          0          0          0          0          0   __scatter_copy.o
        28          0          0          0          0          0   __scatter_zi.o
        28          0          0          0          0         68   _chval.o
        48          6          0          0          0         96   _printf_char_common.o
         6          0          0          0          0          0   _printf_f.o
      1056          0          0          0          0        216   _printf_fp_dec.o
       128         16          0          0          0         84   _printf_fp_infnan.o
         0          0          0          0          0          0   _printf_percent.o
         4          0          0          0          0          0   _printf_percent_end.o
        22          0          0          0          0        100   _rserrno.o
        64          0          0          0          0         84   _sgetc.o
        10          0          0          0          0         68   _sputc.o
       228          6        148          0          0         96   bigflt0.o
      2074        132          0          0          0        940   btod.o
        12          0          0          0          0         72   exit.o
         6          0          0          0          0        152   heapauxi.o
         0          0          0          0          0          0   indicate_semi.o
        18          0          0          0          0         76   isspace.o
        44         10        272          0          0         76   lc_ctype_c.o
        44         10         28          0          0         76   lc_numeric_c.o
         2          0          0          0          0          0   libinit.o
        30          0          0          0          0          0   libinit2.o
         2          0          0          0          0          0   libshutdown.o
         2          0          0          0          0          0   libshutdown2.o
         8          4          0          0         96         68   libspace.o
        38          0          0          0          0         68   llshl.o
       138          0          0          0          0         80   lludiv10.o
        40          6          0          0          0         84   noretval__2sprintf.o
        16          4          0          0          0         76   rt_ctype_table.o
         8          4          0          0          0         68   rt_errno_addr_intlibspace.o
         8          4          0          0          0         68   rt_locale_intlibspace.o
         0          0          0          0          0          0   rtentry.o
        12          0          0          0          0          0   rtentry2.o
         6          0          0          0          0          0   rtentry4.o
         2          0          0          0          0          0   rtexit.o
        10          0          0          0          0          0   rtexit2.o
      1188         12          0          0          0        148   scanf_fp.o
       788         12          0          0          0        100   scanf_hexfp.o
       316         18          0          0          0        100   scanf_infnan.o
       128          0          0          0          0         68   strcmpv7m.o
        72          0          0          0          0         80   strcpy.o
        32          0          0          0          0         80   strcspn.o
        28          0          0          0          0         80   strspn.o
       160         12          0          0          0        120   strtod.o
        12          6          0          4          0         68   strtok.o
        68          4          0          0          0         84   strtok_int.o
        12          4          0          0          0         68   sys_exit.o
        74          0          0          0          0         80   sys_stackheap_outer.o
         2          0          0          0          0         68   use_no_semi.o
        98          4          0          0          0         92   d2f.o
       826         16          0          0          0        348   daddsub_clz.o
        16          4          0          0          0         68   dcheck1.o
        24          0          0          0          0         68   dcmpi.o
       688        140          0          0          0        208   ddiv.o
       120          4          0          0          0         92   deqf.o
        94          4          0          0          0         92   dfix.o
        84          0          0          0          0        136   dflt_clz.o
       120          4          0          0          0         92   dleqf.o
       340         12          0          0          0        104   dmul.o
       156          4          0          0          0         92   dnaninf.o
        12          0          0          0          0         68   dretinf.o
       108          0          0          0          0         80   drleqf.o
       408         56          0          0          0        120   dsqrt_umaal.o
        86          4          0          0          0         84   f2d.o
       450          8          0          0          0        236   faddsub_clz.o
        24          0          0          0          0         68   fcmpi.o
       388         76          0          0          0         96   fdiv.o
        54          4          0          0          0         84   ffix.o
        48          0          0          0          0         68   fflt_clz.o
       104          4          0          0          0         84   fleqf.o
       258          4          0          0          0         84   fmul.o
       140          4          0          0          0         84   fnaninf.o
         0          0          8          0          0          0   fpconst.o
        10          0          0          0          0         68   fretinf.o
        98          0          0          0          0         68   frleqf.o
         4          0          0          0          0         68   printf1.o
       100          0          0          0          0         68   retnan.o
        92          0          0          0          0         68   scalbn.o
         4          0          0          0          0         68   scanf1.o
         8          0          0          0          0         84   scanf2.o
        48          0          0          0          0         68   trapv.o
         0          0          0          0          0          0   usenofp.o
       548         70        152          0          0        124   atan.o
       384         38          0          0          0        144   atan2.o
        42          0          0          0          0         84   atof.o
       172          8          0          0          0        112   cos.o
       252         22         48          0          0        124   cos_i.o
        16          6          0          0          0         68   dunder.o
        40          0          0          0          0         68   fpclassify.o
        88          8          0          0          0         76   frexp.o
       148          0          0          0          0        160   ldexp.o
       152          4          0          0          0        160   narrow.o
       170          0          0          0          0         96   poly.o
      2528        190        136          0          0        332   pow.o
         0          0          8          0          0          0   qnan.o
       904         72        200          0          0        140   rred.o
       176         10          0          0          0        116   sin.o
       236         12         40          0          0        128   sin_i.o
        76          0          0          0          0         84   sqrt.o

    ----------------------------------------------------------------------
     18200       1070       1040          4        100       9204   Library Totals
        32          0          0          0          4          0   (incl. Padding)

    ----------------------------------------------------------------------

      Code (inc. data)   RO Data    RW Data    ZI Data      Debug   Library Name

      7226        278        448          4         96       4080   c_w.l
      5010        352          8          0          0       3108   fz_ws.l
      5932        440        584          0          0       2016   m_ws.l

    ----------------------------------------------------------------------
     18200       1070       1040          4        100       9204   Library Totals

    ----------------------------------------------------------------------

==============================================================================


      Code (inc. data)   RO Data    RW Data    ZI Data      Debug   

     21172       1316       1692         36        932      20924   Grand Totals
     21172       1316       1692         36        932      20924   ELF Image Totals
     21172       1316       1692         36          0          0   ROM Totals

==============================================================================

    Total RO  Size (Code + RO Data)                22864 (  22.33kB)
    Total RW  Size (RW Data + ZI Data)               968 (   0.95kB)
    Total ROM Size (Code + RO Data + RW Data)      22900 (  22.36kB)

==============================================================================

