<html>
<body>
<pre>
<h1>µVision Build Log</h1>
<h2>Project:</h2>
E:\koleya\Second Semester\Embedded\labs\lab4\lab4.uvproj
Project File Date:  05/10/2023

<h2>Output:</h2>
Rebuild target 'Target 1'
assembling startup_TM4C123.s...
compiling lab4.c...
..\lab4.c(134): warning:  #1-D: last line of file ends without a newline
  //}
..\lab4.c: 1 warning, 0 errors
compiling tessstt.c...
bit_utilies.h(13): warning:  #1-D: last line of file ends without a newline
  #endif
GPIO.h(14): warning:  #1295-D: Deprecated declaration GPIO_initPORTA - give arg types
  void GPIO_initPORTA();
GPIO.h(15): warning:  #1295-D: Deprecated declaration GPIO_initPORTF - give arg types
  void GPIO_initPORTF();
tessstt.c(125): warning:  #167-D: argument of type "volatile char *" is incompatible with parameter of type "char *restrict"
        token = strtok(GPS , ",");
tessstt.c(363): warning:  #1-D: last line of file ends without a newline
  }
tessstt.c: 5 warnings, 0 errors
compiling basmaga.c...
compiling LCD.c...
compiling systick.c...
compiling GPIO.c...
bit_utilies.h(13): warning:  #1-D: last line of file ends without a newline
  #endif
GPIO.h(14): warning:  #1295-D: Deprecated declaration GPIO_initPORTA - give arg types
  void GPIO_initPORTA();
GPIO.h(15): warning:  #1295-D: Deprecated declaration GPIO_initPORTF - give arg types
  void GPIO_initPORTF();
GPIO.c: 3 warnings, 0 errors
compiling lcddd.c...
linking...
Program Size: Code=21172 RO-data=1692 RW-data=36 ZI-data=932  
".\lab4.axf" - 0 Error(s), 9 Warning(s).
</pre>
</body>
</html>
