<html>
<body>
<pre>
<h1>µVision Build Log</h1>
<h2>Project:</h2>
E:\koleya\Second Semester\Embedded\labs\lab 4\lab4.uvproj
Project File Date:  05/08/2023

<h2>Output:</h2>
Rebuild target 'Target 1'
assembling startup_TM4C123.s...
compiling lab4.c...
..\lab4.c(134): warning:  #1-D: last line of file ends without a newline
  //}
..\lab4.c: 1 warning, 0 errors
compiling tessstt.c...
bit_utilies.h(13): warning:  #1-D: last line of file ends without a newline
  #endif
GPIO.h(14): warning:  #1295-D: Deprecated declaration GPIO_initPORTA - give arg types
  void GPIO_initPORTA();
GPIO.h(15): warning:  #1295-D: Deprecated declaration GPIO_initPORTF - give arg types
  void GPIO_initPORTF();
tessstt.c(125): warning:  #167-D: argument of type "volatile char *" is incompatible with parameter of type "char *restrict"
        token = strtok(GPS , ",");
tessstt.c(359): warning:  #1-D: last line of file ends without a newline
  }
tessstt.c: 5 warnings, 0 errors
compiling basmaga.c...
compiling LCD.c...
compiling systick.c...
compiling GPIO.c...
bit_utilies.h(13): warning:  #1-D: last line of file ends without a newline
  #endif
GPIO.h(14): warning:  #1295-D: Deprecated declaration GPIO_initPORTA - give arg types
  void GPIO_initPORTA();
GPIO.h(15): warning:  #1295-D: Deprecated declaration GPIO_initPORTF - give arg types
  void GPIO_initPORTF();
GPIO.c: 3 warnings, 0 errors
linking...
Program Size: Code=21132 RO-data=1692 RW-data=36 ZI-data=932  
".\lab4.axf" - 0 Error(s), 9 Warning(s).
Load "E:\\koleya\\Second Semester\\Embedded\\labs\\lab 4\\lab4.axf" 
Connecting: Mode=JTAG, Speed=1000000Hz
Erase Done.
Programming Done.
Verify OK.
</pre>
</body>
</html>
aration GPIO_initPORTF - give arg types
  void GPIO_initPORTF();
GPIO.c: 3 warnings, 0 errors
linking...
Program Size: Code=20700 RO-data=1692 RW-data=36 ZI-data=932  
".\lab4.axf" - 0 Error(s), 12 Warning(s).
Load "E:\\koleya\\Second Semester\\Embedded\\labs\\lab 4\\lab4.axf" 
Connecting: Mode=JTAG, Speed=1000000Hz
Erase Done.
Programming Done.
Verify OK.

ata=36 ZI-data=932  
".\lab4.axf" - 0 Error(s), 13 Warning(s).
Load "E:\\koleya\\Second Semester\\Embedded\\labs\\lab 4\\lab4.axf" 
Connecting: Mode=JTAG, Speed=1000000Hz
Erase Done.
Programming Done.
Verify OK.
void GPIO_initPORTF();
GPIO.c: 3 warnings, 0 errors
linking...
.\lab4.axf: Error: L6218E: Undefined symbol CLR (referred from tessstt.o).
.\lab4.axf: Error: L6218E: Undefined symbol CLR_BIT (referred from tessstt.o).
.\lab4.axf: Error: L6218E: Undefined symbol SET (referred from tessstt.o).
.\lab4.axf: Error: L6218E: Undefined symbol SET_BIT (referred from tessstt.o).
.\lab4.axf: Error: L6218E: Undefined symbol SET_BITS (referred from tessstt.o).
Not enough information to list image symbols.
Finished: 1 information, 0 warning and 5 error messages.
".\lab4.axf" - 5 Error(s), 16 Warning(s).
Target not created
        SysTick_Wait1ms(300);//delay 3 sec for gps to recieve new data
tessstt.c(344): error:  #169: expected a declaration
        }
tessstt.c(346): warning:  #1-D: last line of file ends without a newline
  }
tessstt.c(346): warning: At end of source:  #12-D: parsing restarts here after previous syntax error
tessstt.c: 17 warnings, 6 errors
compiling basmaga.c...
compiling LCD.c...
compiling systick.c...
compiling GPIO.c...
bit_utilies.h(13): warning:  #1-D: last line of file ends without a newline
  #endif
GPIO.h(12): warning:  #1295-D: Deprecated declaration GPIO_initPORTA - give arg types
  void GPIO_initPORTA();
GPIO.h(13): warning:  #1295-D: Deprecated declaration GPIO_initPORTF - give arg types
  void GPIO_initPORTF();
GPIO.c: 3 warnings, 0 errors
".\lab4.axf" - 6 Error(s), 21 Warning(s).
Target not created
d
